../X-CUBE-AI/App/aiPbIO.c:126:13:write_callback	24	static
../X-CUBE-AI/App/aiPbIO.c:159:13:read_packet	8	static
../X-CUBE-AI/App/aiPbIO.c:177:13:read_callback	32	static
../X-CUBE-AI/App/aiPbIO.c:90:10:pb_io_get_packet_size	0	static
../X-CUBE-AI/App/aiPbIO.c:97:6:pb_io_set_packet_size	0	static
../X-CUBE-AI/App/aiPbIO.c:102:6:pb_io_reset_packet_size	0	static
../X-CUBE-AI/App/aiPbIO.c:117:6:pb_io_flush_ostream	8	static
../X-CUBE-AI/App/aiPbIO.c:171:6:pb_io_flush_istream	0	static
../X-CUBE-AI/App/aiPbIO.c:211:14:pb_io_ostream	0	static
../X-CUBE-AI/App/aiPbIO.c:221:14:pb_io_istream	0	static
../X-CUBE-AI/App/aiPbIO.c:231:5:pb_io_stream_init	8	static
