Archive member included to satisfy reference by file (symbol)

/home/docker/STM32Cube/Repository/Packs/STMicroelectronics/X-CUBE-AI/3.0.0/Middlewares/ST/AI/Lib/GCC/ARMCortexM4/NetworkRuntime1100_CM4_GCC.a(layers_pool_stm32_integer.o)
                              network.o (pool_func_ap_array_integer_INT8)
/home/docker/STM32Cube/Repository/Packs/STMicroelectronics/X-CUBE-AI/3.0.0/Middlewares/ST/AI/Lib/GCC/ARMCortexM4/NetworkRuntime1100_CM4_GCC.a(layers_pw_sssa8_ch.o)
                              network.o (forward_pw_sssa8_ch_nl_pool)
/home/docker/STM32Cube/Repository/Packs/STMicroelectronics/X-CUBE-AI/3.0.0/Middlewares/ST/AI/Lib/GCC/ARMCortexM4/NetworkRuntime1100_CM4_GCC.a(forward_lite_convert.o)
                              network.o (forward_lite_node_convert_integer_is8of32)
/home/docker/STM32Cube/Repository/Packs/STMicroelectronics/X-CUBE-AI/3.0.0/Middlewares/ST/AI/Lib/GCC/ARMCortexM4/NetworkRuntime1100_CM4_GCC.a(forward_lite_maxpool_is8os8_scalepos.o)
                              /home/docker/STM32Cube/Repository/Packs/STMicroelectronics/X-CUBE-AI/3.0.0/Middlewares/ST/AI/Lib/GCC/ARMCortexM4/NetworkRuntime1100_CM4_GCC.a(layers_pool_stm32_integer.o) (forward_lite_maxpool_is8os8_scalepos)
/home/docker/STM32Cube/Repository/Packs/STMicroelectronics/X-CUBE-AI/3.0.0/Middlewares/ST/AI/Lib/GCC/ARMCortexM4/NetworkRuntime1100_CM4_GCC.a(forward_lite_avepool_is8os8.o)
                              /home/docker/STM32Cube/Repository/Packs/STMicroelectronics/X-CUBE-AI/3.0.0/Middlewares/ST/AI/Lib/GCC/ARMCortexM4/NetworkRuntime1100_CM4_GCC.a(layers_pool_stm32_integer.o) (forward_lite_avepool_is8os8)
/home/docker/STM32Cube/Repository/Packs/STMicroelectronics/X-CUBE-AI/3.0.0/Middlewares/ST/AI/Lib/GCC/ARMCortexM4/NetworkRuntime1100_CM4_GCC.a(forward_lite_dw_sssa8_ch.o)
                              network.o (forward_lite_dw_sssa8_ch)
/home/docker/STM32Cube/Repository/Packs/STMicroelectronics/X-CUBE-AI/3.0.0/Middlewares/ST/AI/Lib/GCC/ARMCortexM4/NetworkRuntime1100_CM4_GCC.a(forward_lite_pw_sssa8_ch.o)
                              network.o (forward_lite_pw_sssa8_ch)
/home/docker/STM32Cube/Repository/Packs/STMicroelectronics/X-CUBE-AI/3.0.0/Middlewares/ST/AI/Lib/GCC/ARMCortexM4/NetworkRuntime1100_CM4_GCC.a(forward_lite_conv2d_sssa8_ch.o)
                              network.o (forward_lite_conv2d_rgb_sssa8_ch)
/home/docker/STM32Cube/Repository/Packs/STMicroelectronics/X-CUBE-AI/3.0.0/Middlewares/ST/AI/Lib/GCC/ARMCortexM4/NetworkRuntime1100_CM4_GCC.a(lite_convert_kernel.o)
                              /home/docker/STM32Cube/Repository/Packs/STMicroelectronics/X-CUBE-AI/3.0.0/Middlewares/ST/AI/Lib/GCC/ARMCortexM4/NetworkRuntime1100_CM4_GCC.a(forward_lite_convert.o) (lite_convert_is8of32)
/home/docker/STM32Cube/Repository/Packs/STMicroelectronics/X-CUBE-AI/3.0.0/Middlewares/ST/AI/Lib/GCC/ARMCortexM4/NetworkRuntime1100_CM4_GCC.a(forward_lite_maxpool_is16os16.o)
                              /home/docker/STM32Cube/Repository/Packs/STMicroelectronics/X-CUBE-AI/3.0.0/Middlewares/ST/AI/Lib/GCC/ARMCortexM4/NetworkRuntime1100_CM4_GCC.a(layers_pool_stm32_integer.o) (forward_lite_maxpool_is16os16_scalepos)
/home/docker/STM32Cube/Repository/Packs/STMicroelectronics/X-CUBE-AI/3.0.0/Middlewares/ST/AI/Lib/GCC/ARMCortexM4/NetworkRuntime1100_CM4_GCC.a(forward_lite_maxpool_is8os8.o)
                              /home/docker/STM32Cube/Repository/Packs/STMicroelectronics/X-CUBE-AI/3.0.0/Middlewares/ST/AI/Lib/GCC/ARMCortexM4/NetworkRuntime1100_CM4_GCC.a(layers_pool_stm32_integer.o) (forward_lite_maxpool_is8os8_scaleneg)
/home/docker/STM32Cube/Repository/Packs/STMicroelectronics/X-CUBE-AI/3.0.0/Middlewares/ST/AI/Lib/GCC/ARMCortexM4/NetworkRuntime1100_CM4_GCC.a(forward_lite_maxpool_iu16ou16.o)
                              /home/docker/STM32Cube/Repository/Packs/STMicroelectronics/X-CUBE-AI/3.0.0/Middlewares/ST/AI/Lib/GCC/ARMCortexM4/NetworkRuntime1100_CM4_GCC.a(layers_pool_stm32_integer.o) (forward_lite_maxpool_iu16ou16_scalepos)
/home/docker/STM32Cube/Repository/Packs/STMicroelectronics/X-CUBE-AI/3.0.0/Middlewares/ST/AI/Lib/GCC/ARMCortexM4/NetworkRuntime1100_CM4_GCC.a(forward_lite_maxpool_iu8ou8.o)
                              /home/docker/STM32Cube/Repository/Packs/STMicroelectronics/X-CUBE-AI/3.0.0/Middlewares/ST/AI/Lib/GCC/ARMCortexM4/NetworkRuntime1100_CM4_GCC.a(layers_pool_stm32_integer.o) (forward_lite_maxpool_iu8ou8_scalepos)
/home/docker/STM32Cube/Repository/Packs/STMicroelectronics/X-CUBE-AI/3.0.0/Middlewares/ST/AI/Lib/GCC/ARMCortexM4/NetworkRuntime1100_CM4_GCC.a(lite_nl_generic_integer.o)
                              network.o (forward_lite_nl_softmax_is8os8)
/home/docker/STM32Cube/Repository/Packs/STMicroelectronics/X-CUBE-AI/3.0.0/Middlewares/ST/AI/Lib/GCC/ARMCortexM4/NetworkRuntime1100_CM4_GCC.a(st_align_factor.o)
[...]
Memory Configuration

Name             Origin             Length             Attributes
RAM              0x20000000         0x02000000         xrw
FLASH            0x08000000         0x02000000         xr
*default*        0x00000000         0xffffffff

Linker script and memory map

LOAD /opt/st/stm32cubeide_1.19.0.25.U3-2M-A2/plugins/com.st.stm32cube.ide.mcu.externaltools.gnu-tools-for-stm32.13.3.rel1.linux64_1.0.0.202508111337/tools/bin/../lib/gcc/arm-none-eabi/13.3.1/thumb/v7e-m+fp/hard/crti.o
LOAD /opt/st/stm32cubeide_1.19.0.25.U3-2M-A2/plugins/com.st.stm32cube.ide.mcu.externaltools.gnu-tools-for-stm32.13.3.rel1.linux64_1.0.0.202508111337/tools/bin/../lib/gcc/arm-none-eabi/13.3.1/thumb/v7e-m+fp/hard/crtbegin.o
LOAD /opt/st/stm32cubeide_1.19.0.25.U3-2M-A2/plugins/com.st.stm32cube.ide.mcu.externaltools.gnu-tools-for-stm32.13.3.rel1.linux64_1.0.0.202508111337/tools/bin/../lib/gcc/arm-none-eabi/13.3.1/../../../../arm-none-eabi/lib/thumb/v7e-m+fp/hard/crt0.o
START GROUP
LOAD /opt/st/stm32cubeide_1.19.0.25.U3-2M-A2/plugins/com.st.stm32cube.ide.mcu.externaltools.gnu-tools-for-stm32.13.3.rel1.linux64_1.0.0.202508111337/tools/bin/../lib/gcc/arm-none-eabi/13.3.1/../../../../arm-none-eabi/lib/thumb/v7e-m+fp/hard/libm.a
END GROUP
LOAD sysmem.o
LOAD startup_stm32xx.o
LOAD network.o
LOAD syscalls.o
LOAD network_data.o
LOAD stedgeai_app_main.o
LOAD /home/docker/STM32Cube/Repository/Packs/STMicroelectronics/X-CUBE-AI/3.0.0/Middlewares/ST/AI/Lib/GCC/ARMCortexM4/NetworkRuntime1100_CM4_GCC.a
START GROUP
LOAD /opt/st/stm32cubeide_1.19.0.25.U3-2M-A2/plugins/com.st.stm32cube.ide.mcu.externaltools.gnu-tools-for-stm32.13.3.rel1.linux64_1.0.0.202508111337/tools/bin/../lib/gcc/arm-none-eabi/13.3.1/thumb/v7e-m+fp/hard/libgcc.a
LOAD /opt/st/stm32cubeide_1.19.0.25.U3-2M-A2/plugins/com.st.stm32cube.ide.mcu.externaltools.gnu-tools-for-stm32.13.3.rel1.linux64_1.0.0.202508111337/tools/bin/../lib/gcc/arm-none-eabi/13.3.1/../../../../arm-none-eabi/lib/thumb/v7e-m+fp/hard/libc_nano.a
END GROUP
START GROUP
LOAD /opt/st/stm32cubeide_1.19.0.25.U3-2M-A2/plugins/com.st.stm32cube.ide.mcu.externaltools.gnu-tools-for-stm32.13.3.rel1.linux64_1.0.0.202508111337/tools/bin/../lib/gcc/arm-none-eabi/13.3.1/thumb/v7e-m+fp/hard/libgcc.a
LOAD /opt/st/stm32cubeide_1.19.0.25.U3-2M-A2/plugins/com.st.stm32cube.ide.mcu.externaltools.gnu-tools-for-stm32.13.3.rel1.linux64_1.0.0.202508111337/tools/bin/../lib/gcc/arm-none-eabi/13.3.1/../../../../arm-none-eabi/lib/thumb/v7e-m+fp/hard/libc_nano.a
END GROUP
LOAD /opt/st/stm32cubeide_1.19.0.25.U3-2M-A2/plugins/com.st.stm32cube.ide.mcu.externaltools.gnu-tools-for-stm32.13.3.rel1.linux64_1.0.0.202508111337/tools/bin/../lib/gcc/arm-none-eabi/13.3.1/thumb/v7e-m+fp/hard/crtend.o
LOAD /opt/st/stm32cubeide_1.19.0.25.U3-2M-A2/plugins/com.st.stm32cube.ide.mcu.externaltools.gnu-tools-for-stm32.13.3.rel1.linux64_1.0.0.202508111337/tools/bin/../lib/gcc/arm-none-eabi/13.3.1/thumb/v7e-m+fp/hard/crtn.o
                0x21000000                        _estack = 0x21000000
                0x00002000                        _Min_Heap_Size = 0x2000
                0x00001000                        _Min_Stack_Size = 0x1000

.isr_vector     0x08000000       0x40
                0x08000000                        . = ALIGN (0x4)
 *(.isr_vector)
 .isr_vector    0x08000000       0x40 startup_stm32xx.o
                0x08000000                g_pfnVectors
                0x08000040                        . = ALIGN (0x4)

.text           0x08000040     0x5708
                0x08000040                        . = ALIGN (0x4)
 *(.text)
 .text          0x08000040       0x40 /opt/st/stm32cubeide_1.19.0.25.U3-2M-A2/plugins/com.st.stm32cube.ide.mcu.externaltools.gnu-tools-for-stm32.13.3.rel1.linux64_1.0.0.202508111337/tools/bin/../lib/gcc/arm-none-eabi/13.3.1/thumb/v7e-m+fp/hard/crtbegin.o
 *(.text*)
 .text.Reset_Handler
                0x08000080       0x50 startup_stm32xx.o
                0x08000080                Reset_Handler
 .text.Default_Handler
                0x080000d0        0x2 startup_stm32xx.o
                0x080000d0                DebugMon_Handler
                0x080000d0                HardFault_Handler
                0x080000d0                SysTick_Handler
                0x080000d0                PendSV_Handler
                0x080000d0                NMI_Handler
                0x080000d0                UsageFault_Handler
                0x080000d0                Default_Handler
                0x080000d0                MemManage_Handler
                0x080000d0                SVC_Handler
                0x080000d0                BusFault_Handler
 .text._stai_network_check
                0x080000d2       0x4e network.o
 .text.stai_network_init
                0x08000120       0x2c network.o
                0x08000120                stai_network_init
 .text.forward_lite_conv2d_23
                0x0800014c       0xac network.o
                0x0800014c                forward_lite_conv2d_23
 .text.stai_network_run
                0x080001f8      0xe8c network.o
                0x080001f8                stai_network_run
 .text.stai_network_get_activations
                0x08001084       0x50 network.o
                0x08001084                stai_network_get_activations
 .text.stai_network_get_inputs
                0x080010d4       0x50 network.o
                0x080010d4                stai_network_get_inputs
 .text.stai_network_get_outputs
                0x08001124       0x50 network.o
                0x08001124                stai_network_get_outputs
 .text.stai_network_set_activations
                0x08001174       0x88 network.o
                0x08001174                stai_network_set_activations
 .text.aiInit   0x080011fc       0x54 stedgeai_app_main.o
                0x080011fc                aiInit
 .text.aiRun    0x08001250        0xc stedgeai_app_main.o
                0x08001250                aiRun
 .text.main_loop
                0x0800125c        0xc stedgeai_app_main.o
                0x0800125c                main_loop
 .text.SystemInit
                0x08001268        0x2 stedgeai_app_main.o
                0x08001268                SystemInit
 .text.startup.main
                0x0800126a        0x6 stedgeai_app_main.o
                0x0800126a                main
 .text.pool_func_ap_array_integer_INT8
                0x08001270      0x188 /home/docker/STM32Cube/Repository/Packs/STMicroelectronics/X-CUBE-AI/3.0.0/Middlewares/ST/AI/Lib/GCC/ARMCortexM4/NetworkRuntime1100_CM4_GCC.a(layers_pool_stm32_integer.o)
                0x08001270                pool_func_ap_array_integer_INT8
 .text.func_dummy
                0x080013f8        0x4 /home/docker/STM32Cube/Repository/Packs/STMicroelectronics/X-CUBE-AI/3.0.0/Middlewares/ST/AI/Lib/GCC/ARMCortexM4/NetworkRuntime1100_CM4_GCC.a(layers_pw_sssa8_ch.o)
 .text.forward_pw_sssa8_ch_nl_pool
                0x080013fc      0x488 /home/docker/STM32Cube/Repository/Packs/STMicroelectronics/X-CUBE-AI/3.0.0/Middlewares/ST/AI/Lib/GCC/ARMCortexM4/NetworkRuntime1100_CM4_GCC.a(layers_pw_sssa8_ch.o)
                0x080013fc                forward_pw_sssa8_ch_nl_pool
 .text.forward_lite_node_convert_integer_is8of32
                0x08001884        0x4 /home/docker/STM32Cube/Repository/Packs/STMicroelectronics/X-CUBE-AI/3.0.0/Middlewares/ST/AI/Lib/GCC/ARMCortexM4/NetworkRuntime1100_CM4_GCC.a(forward_lite_convert.o)
                0x08001884                forward_lite_node_convert_integer_is8of32
 .text.forward_lite_node_convert_integer_if32os8
                0x08001888        0x4 /home/docker/STM32Cube/Repository/Packs/STMicroelectronics/X-CUBE-AI/3.0.0/Middlewares/ST/AI/Lib/GCC/ARMCortexM4/NetworkRuntime1100_CM4_GCC.a(forward_lite_convert.o)
                0x08001888                forward_lite_node_convert_integer_if32os8
 .text.forward_lite_avepool_is8os8
                0x0800188c       0x4c /home/docker/STM32Cube/Repository/Packs/STMicroelectronics/X-CUBE-AI/3.0.0/Middlewares/ST/AI/Lib/GCC/ARMCortexM4/NetworkRuntime1100_CM4_GCC.a(forward_lite_avepool_is8os8.o)
                0x0800188c                forward_lite_avepool_is8os8
 .text.st_dw_sssa8_ch_Wadapt
                0x080018d8      0x1a4 /home/docker/STM32Cube/Repository/Packs/STMicroelectronics/X-CUBE-AI/3.0.0/Middlewares/ST/AI/Lib/GCC/ARMCortexM4/NetworkRuntime1100_CM4_GCC.a(forward_lite_dw_sssa8_ch.o)
                0x080018d8                st_dw_sssa8_ch_Wadapt
 .text.forward_lite_dw_sssa8_ch
                0x08001a7c      0x84c /home/docker/STM32Cube/Repository/Packs/STMicroelectronics/X-CUBE-AI/3.0.0/Middlewares/ST/AI/Lib/GCC/ARMCortexM4/NetworkRuntime1100_CM4_GCC.a(forward_lite_dw_sssa8_ch.o)
                0x08001a7c                forward_lite_dw_sssa8_ch
 .text.forward_lite_pw_sssa8_ch
                0x080022c8      0x458 /home/docker/STM32Cube/Repository/Packs/STMicroelectronics/X-CUBE-AI/3.0.0/Middlewares/ST/AI/Lib/GCC/ARMCortexM4/NetworkRuntime1100_CM4_GCC.a(forward_lite_pw_sssa8_ch.o)
                0x080022c8                forward_lite_pw_sssa8_ch
 .text.forward_lite_conv2d_rgb_sssa8_ch
                0x08002720      0x508 /home/docker/STM32Cube/Repository/Packs/STMicroelectronics/X-CUBE-AI/3.0.0/Middlewares/ST/AI/Lib/GCC/ARMCortexM4/NetworkRuntime1100_CM4_GCC.a(forward_lite_conv2d_sssa8_ch.o)
                0x08002720                forward_lite_conv2d_rgb_sssa8_ch
 .text.lite_convert_is8of32
                0x08002c28       0x24 /home/docker/STM32Cube/Repository/Packs/STMicroelectronics/X-CUBE-AI/3.0.0/Middlewares/ST/AI/Lib/GCC/ARMCortexM4/NetworkRuntime1100_CM4_GCC.a(lite_convert_kernel.o)
                0x08002c28                lite_convert_is8of32
 .text.lite_convert_if32os8
                0x08002c4c       0x6c /home/docker/STM32Cube/Repository/Packs/STMicroelectronics/X-CUBE-AI/3.0.0/Middlewares/ST/AI/Lib/GCC/ARMCortexM4/NetworkRuntime1100_CM4_GCC.a(lite_convert_kernel.o)
                0x08002c4c                lite_convert_if32os8
 .text.forward_lite_nl_softmax_is8os8
                0x08002cb8       0x14 /home/docker/STM32Cube/Repository/Packs/STMicroelectronics/X-CUBE-AI/3.0.0/Middlewares/ST/AI/Lib/GCC/ARMCortexM4/NetworkRuntime1100_CM4_GCC.a(lite_nl_generic_integer.o)
                0x08002cb8                forward_lite_nl_softmax_is8os8
 .text.align_factor_ch
                0x08002ccc       0x60 /home/docker/STM32Cube/Repository/Packs/STMicroelectronics/X-CUBE-AI/3.0.0/Middlewares/ST/AI/Lib/GCC/ARMCortexM4/NetworkRuntime1100_CM4_GCC.a(st_align_factor.o)
                0x08002ccc                align_factor_ch
 .text.st_int8_to16_dual
                0x08002d2c      0x1d8 /home/docker/STM32Cube/Repository/Packs/STMicroelectronics/X-CUBE-AI/3.0.0/Middlewares/ST/AI/Lib/GCC/ARMCortexM4/NetworkRuntime1100_CM4_GCC.a(st_int8_to16_no_shift.o)
                0x08002d2c                st_int8_to16_dual
 .text.ai_padding_opt_init
                0x08002f04       0xb0 /home/docker/STM32Cube/Repository/Packs/STMicroelectronics/X-CUBE-AI/3.0.0/Middlewares/ST/AI/Lib/GCC/ARMCortexM4/NetworkRuntime1100_CM4_GCC.a(st_padding_opt.o)
                0x08002f04                ai_padding_opt_init
 .text.ai_padding_opt_phase1
                0x08002fb4       0x34 /home/docker/STM32Cube/Repository/Packs/STMicroelectronics/X-CUBE-AI/3.0.0/Middlewares/ST/AI/Lib/GCC/ARMCortexM4/NetworkRuntime1100_CM4_GCC.a(st_padding_opt.o)
                0x08002fb4                ai_padding_opt_phase1
 .text.st_int8_avepool
                0x08002fe8      0x208 /home/docker/STM32Cube/Repository/Packs/STMicroelectronics/X-CUBE-AI/3.0.0/Middlewares/ST/AI/Lib/GCC/ARMCortexM4/NetworkRuntime1100_CM4_GCC.a(st_int8_pool.o)
                0x08002fe8                st_int8_avepool
 .text.st_sssa8_ch_convolve_rank1upd
                0x080031f0      0x128 /home/docker/STM32Cube/Repository/Packs/STMicroelectronics/X-CUBE-AI/3.0.0/Middlewares/ST/AI/Lib/GCC/ARMCortexM4/NetworkRuntime1100_CM4_GCC.a(st_sssa8_ch_convolve.o)
                0x080031f0                st_sssa8_ch_convolve_rank1upd
 .text.st_int8_copy
                0x08003318      0x13c /home/docker/STM32Cube/Repository/Packs/STMicroelectronics/X-CUBE-AI/3.0.0/Middlewares/ST/AI/Lib/GCC/ARMCortexM4/NetworkRuntime1100_CM4_GCC.a(st_int8_fill.o)
                0x08003318                st_int8_copy
 .text.st_int8_fill
                0x08003454       0x80 /home/docker/STM32Cube/Repository/Packs/STMicroelectronics/X-CUBE-AI/3.0.0/Middlewares/ST/AI/Lib/GCC/ARMCortexM4/NetworkRuntime1100_CM4_GCC.a(st_int8_fill.o)
                0x08003454                st_int8_fill
 .text.st_sssa8_ch_nn_mat_mult_kernel_single_opt
                0x080034d4      0x370 /home/docker/STM32Cube/Repository/Packs/STMicroelectronics/X-CUBE-AI/3.0.0/Middlewares/ST/AI/Lib/GCC/ARMCortexM4/NetworkRuntime1100_CM4_GCC.a(st_sssa8_ch_nn_mat_mult_kernel_single_opt.o)
                0x080034d4                st_sssa8_ch_nn_mat_mult_kernel_single_opt
 .text.weights_2channels_prefetch
                0x08003844      0x23c /home/docker/STM32Cube/Repository/Packs/STMicroelectronics/X-CUBE-AI/3.0.0/Middlewares/ST/AI/Lib/GCC/ARMCortexM4/NetworkRuntime1100_CM4_GCC.a(st_sssa8_ch_nn_mat_mult_nt_t.o)
                0x08003844                weights_2channels_prefetch
 .text.st_sssa8_ch_fullW_prefetch
                0x08003a80       0x78 /home/docker/STM32Cube/Repository/Packs/STMicroelectronics/X-CUBE-AI/3.0.0/Middlewares/ST/AI/Lib/GCC/ARMCortexM4/NetworkRuntime1100_CM4_GCC.a(st_sssa8_ch_nn_mat_mult_nt_t.o)
                0x08003a80                st_sssa8_ch_fullW_prefetch
 .text.st_sssa8_ch_nn_mat_mult_kernel_opt
                0x08003af8      0x33c /home/docker/STM32Cube/Repository/Packs/STMicroelectronics/X-CUBE-AI/3.0.0/Middlewares/ST/AI/Lib/GCC/ARMCortexM4/NetworkRuntime1100_CM4_GCC.a(st_sssa8_ch_nn_mat_mult_kernel_opt.o)
                0x08003af8                st_sssa8_ch_nn_mat_mult_kernel_opt
 *fill*         0x08003e34        0xc 
 .text.st_sssa8_ch_nn_mat_mult_pw_nt_t
                0x08003e40      0x760 /home/docker/STM32Cube/Repository/Packs/STMicroelectronics/X-CUBE-AI/3.0.0/Middlewares/ST/AI/Lib/GCC/ARMCortexM4/NetworkRuntime1100_CM4_GCC.a(st_sssa8_ch_nn_mat_mult_pw_nt_t.o)
                0x08003e40                st_sssa8_ch_nn_mat_mult_pw_nt_t
 .text.st_sssa8_ch_nn_mat_mult_pw_nt_t_KWS
                0x080045a0      0x470 /home/docker/STM32Cube/Repository/Packs/STMicroelectronics/X-CUBE-AI/3.0.0/Middlewares/ST/AI/Lib/GCC/ARMCortexM4/NetworkRuntime1100_CM4_GCC.a(st_sssa8_ch_nn_mat_mult_pw_nt_t.o)
                0x080045a0                st_sssa8_ch_nn_mat_mult_pw_nt_t_KWS
 .text.ai_array_get_byte_size
                0x08004a10       0x3c /home/docker/STM32Cube/Repository/Packs/STMicroelectronics/X-CUBE-AI/3.0.0/Middlewares/ST/AI/Lib/GCC/ARMCortexM4/NetworkRuntime1100_CM4_GCC.a(ai_datatypes_format.o)
                0x08004a10                ai_array_get_byte_size
 .text.get_tensor_byte_size
                0x08004a4c       0x30 /home/docker/STM32Cube/Repository/Packs/STMicroelectronics/X-CUBE-AI/3.0.0/Middlewares/ST/AI/Lib/GCC/ARMCortexM4/NetworkRuntime1100_CM4_GCC.a(ai_datatypes_internal.o)
                0x08004a4c                get_tensor_byte_size
 .text.core_tensor_clone
                0x08004a7c       0x64 /home/docker/STM32Cube/Repository/Packs/STMicroelectronics/X-CUBE-AI/3.0.0/Middlewares/ST/AI/Lib/GCC/ARMCortexM4/NetworkRuntime1100_CM4_GCC.a(core_utils.o)
                0x08004a7c                core_tensor_clone
 .text.core_array_clone
                0x08004ae0        0xc /home/docker/STM32Cube/Repository/Packs/STMicroelectronics/X-CUBE-AI/3.0.0/Middlewares/ST/AI/Lib/GCC/ARMCortexM4/NetworkRuntime1100_CM4_GCC.a(core_utils.o)
                0x08004ae0                core_array_clone
 .text._lite_kernel_nl_softmax_is8os8
                0x08004aec      0xbe0 /home/docker/STM32Cube/Repository/Packs/STMicroelectronics/X-CUBE-AI/3.0.0/Middlewares/ST/AI/Lib/GCC/ARMCortexM4/NetworkRuntime1100_CM4_GCC.a(lite_nl_softmax_is8os8.o)
                0x08004aec                _lite_kernel_nl_softmax_is8os8
 .text.__libc_init_array
                0x080056cc       0x48 /opt/st/stm32cubeide_1.19.0.25.U3-2M-A2/plugins/com.st.stm32cube.ide.mcu.externaltools.gnu-tools-for-stm32.13.3.rel1.linux64_1.0.0.202508111337/tools/bin/../lib/gcc/arm-none-eabi/13.3.1/../../../../arm-none-eabi/lib/thumb/v7e-m+fp/hard/libc_nano.a(libc_a-init.o)
                0x080056cc                __libc_init_array
 .text.memcpy   0x08005714       0x1c /opt/st/stm32cubeide_1.19.0.25.U3-2M-A2/plugins/com.st.stm32cube.ide.mcu.externaltools.gnu-tools-for-stm32.13.3.rel1.linux64_1.0.0.202508111337/tools/bin/../lib/gcc/arm-none-eabi/13.3.1/../../../../arm-none-eabi/lib/thumb/v7e-m+fp/hard/libc_nano.a(libc_a-memcpy-stub.o)
                0x08005714                memcpy
 *(.glue_7)
 .glue_7        0x08005730        0x0 linker stubs
 *(.glue_7t)
 .glue_7t       0x08005730        0x0 linker stubs
 *(.eh_frame)
 .eh_frame      0x08005730        0x0 /opt/st/stm32cubeide_1.19.0.25.U3-2M-A2/plugins/com.st.stm32cube.ide.mcu.externaltools.gnu-tools-for-stm32.13.3.rel1.linux64_1.0.0.202508111337/tools/bin/../lib/gcc/arm-none-eabi/13.3.1/thumb/v7e-m+fp/hard/crtbegin.o
 *(.init)
 .init          0x08005730        0x4 /opt/st/stm32cubeide_1.19.0.25.U3-2M-A2/plugins/com.st.stm32cube.ide.mcu.externaltools.gnu-tools-for-stm32.13.3.rel1.linux64_1.0.0.202508111337/tools/bin/../lib/gcc/arm-none-eabi/13.3.1/thumb/v7e-m+fp/hard/crti.o
                0x08005730                _init
 .init          0x08005734        0x8 /opt/st/stm32cubeide_1.19.0.25.U3-2M-A2/plugins/com.st.stm32cube.ide.mcu.externaltools.gnu-tools-for-stm32.13.3.rel1.linux64_1.0.0.202508111337/tools/bin/../lib/gcc/arm-none-eabi/13.3.1/thumb/v7e-m+fp/hard/crtn.o
 *(.fini)
 .fini          0x0800573c        0x4 /opt/st/stm32cubeide_1.19.0.25.U3-2M-A2/plugins/com.st.stm32cube.ide.mcu.externaltools.gnu-tools-for-stm32.13.3.rel1.linux64_1.0.0.202508111337/tools/bin/../lib/gcc/arm-none-eabi/13.3.1/thumb/v7e-m+fp/hard/crti.o
                0x0800573c                _fini
 .fini          0x08005740        0x8 /opt/st/stm32cubeide_1.19.0.25.U3-2M-A2/plugins/com.st.stm32cube.ide.mcu.externaltools.gnu-tools-for-stm32.13.3.rel1.linux64_1.0.0.202508111337/tools/bin/../lib/gcc/arm-none-eabi/13.3.1/thumb/v7e-m+fp/hard/crtn.o
                0x08005748                        . = ALIGN (0x4)
                0x08005748                        _etext = .

.vfp11_veneer   0x08005748        0x0
 .vfp11_veneer  0x08005748        0x0 linker stubs

.v4_bx          0x08005748        0x0
 .v4_bx         0x08005748        0x0 linker stubs

.iplt           0x08005748        0x0
 .iplt          0x08005748        0x0 /opt/st/stm32cubeide_1.19.0.25.U3-2M-A2/plugins/com.st.stm32cube.ide.mcu.externaltools.gnu-tools-for-stm32.13.3.rel1.linux64_1.0.0.202508111337/tools/bin/../lib/gcc/arm-none-eabi/13.3.1/thumb/v7e-m+fp/hard/crtbegin.o

.rodata         0x08005748    0x26ea0
                0x08005748                        . = ALIGN (0x4)
 *(.rodata)
 *(.rodata*)
 .rodata._network_context.0
                0x08005748       0xf0 network.o
 .rodata.conv2d_29_t_weight_0_fmt_scale_const_f32
                0x08005838       0x28 network.o
 .rodata.conv2d_22_t_weight_0_fmt_scale_const_f32
                0x08005860      0x200 network.o
 .rodata.conv2d_21_t_weight_0_fmt_scale_const_f32
                0x08005a60      0x200 network.o
 .rodata.conv2d_20_t_weight_0_fmt_scale_const_f32
                0x08005c60      0x200 network.o
 .rodata.conv2d_19_t_weight_0_fmt_scale_const_f32
                0x08005e60      0x200 network.o
 .rodata.conv2d_18_t_weight_0_fmt_scale_const_f32
                0x08006060      0x200 network.o
 .rodata.conv2d_17_t_weight_0_fmt_scale_const_f32
                0x08006260      0x200 network.o
 .rodata.conv2d_16_t_weight_0_fmt_scale_const_f32
                0x08006460      0x200 network.o
 .rodata.conv2d_15_t_weight_0_fmt_scale_const_f32
                0x08006660      0x200 network.o
 .rodata.conv2d_14_t_weight_0_fmt_scale_const_f32
                0x08006860      0x200 network.o
 .rodata.conv2d_13_t_weight_0_fmt_scale_const_f32
                0x08006a60      0x200 network.o
 .rodata.conv2d_12_t_weight_0_fmt_scale_const_f32
                0x08006c60      0x100 network.o
 .rodata.conv2d_11_t_weight_0_fmt_scale_const_f32
                0x08006d60      0x100 network.o
 .rodata.conv2d_10_t_weight_0_fmt_scale_const_f32
                0x08006e60      0x180 network.o
 .rodata.conv2d_9_t_weight_0_fmt_scale_const_f32
                0x08006fe0      0x180 network.o
 .rodata.conv2d_8_t_weight_0_fmt_scale_const_f32
                0x08007160      0x100 network.o
 .rodata.conv2d_7_t_weight_0_fmt_scale_const_f32
                0x08007260      0x100 network.o
 .rodata.conv2d_6_t_weight_0_fmt_scale_const_f32
                0x08007360      0x140 network.o
 .rodata.conv2d_5_t_weight_0_fmt_scale_const_f32
                0x080074a0      0x140 network.o
 .rodata.conv2d_4_t_weight_0_fmt_scale_const_f32
                0x080075e0       0xc0 network.o
 .rodata.conv2d_3_t_weight_0_fmt_scale_const_f32
                0x080076a0       0xc0 network.o
 .rodata.conv2d_2_t_weight_0_fmt_scale_const_f32
                0x08007760       0x40 network.o
 .rodata.conv2d_1_t_weight_0_fmt_scale_const_f32
                0x080077a0       0x40 network.o
 .rodata.conv2d_23_chain
                0x080077e0        0x8 network.o
 .rodata.__compound_literal.147
                0x080077e8        0x8 network.o
 .rodata.__compound_literal.146
                0x080077f0        0x1 network.o
 *fill*         0x080077f1        0x3 
 .rodata.__compound_literal.145
                0x080077f4        0x4 network.o
 .rodata.__compound_literal.144
                0x080077f8        0x8 network.o
 .rodata.__compound_literal.143
                0x08007800      0x100 network.o
 .rodata.__compound_literal.142
                0x08007900      0x400 network.o
 .rodata.__compound_literal.141
                0x08007d00        0x8 network.o
 .rodata.__compound_literal.140
                0x08007d08        0x1 network.o
 *fill*         0x08007d09        0x3 
 .rodata.__compound_literal.139
                0x08007d0c        0x4 network.o
 .rodata.__compound_literal.138
                0x08007d10        0x8 network.o
 .rodata.__compound_literal.137
                0x08007d18        0x1 network.o
 *fill*         0x08007d19        0x3 
 .rodata.__compound_literal.136
                0x08007d1c        0x4 network.o
 .rodata.g_network_conv2d_29_bias_array
                0x08007d20       0x28 network_data.o
                0x08007d20                g_network_conv2d_29_bias_array
 .rodata.g_network_conv2d_29_weights_array
                0x08007d48      0xa00 network_data.o
                0x08007d48                g_network_conv2d_29_weights_array
 .rodata.g_network_conv2d_23_bias_array
                0x08008748      0x400 network_data.o
                0x08008748                g_network_conv2d_23_bias_array
 .rodata.g_network_conv2d_23_weights_array
                0x08008b48     0x8000 network_data.o
                0x08008b48                g_network_conv2d_23_weights_array
 .rodata.g_network_conv2d_22_bias_array
                0x08010b48      0x200 network_data.o
                0x08010b48                g_network_conv2d_22_bias_array
 .rodata.g_network_conv2d_22_weights_array
                0x08010d48      0x480 network_data.o
                0x08010d48                g_network_conv2d_22_weights_array
 .rodata.g_network_conv2d_21_bias_array
                0x080111c8      0x200 network_data.o
                0x080111c8                g_network_conv2d_21_bias_array
 .rodata.g_network_conv2d_21_weights_array
                0x080113c8     0x4000 network_data.o
                0x080113c8                g_network_conv2d_21_weights_array
 .rodata.g_network_conv2d_20_bias_array
                0x080153c8      0x200 network_data.o
                0x080153c8                g_network_conv2d_20_bias_array
 .rodata.g_network_conv2d_20_weights_array
                0x080155c8      0x480 network_data.o
                0x080155c8                g_network_conv2d_20_weights_array
 .rodata.g_network_conv2d_19_bias_array
                0x08015a48      0x200 network_data.o
                0x08015a48                g_network_conv2d_19_bias_array
 .rodata.g_network_conv2d_19_weights_array
                0x08015c48     0x4000 network_data.o
                0x08015c48                g_network_conv2d_19_weights_array
 .rodata.g_network_conv2d_18_bias_array
                0x08019c48      0x200 network_data.o
                0x08019c48                g_network_conv2d_18_bias_array
 .rodata.g_network_conv2d_18_weights_array
                0x08019e48      0x480 network_data.o
                0x08019e48                g_network_conv2d_18_weights_array
 .rodata.g_network_conv2d_17_bias_array
                0x0801a2c8      0x200 network_data.o
                0x0801a2c8                g_network_conv2d_17_bias_array
 .rodata.g_network_conv2d_17_weights_array
                0x0801a4c8     0x4000 network_data.o
                0x0801a4c8                g_network_conv2d_17_weights_array
 .rodata.g_network_conv2d_16_bias_array
                0x0801e4c8      0x200 network_data.o
                0x0801e4c8                g_network_conv2d_16_bias_array
 .rodata.g_network_conv2d_16_weights_array
                0x0801e6c8      0x480 network_data.o
                0x0801e6c8                g_network_conv2d_16_weights_array
 .rodata.g_network_conv2d_15_bias_array
                0x0801eb48      0x200 network_data.o
                0x0801eb48                g_network_conv2d_15_bias_array
 .rodata.g_network_conv2d_15_weights_array
                0x0801ed48     0x4000 network_data.o
                0x0801ed48                g_network_conv2d_15_weights_array
 .rodata.g_network_conv2d_14_bias_array
                0x08022d48      0x200 network_data.o
                0x08022d48                g_network_conv2d_14_bias_array
 .rodata.g_network_conv2d_14_weights_array
                0x08022f48      0x480 network_data.o
                0x08022f48                g_network_conv2d_14_weights_array
 .rodata.g_network_conv2d_13_bias_array
                0x080233c8      0x200 network_data.o
                0x080233c8                g_network_conv2d_13_bias_array
 .rodata.g_network_conv2d_13_weights_array
                0x080235c8     0x2000 network_data.o
                0x080235c8                g_network_conv2d_13_weights_array
 .rodata.g_network_conv2d_12_bias_array
                0x080255c8      0x100 network_data.o
                0x080255c8                g_network_conv2d_12_bias_array
 .rodata.g_network_conv2d_12_weights_array
                0x080256c8      0x240 network_data.o
                0x080256c8                g_network_conv2d_12_weights_array
 .rodata.g_network_conv2d_11_bias_array
                0x08025908      0x100 network_data.o
                0x08025908                g_network_conv2d_11_bias_array
 .rodata.g_network_conv2d_11_weights_array
                0x08025a08     0x1800 network_data.o
                0x08025a08                g_network_conv2d_11_weights_array
 .rodata.g_network_conv2d_10_bias_array
                0x08027208      0x180 network_data.o
                0x08027208                g_network_conv2d_10_bias_array
 .rodata.g_network_conv2d_10_weights_array
                0x08027388      0x360 network_data.o
                0x08027388                g_network_conv2d_10_weights_array
 .rodata.g_network_conv2d_9_bias_array
                0x080276e8      0x180 network_data.o
                0x080276e8                g_network_conv2d_9_bias_array
 .rodata.g_network_conv2d_9_weights_array
                0x08027868     0x1800 network_data.o
                0x08027868                g_network_conv2d_9_weights_array
 .rodata.g_network_conv2d_8_bias_array
                0x08029068      0x100 network_data.o
                0x08029068                g_network_conv2d_8_bias_array
 .rodata.g_network_conv2d_8_weights_array
                0x08029168      0x240 network_data.o
                0x08029168                g_network_conv2d_8_weights_array
 .rodata.g_network_conv2d_7_bias_array
                0x080293a8      0x100 network_data.o
                0x080293a8                g_network_conv2d_7_bias_array
 .rodata.g_network_conv2d_7_weights_array
                0x080294a8     0x1400 network_data.o
                0x080294a8                g_network_conv2d_7_weights_array
 .rodata.g_network_conv2d_6_bias_array
                0x0802a8a8      0x140 network_data.o
                0x0802a8a8                g_network_conv2d_6_bias_array
 .rodata.g_network_conv2d_6_weights_array
                0x0802a9e8      0x2d0 network_data.o
                0x0802a9e8                g_network_conv2d_6_weights_array
 .rodata.g_network_conv2d_5_bias_array
                0x0802acb8      0x140 network_data.o
                0x0802acb8                g_network_conv2d_5_bias_array
 .rodata.g_network_conv2d_5_weights_array
                0x0802adf8      0xf00 network_data.o
                0x0802adf8                g_network_conv2d_5_weights_array
 .rodata.g_network_conv2d_4_bias_array
                0x0802bcf8       0xc0 network_data.o
                0x0802bcf8                g_network_conv2d_4_bias_array
 .rodata.g_network_conv2d_4_weights_array
                0x0802bdb8      0x1b0 network_data.o
                0x0802bdb8                g_network_conv2d_4_weights_array
 .rodata.g_network_conv2d_3_bias_array
                0x0802bf68       0xc0 network_data.o
                0x0802bf68                g_network_conv2d_3_bias_array
 .rodata.g_network_conv2d_3_weights_array
                0x0802c028      0x300 network_data.o
                0x0802c028                g_network_conv2d_3_weights_array
 .rodata.g_network_conv2d_2_bias_array
                0x0802c328       0x40 network_data.o
                0x0802c328                g_network_conv2d_2_bias_array
 .rodata.g_network_conv2d_2_weights_array
                0x0802c368       0x90 network_data.o
                0x0802c368                g_network_conv2d_2_weights_array
 .rodata.g_network_conv2d_1_bias_array
                0x0802c3f8       0x40 network_data.o
                0x0802c3f8                g_network_conv2d_1_bias_array
 .rodata.g_network_conv2d_1_weights_array
                0x0802c438      0x1b0 network_data.o
                0x0802c438                g_network_conv2d_1_weights_array
                0x0802c5e8                        . = ALIGN (0x4)

.rel.dyn        0x0802c5e8        0x0
 .rel.iplt      0x0802c5e8        0x0 /opt/st/stm32cubeide_1.19.0.25.U3-2M-A2/plugins/com.st.stm32cube.ide.mcu.externaltools.gnu-tools-for-stm32.13.3.rel1.linux64_1.0.0.202508111337/tools/bin/../lib/gcc/arm-none-eabi/13.3.1/thumb/v7e-m+fp/hard/crtbegin.o

.ARM.extab      0x0802c5e8        0x0
                0x0802c5e8                        . = ALIGN (0x4)
 *(.ARM.extab* .gnu.linkonce.armextab.*)
                0x0802c5e8                        . = ALIGN (0x4)

.ARM            0x0802c5e8        0x0
                0x0802c5e8                        . = ALIGN (0x4)
                0x0802c5e8                        __exidx_start = .
 *(.ARM.exidx*)
                0x0802c5e8                        __exidx_end = .
                0x0802c5e8                        . = ALIGN (0x4)

.preinit_array  0x0802c5e8        0x0
                0x0802c5e8                        . = ALIGN (0x4)
                0x0802c5e8                        PROVIDE (__preinit_array_start = .)
 *(.preinit_array*)
                0x0802c5e8                        PROVIDE (__preinit_array_end = .)
                0x0802c5e8                        . = ALIGN (0x4)

.init_array     0x0802c5e8        0x4
                0x0802c5e8                        . = ALIGN (0x4)
                0x0802c5e8                        PROVIDE (__init_array_start = .)
 *(SORT_BY_NAME(.init_array.*))
 *(.init_array*)
 .init_array    0x0802c5e8        0x4 /opt/st/stm32cubeide_1.19.0.25.U3-2M-A2/plugins/com.st.stm32cube.ide.mcu.externaltools.gnu-tools-for-stm32.13.3.rel1.linux64_1.0.0.202508111337/tools/bin/../lib/gcc/arm-none-eabi/13.3.1/thumb/v7e-m+fp/hard/crtbegin.o
                0x0802c5ec                        PROVIDE (__init_array_end = .)
                0x0802c5ec                        . = ALIGN (0x4)

.fini_array     0x0802c5ec        0x4
                0x0802c5ec                        . = ALIGN (0x4)
                [!provide]                        PROVIDE (__fini_array_start = .)
 *(SORT_BY_NAME(.fini_array.*))
 *(.fini_array*)
 .fini_array    0x0802c5ec        0x4 /opt/st/stm32cubeide_1.19.0.25.U3-2M-A2/plugins/com.st.stm32cube.ide.mcu.externaltools.gnu-tools-for-stm32.13.3.rel1.linux64_1.0.0.202508111337/tools/bin/../lib/gcc/arm-none-eabi/13.3.1/thumb/v7e-m+fp/hard/crtbegin.o
                [!provide]                        PROVIDE (__fini_array_end = .)
                0x0802c5f0                        . = ALIGN (0x4)
                0x0802c5f0                        _sidata = LOADADDR (.data)

.data           0x20000000      0x294 load address 0x0802c5f0
                0x20000000                        . = ALIGN (0x4)
                0x20000000                        _sdata = .
 *(.data)
 *(.data*)
 .data.conv2d_23_layer
                0x20000000       0x60 network.o
 .data.__compound_literal.164
                0x20000060       0x30 network.o
 .data.__compound_literal.163
                0x20000090        0x8 network.o
 .data.__compound_literal.162
                0x20000098        0xc network.o
 .data.__compound_literal.161
                0x200000a4        0x4 network.o
 .data.__compound_literal.160
                0x200000a8        0x4 network.o
 .data.conv2d_23_weights
                0x200000ac       0x1c network.o
 .data.__compound_literal.159
                0x200000c8       0x10 network.o
 .data.__compound_literal.158
                0x200000d8       0x10 network.o
 .data.conv2d_23_scratch1
                0x200000e8       0x1c network.o
 .data.__compound_literal.157
                0x20000104       0x10 network.o
 .data.__compound_literal.156
                0x20000114       0x10 network.o
 .data.conv2d_23_scratch0
                0x20000124       0x1c network.o
 .data.__compound_literal.155
                0x20000140       0x10 network.o
 .data.__compound_literal.154
                0x20000150       0x10 network.o
 .data.conv2d_23_output
                0x20000160       0x1c network.o
 .data.__compound_literal.153
                0x2000017c       0x10 network.o
 .data.__compound_literal.152
                0x2000018c       0x10 network.o
 .data.conv2d_23_bias
                0x2000019c       0x1c network.o
 .data.__compound_literal.151
                0x200001b8       0x10 network.o
 .data.__compound_literal.150
                0x200001c8       0x10 network.o
 .data.conv2d_22_output
                0x200001d8       0x1c network.o
 .data.__compound_literal.149
                0x200001f4       0x10 network.o
 .data.__compound_literal.148
                0x20000204       0x10 network.o
 .data.conv2d_23_scratch1_array
                0x20000214       0x10 network.o
 .data.conv2d_23_scratch0_array
                0x20000224       0x10 network.o
 .data.conv2d_23_bias_array
                0x20000234       0x10 network.o
 .data.conv2d_23_weights_array
                0x20000244       0x10 network.o
 .data.conv2d_23_output_array
                0x20000254       0x10 network.o
 .data.conv2d_22_output_array
                0x20000264       0x10 network.o
 .data.conv2d_23_scratch1_array_intq
                0x20000274        0x8 network.o
 .data.conv2d_23_weights_array_intq
                0x2000027c        0x8 network.o
 .data.conv2d_23_output_array_intq
                0x20000284        0x8 network.o
 .data.conv2d_22_output_array_intq
                0x2000028c        0x8 network.o
                0x20000294                        . = ALIGN (0x4)
                0x20000294                        _edata = .

.igot.plt       0x20000294        0x0 load address 0x0802c884
 .igot.plt      0x20000294        0x0 /opt/st/stm32cubeide_1.19.0.25.U3-2M-A2/plugins/com.st.stm32cube.ide.mcu.externaltools.gnu-tools-for-stm32.13.3.rel1.linux64_1.0.0.202508111337/tools/bin/../lib/gcc/arm-none-eabi/13.3.1/thumb/v7e-m+fp/hard/crtbegin.o
                0x20000294                        . = ALIGN (0x4)

.bss            0x20000298     0x3138 load address 0x0802c884
                0x20000298                        _sbss = .
                0x20000298                        __bss_start__ = _sbss
 *(.bss)
 .bss           0x20000298       0x1c /opt/st/stm32cubeide_1.19.0.25.U3-2M-A2/plugins/com.st.stm32cube.ide.mcu.externaltools.gnu-tools-for-stm32.13.3.rel1.linux64_1.0.0.202508111337/tools/bin/../lib/gcc/arm-none-eabi/13.3.1/thumb/v7e-m+fp/hard/crtbegin.o
 *(.bss*)
 .bss.__compound_literal.166
                0x200002b4       0x10 network.o
 .bss.__compound_literal.165
                0x200002c4       0x10 network.o
 .bss.m_acts    0x200002d4        0x4 stedgeai_app_main.o
 .bss.m_outputs
                0x200002d8        0x4 stedgeai_app_main.o
 .bss.m_inputs  0x200002dc        0x4 stedgeai_app_main.o
 .bss.activations_1
                0x200002e0     0x3000 stedgeai_app_main.o
 .bss.m_network
                0x200032e0       0xf0 stedgeai_app_main.o
                0x200032e0                m_network
 *(COMMON)
                0x200033d0                        . = ALIGN (0x4)
                0x200033d0                        _ebss = .
                0x200033d0                        __bss_end__ = _ebss

._user_heap_stack
                0x200033d0     0x3000 load address 0x0802c884
                0x200033d0                        . = ALIGN (0x8)
                [!provide]                        PROVIDE (end = .)
                0x200033d0                        PROVIDE (_end = .)
                0x200053d0                        . = (. + _Min_Heap_Size)
 *fill*         0x200033d0     0x2000 
                0x200063d0                        . = (. + _Min_Stack_Size)
 *fill*         0x200053d0     0x1000 
                0x200063d0                        . = ALIGN (0x8)

/DISCARD/
 libc.a(*)
 libm.a(*)
 libgcc.a(*)

.ARM.attributes
                0x00000000       0x30
 *(.ARM.attributes)
 .ARM.attributes
                0x00000000       0x22 /opt/st/stm32cubeide_1.19.0.25.U3-2M-A2/plugins/com.st.stm32cube.ide.mcu.externaltools.gnu-tools-for-stm32.13.3.rel1.linux64_1.0.0.202508111337/tools/bin/../lib/gcc/arm-none-eabi/13.3.1/thumb/v7e-m+fp/hard/crti.o
 .ARM.attributes
                0x00000022       0x34 /opt/st/stm32cubeide_1.19.0.25.U3-2M-A2/plugins/com.st.stm32cube.ide.mcu.externaltools.gnu-tools-for-stm32.13.3.rel1.linux64_1.0.0.202508111337/tools/bin/../lib/gcc/arm-none-eabi/13.3.1/thumb/v7e-m+fp/hard/crtbegin.o
 .ARM.attributes
                0x00000056       0x21 startup_stm32xx.o
 .ARM.attributes
                0x00000077       0x34 network.o
 .ARM.attributes
                0x000000ab       0x34 network_data.o
 .ARM.attributes
                0x000000df       0x34 stedgeai_app_main.o
 .ARM.attributes
                0x00000113       0x30 /home/docker/STM32Cube/Repository/Packs/STMicroelectronics/X-CUBE-AI/3.0.0/Middlewares/ST/AI/Lib/GCC/ARMCortexM4/NetworkRuntime1100_CM4_GCC.a(layers_pool_stm32_integer.o)
 .ARM.attributes
                0x00000143       0x30 /home/docker/STM32Cube/Repository/Packs/STMicroelectronics/X-CUBE-AI/3.0.0/Middlewares/ST/AI/Lib/GCC/ARMCortexM4/NetworkRuntime1100_CM4_GCC.a(layers_pw_sssa8_ch.o)
 .ARM.attributes
                0x00000173       0x30 /home/docker/STM32Cube/Repository/Packs/STMicroelectronics/X-CUBE-AI/3.0.0/Middlewares/ST/AI/Lib/GCC/ARMCortexM4/NetworkRuntime1100_CM4_GCC.a(forward_lite_convert.o)
 .ARM.attributes
                0x000001a3       0x30 /home/docker/STM32Cube/Repository/Packs/STMicroelectronics/X-CUBE-AI/3.0.0/Middlewares/ST/AI/Lib/GCC/ARMCortexM4/NetworkRuntime1100_CM4_GCC.a(forward_lite_avepool_is8os8.o)
 .ARM.attributes
                0x000001d3       0x30 /home/docker/STM32Cube/Repository/Packs/STMicroelectronics/X-CUBE-AI/3.0.0/Middlewares/ST/AI/Lib/GCC/ARMCortexM4/NetworkRuntime1100_CM4_GCC.a(forward_lite_dw_sssa8_ch.o)
 .ARM.attributes
                0x00000203       0x30 /home/docker/STM32Cube/Repository/Packs/STMicroelectronics/X-CUBE-AI/3.0.0/Middlewares/ST/AI/Lib/GCC/ARMCortexM4/NetworkRuntime1100_CM4_GCC.a(forward_lite_pw_sssa8_ch.o)
 .ARM.attributes
                0x00000233       0x30 /home/docker/STM32Cube/Repository/Packs/STMicroelectronics/X-CUBE-AI/3.0.0/Middlewares/ST/AI/Lib/GCC/ARMCortexM4/NetworkRuntime1100_CM4_GCC.a(forward_lite_conv2d_sssa8_ch.o)
 .ARM.attributes
                0x00000263       0x30 /home/docker/STM32Cube/Repository/Packs/STMicroelectronics/X-CUBE-AI/3.0.0/Middlewares/ST/AI/Lib/GCC/ARMCortexM4/NetworkRuntime1100_CM4_GCC.a(lite_convert_kernel.o)
 .ARM.attributes
                0x00000293       0x30 /home/docker/STM32Cube/Repository/Packs/STMicroelectronics/X-CUBE-AI/3.0.0/Middlewares/ST/AI/Lib/GCC/ARMCortexM4/NetworkRuntime1100_CM4_GCC.a(lite_nl_generic_integer.o)
 .ARM.attributes
                0x000002c3       0x30 /home/docker/STM32Cube/Repository/Packs/STMicroelectronics/X-CUBE-AI/3.0.0/Middlewares/ST/AI/Lib/GCC/ARMCortexM4/NetworkRuntime1100_CM4_GCC.a(st_align_factor.o)
 .ARM.attributes
                0x000002f3       0x30 /home/docker/STM32Cube/Repository/Packs/STMicroelectronics/X-CUBE-AI/3.0.0/Middlewares/ST/AI/Lib/GCC/ARMCortexM4/NetworkRuntime1100_CM4_GCC.a(st_int8_to16_no_shift.o)
 .ARM.attributes
                0x00000323       0x30 /home/docker/STM32Cube/Repository/Packs/STMicroelectronics/X-CUBE-AI/3.0.0/Middlewares/ST/AI/Lib/GCC/ARMCortexM4/NetworkRuntime1100_CM4_GCC.a(st_padding_opt.o)
 .ARM.attributes
                0x00000353       0x30 /home/docker/STM32Cube/Repository/Packs/STMicroelectronics/X-CUBE-AI/3.0.0/Middlewares/ST/AI/Lib/GCC/ARMCortexM4/NetworkRuntime1100_CM4_GCC.a(st_int8_pool.o)
 .ARM.attributes
                0x00000383       0x30 /home/docker/STM32Cube/Repository/Packs/STMicroelectronics/X-CUBE-AI/3.0.0/Middlewares/ST/AI/Lib/GCC/ARMCortexM4/NetworkRuntime1100_CM4_GCC.a(st_sssa8_ch_convolve.o)
 .ARM.attributes
                0x000003b3       0x30 /home/docker/STM32Cube/Repository/Packs/STMicroelectronics/X-CUBE-AI/3.0.0/Middlewares/ST/AI/Lib/GCC/ARMCortexM4/NetworkRuntime1100_CM4_GCC.a(st_int8_fill.o)
 .ARM.attributes
                0x000003e3       0x30 /home/docker/STM32Cube/Repository/Packs/STMicroelectronics/X-CUBE-AI/3.0.0/Middlewares/ST/AI/Lib/GCC/ARMCortexM4/NetworkRuntime1100_CM4_GCC.a(st_sssa8_ch_nn_mat_mult_kernel_single_opt.o)
 .ARM.attributes
                0x00000413       0x30 /home/docker/STM32Cube/Repository/Packs/STMicroelectronics/X-CUBE-AI/3.0.0/Middlewares/ST/AI/Lib/GCC/ARMCortexM4/NetworkRuntime1100_CM4_GCC.a(st_sssa8_ch_nn_mat_mult_nt_t.o)
 .ARM.attributes
                0x00000443       0x1c /home/docker/STM32Cube/Repository/Packs/STMicroelectronics/X-CUBE-AI/3.0.0/Middlewares/ST/AI/Lib/GCC/ARMCortexM4/NetworkRuntime1100_CM4_GCC.a(st_sssa8_ch_nn_mat_mult_kernel_opt.o)
 .ARM.attributes
                0x0000045f       0x1c /home/docker/STM32Cube/Repository/Packs/STMicroelectronics/X-CUBE-AI/3.0.0/Middlewares/ST/AI/Lib/GCC/ARMCortexM4/NetworkRuntime1100_CM4_GCC.a(st_sssa8_ch_nn_mat_mult_pw_nt_t.o)
 .ARM.attributes
                0x0000047b       0x30 /home/docker/STM32Cube/Repository/Packs/STMicroelectronics/X-CUBE-AI/3.0.0/Middlewares/ST/AI/Lib/GCC/ARMCortexM4/NetworkRuntime1100_CM4_GCC.a(ai_datatypes_format.o)
 .ARM.attributes
                0x000004ab       0x30 /home/docker/STM32Cube/Repository/Packs/STMicroelectronics/X-CUBE-AI/3.0.0/Middlewares/ST/AI/Lib/GCC/ARMCortexM4/NetworkRuntime1100_CM4_GCC.a(ai_datatypes_internal.o)
 .ARM.attributes
                0x000004db       0x30 /home/docker/STM32Cube/Repository/Packs/STMicroelectronics/X-CUBE-AI/3.0.0/Middlewares/ST/AI/Lib/GCC/ARMCortexM4/NetworkRuntime1100_CM4_GCC.a(core_utils.o)
 .ARM.attributes
                0x0000050b       0x30 /home/docker/STM32Cube/Repository/Packs/STMicroelectronics/X-CUBE-AI/3.0.0/Middlewares/ST/AI/Lib/GCC/ARMCortexM4/NetworkRuntime1100_CM4_GCC.a(lite_nl_softmax_is8os8.o)
 .ARM.attributes
                0x0000053b       0x34 /opt/st/stm32cubeide_1.19.0.25.U3-2M-A2/plugins/com.st.stm32cube.ide.mcu.externaltools.gnu-tools-for-stm32.13.3.rel1.linux64_1.0.0.202508111337/tools/bin/../lib/gcc/arm-none-eabi/13.3.1/../../../../arm-none-eabi/lib/thumb/v7e-m+fp/hard/libc_nano.a(libc_a-init.o)
 .ARM.attributes
                0x0000056f       0x34 /opt/st/stm32cubeide_1.19.0.25.U3-2M-A2/plugins/com.st.stm32cube.ide.mcu.externaltools.gnu-tools-for-stm32.13.3.rel1.linux64_1.0.0.202508111337/tools/bin/../lib/gcc/arm-none-eabi/13.3.1/../../../../arm-none-eabi/lib/thumb/v7e-m+fp/hard/libc_nano.a(libc_a-memcpy-stub.o)
 .ARM.attributes
                0x000005a3       0x22 /opt/st/stm32cubeide_1.19.0.25.U3-2M-A2/plugins/com.st.stm32cube.ide.mcu.externaltools.gnu-tools-for-stm32.13.3.rel1.linux64_1.0.0.202508111337/tools/bin/../lib/gcc/arm-none-eabi/13.3.1/thumb/v7e-m+fp/hard/crtn.o
OUTPUT(network.elf elf32-littlearm)
LOAD linker stubs
LOAD /opt/st/stm32cubeide_1.19.0.25.U3-2M-A2/plugins/com.st.stm32cube.ide.mcu.externaltools.gnu-tools-for-stm32.13.3.rel1.linux64_1.0.0.202508111337/tools/bin/../lib/gcc/arm-none-eabi/13.3.1/../../../../arm-none-eabi/lib/thumb/v7e-m+fp/hard/libc.a
LOAD /opt/st/stm32cubeide_1.19.0.25.U3-2M-A2/plugins/com.st.stm32cube.ide.mcu.externaltools.gnu-tools-for-stm32.13.3.rel1.linux64_1.0.0.202508111337/tools/bin/../lib/gcc/arm-none-eabi/13.3.1/../../../../arm-none-eabi/lib/thumb/v7e-m+fp/hard/libm.a
LOAD /opt/st/stm32cubeide_1.19.0.25.U3-2M-A2/plugins/com.st.stm32cube.ide.mcu.externaltools.gnu-tools-for-stm32.13.3.rel1.linux64_1.0.0.202508111337/tools/bin/../lib/gcc/arm-none-eabi/13.3.1/thumb/v7e-m+fp/hard/libgcc.a

.debug_line     0x00000000     0x2bba
 .debug_line    0x00000000       0xed startup_stm32xx.o
 .debug_line    0x000000ed     0x2045 network.o
 .debug_line    0x00002132      0x444 network_data.o
 .debug_line    0x00002576      0x644 stedgeai_app_main.o

.debug_info     0x00000000     0x6b8d
 .debug_info    0x00000000       0x32 startup_stm32xx.o
 .debug_info    0x00000032     0x5e50 network.o
 .debug_info    0x00005e82      0x805 network_data.o
 .debug_info    0x00006687      0x506 stedgeai_app_main.o

.debug_abbrev   0x00000000      0x656
 .debug_abbrev  0x00000000       0x24 startup_stm32xx.o
 .debug_abbrev  0x00000024      0x414 network.o
 .debug_abbrev  0x00000438       0x8e network_data.o
 .debug_abbrev  0x000004c6      0x190 stedgeai_app_main.o

.debug_aranges  0x00000000      0x128
 .debug_aranges
                0x00000000       0x28 startup_stm32xx.o
 .debug_aranges
                0x00000028       0xa8 network.o
 .debug_aranges
                0x000000d0       0x18 network_data.o
 .debug_aranges
                0x000000e8       0x40 stedgeai_app_main.o

.debug_str      0x00000000    0x1b4ed
 .debug_str     0x00000000    0x1b4ed startup_stm32xx.o
                                0x100 (size before relaxing)
 .debug_str     0x0001b4ed    0x1b092 network.o
 .debug_str     0x0001b4ed     0x4ca9 network_data.o
 .debug_str     0x0001b4ed     0xa36d stedgeai_app_main.o

.debug_ranges   0x00000000      0x168
 .debug_ranges  0x00000000       0x20 startup_stm32xx.o
 .debug_ranges  0x00000020      0x118 network.o
 .debug_ranges  0x00000138       0x30 stedgeai_app_main.o

.debug_loc      0x00000000     0x2183
 .debug_loc     0x00000000     0x2183 network.o

.debug_macro    0x00000000     0x2ac1
 .debug_macro   0x00000000      0x66c network.o
 .debug_macro   0x0000066c       0x8e network.o
 .debug_macro   0x000006fa       0x51 network.o
 .debug_macro   0x0000074b       0x74 network.o
 .debug_macro   0x000007bf       0x3a network.o
 .debug_macro   0x000007f9       0x3c network.o
 .debug_macro   0x00000835      0x4cc network.o
 .debug_macro   0x00000d01       0x46 network.o
 .debug_macro   0x00000d47       0x22 network.o
 .debug_macro   0x00000d69      0x342 network.o
 .debug_macro   0x000010ab       0x16 network.o
 .debug_macro   0x000010c1       0x10 network.o
 .debug_macro   0x000010d1       0x20 network.o
 .debug_macro   0x000010f1       0x22 network.o
 .debug_macro   0x00001113       0x10 network.o
 .debug_macro   0x00001123       0xc0 network.o
 .debug_macro   0x000011e3      0x229 network.o
 .debug_macro   0x0000140c       0x2e network.o
 .debug_macro   0x0000143a       0xcf network.o
 .debug_macro   0x00001509      0x1ed network.o
 .debug_macro   0x000016f6       0x16 network.o
 .debug_macro   0x0000170c       0x2e network.o
 .debug_macro   0x0000173a       0xdc network.o
 .debug_macro   0x00001816       0x4d network.o
 .debug_macro   0x00001863       0x25 network.o
 .debug_macro   0x00001888       0x6d network.o
 .debug_macro   0x000018f5       0x16 network.o
 .debug_macro   0x0000190b       0x7c network.o
 .debug_macro   0x00001987       0x22 network.o
 .debug_macro   0x000019a9       0x10 network.o
 .debug_macro   0x000019b9       0x11 network.o
 .debug_macro   0x000019ca       0x2e network.o
 .debug_macro   0x000019f8       0x2e network.o
 .debug_macro   0x00001a26      0x19b network.o
 .debug_macro   0x00001bc1       0x7c network.o
 .debug_macro   0x00001c3d       0x17 network.o
 .debug_macro   0x00001c54      0x118 network.o
 .debug_macro   0x00001d6c      0x202 network.o
 .debug_macro   0x00001f6e       0x3a network.o
 .debug_macro   0x00001fa8       0x16 network.o
 .debug_macro   0x00001fbe      0x599 network.o
 .debug_macro   0x00002557       0x16 network.o
 .debug_macro   0x0000256d       0x10 network.o
 .debug_macro   0x0000257d       0x93 network_data.o
 .debug_macro   0x00002610       0x28 network_data.o
 .debug_macro   0x00002638       0xab network_data.o
 .debug_macro   0x000026e3      0x1dc stedgeai_app_main.o
 .debug_macro   0x000028bf       0x16 stedgeai_app_main.o
 .debug_macro   0x000028d5       0x9e stedgeai_app_main.o
 .debug_macro   0x00002973      0x112 stedgeai_app_main.o
 .debug_macro   0x00002a85       0x16 stedgeai_app_main.o
 .debug_macro   0x00002a9b       0x16 stedgeai_app_main.o
 .debug_macro   0x00002ab1       0x10 stedgeai_app_main.o

.comment        0x00000000       0x43
 .comment       0x00000000       0x43 network.o
                                 0x44 (size before relaxing)
 .comment       0x00000043       0x44 network_data.o
 .comment       0x00000043       0x44 stedgeai_app_main.o
 .comment       0x00000043       0x44 /home/docker/STM32Cube/Repository/Packs/STMicroelectronics/X-CUBE-AI/3.0.0/Middlewares/ST/AI/Lib/GCC/ARMCortexM4/NetworkRuntime1100_CM4_GCC.a(layers_pool_stm32_integer.o)
 .comment       0x00000043       0x44 /home/docker/STM32Cube/Repository/Packs/STMicroelectronics/X-CUBE-AI/3.0.0/Middlewares/ST/AI/Lib/GCC/ARMCortexM4/NetworkRuntime1100_CM4_GCC.a(layers_pw_sssa8_ch.o)
 .comment       0x00000043       0x44 /home/docker/STM32Cube/Repository/Packs/STMicroelectronics/X-CUBE-AI/3.0.0/Middlewares/ST/AI/Lib/GCC/ARMCortexM4/NetworkRuntime1100_CM4_GCC.a(forward_lite_convert.o)
 .comment       0x00000043       0x44 /home/docker/STM32Cube/Repository/Packs/STMicroelectronics/X-CUBE-AI/3.0.0/Middlewares/ST/AI/Lib/GCC/ARMCortexM4/NetworkRuntime1100_CM4_GCC.a(forward_lite_avepool_is8os8.o)
 .comment       0x00000043       0x44 /home/docker/STM32Cube/Repository/Packs/STMicroelectronics/X-CUBE-AI/3.0.0/Middlewares/ST/AI/Lib/GCC/ARMCortexM4/NetworkRuntime1100_CM4_GCC.a(forward_lite_dw_sssa8_ch.o)
 .comment       0x00000043       0x44 /home/docker/STM32Cube/Repository/Packs/STMicroelectronics/X-CUBE-AI/3.0.0/Middlewares/ST/AI/Lib/GCC/ARMCortexM4/NetworkRuntime1100_CM4_GCC.a(forward_lite_pw_sssa8_ch.o)
 .comment       0x00000043       0x44 /home/docker/STM32Cube/Repository/Packs/STMicroelectronics/X-CUBE-AI/3.0.0/Middlewares/ST/AI/Lib/GCC/ARMCortexM4/NetworkRuntime1100_CM4_GCC.a(forward_lite_conv2d_sssa8_ch.o)
 .comment       0x00000043       0x44 /home/docker/STM32Cube/Repository/Packs/STMicroelectronics/X-CUBE-AI/3.0.0/Middlewares/ST/AI/Lib/GCC/ARMCortexM4/NetworkRuntime1100_CM4_GCC.a(lite_convert_kernel.o)
 .comment       0x00000043       0x44 /home/docker/STM32Cube/Repository/Packs/STMicroelectronics/X-CUBE-AI/3.0.0/Middlewares/ST/AI/Lib/GCC/ARMCortexM4/NetworkRuntime1100_CM4_GCC.a(lite_nl_generic_integer.o)
 .comment       0x00000043       0x44 /home/docker/STM32Cube/Repository/Packs/STMicroelectronics/X-CUBE-AI/3.0.0/Middlewares/ST/AI/Lib/GCC/ARMCortexM4/NetworkRuntime1100_CM4_GCC.a(st_align_factor.o)
 .comment       0x00000043       0x44 /home/docker/STM32Cube/Repository/Packs/STMicroelectronics/X-CUBE-AI/3.0.0/Middlewares/ST/AI/Lib/GCC/ARMCortexM4/NetworkRuntime1100_CM4_GCC.a(st_int8_to16_no_shift.o)
 .comment       0x00000043       0x44 /home/docker/STM32Cube/Repository/Packs/STMicroelectronics/X-CUBE-AI/3.0.0/Middlewares/ST/AI/Lib/GCC/ARMCortexM4/NetworkRuntime1100_CM4_GCC.a(st_padding_opt.o)
 .comment       0x00000043       0x44 /home/docker/STM32Cube/Repository/Packs/STMicroelectronics/X-CUBE-AI/3.0.0/Middlewares/ST/AI/Lib/GCC/ARMCortexM4/NetworkRuntime1100_CM4_GCC.a(st_int8_pool.o)
 .comment       0x00000043       0x44 /home/docker/STM32Cube/Repository/Packs/STMicroelectronics/X-CUBE-AI/3.0.0/Middlewares/ST/AI/Lib/GCC/ARMCortexM4/NetworkRuntime1100_CM4_GCC.a(st_sssa8_ch_convolve.o)
 .comment       0x00000043       0x44 /home/docker/STM32Cube/Repository/Packs/STMicroelectronics/X-CUBE-AI/3.0.0/Middlewares/ST/AI/Lib/GCC/ARMCortexM4/NetworkRuntime1100_CM4_GCC.a(st_int8_fill.o)
 .comment       0x00000043       0x44 /home/docker/STM32Cube/Repository/Packs/STMicroelectronics/X-CUBE-AI/3.0.0/Middlewares/ST/AI/Lib/GCC/ARMCortexM4/NetworkRuntime1100_CM4_GCC.a(st_sssa8_ch_nn_mat_mult_kernel_single_opt.o)
 .comment       0x00000043       0x44 /home/docker/STM32Cube/Repository/Packs/STMicroelectronics/X-CUBE-AI/3.0.0/Middlewares/ST/AI/Lib/GCC/ARMCortexM4/NetworkRuntime1100_CM4_GCC.a(st_sssa8_ch_nn_mat_mult_nt_t.o)
 .comment       0x00000043       0x44 /home/docker/STM32Cube/Repository/Packs/STMicroelectronics/X-CUBE-AI/3.0.0/Middlewares/ST/AI/Lib/GCC/ARMCortexM4/NetworkRuntime1100_CM4_GCC.a(ai_datatypes_format.o)
 .comment       0x00000043       0x44 /home/docker/STM32Cube/Repository/Packs/STMicroelectronics/X-CUBE-AI/3.0.0/Middlewares/ST/AI/Lib/GCC/ARMCortexM4/NetworkRuntime1100_CM4_GCC.a(ai_datatypes_internal.o)
 .comment       0x00000043       0x44 /home/docker/STM32Cube/Repository/Packs/STMicroelectronics/X-CUBE-AI/3.0.0/Middlewares/ST/AI/Lib/GCC/ARMCortexM4/NetworkRuntime1100_CM4_GCC.a(core_utils.o)
 .comment       0x00000043       0x44 /home/docker/STM32Cube/Repository/Packs/STMicroelectronics/X-CUBE-AI/3.0.0/Middlewares/ST/AI/Lib/GCC/ARMCortexM4/NetworkRuntime1100_CM4_GCC.a(lite_nl_softmax_is8os8.o)

.debug_frame    0x00000000      0x2c8
 .debug_frame   0x00000000      0x1f8 network.o
 .debug_frame   0x000001f8       0x7c stedgeai_app_main.o
 .debug_frame   0x00000274       0x2c /opt/st/stm32cubeide_1.19.0.25.U3-2M-A2/plugins/com.st.stm32cube.ide.mcu.externaltools.gnu-tools-for-stm32.13.3.rel1.linux64_1.0.0.202508111337/tools/bin/../lib/gcc/arm-none-eabi/13.3.1/../../../../arm-none-eabi/lib/thumb/v7e-m+fp/hard/libc_nano.a(libc_a-init.o)
 .debug_frame   0x000002a0       0x28 /opt/st/stm32cubeide_1.19.0.25.U3-2M-A2/plugins/com.st.stm32cube.ide.mcu.externaltools.gnu-tools-for-stm32.13.3.rel1.linux64_1.0.0.202508111337/tools/bin/../lib/gcc/arm-none-eabi/13.3.1/../../../../arm-none-eabi/lib/thumb/v7e-m+fp/hard/libc_nano.a(libc_a-memcpy-stub.o)

Cross Reference Table

Symbol                                            File
BusFault_Handler                                  startup_stm32xx.o
DebugMon_Handler                                  startup_stm32xx.o
Default_Handler                                   startup_stm32xx.o
HardFault_Handler                                 startup_stm32xx.o
MemManage_Handler                                 startup_stm32xx.o
NMI_Handler                                       startup_stm32xx.o
PendSV_Handler                                    startup_stm32xx.o
Reset_Handler                                     startup_stm32xx.o
SVC_Handler                                       startup_stm32xx.o
SysTick_Handler                                   startup_stm32xx.o
SystemInit                                        stedgeai_app_main.o
                                                  startup_stm32xx.o
UsageFault_Handler                                startup_stm32xx.o
_Min_Stack_Size                                   sysmem.o
__adddf3                                          /opt/st/stm32cubeide_1.19.0.25.U3-2M-A2/plugins/com.st.stm32cube.ide.mcu.externaltools.gnu-tools-for-stm32.13.3.rel1.linux64_1.0.0.202508111337/tools/bin/../lib/gcc/arm-none-eabi/13.3.1/thumb/v7e-m+fp/hard/libgcc.a(_arm_addsubdf3.o)
__aeabi_d2uiz                                     /opt/st/stm32cubeide_1.19.0.25.U3-2M-A2/plugins/com.st.stm32cube.ide.mcu.externaltools.gnu-tools-for-stm32.13.3.rel1.linux64_1.0.0.202508111337/tools/bin/../lib/gcc/arm-none-eabi/13.3.1/thumb/v7e-m+fp/hard/libgcc.a(_arm_fixunsdfsi.o)
                                                  /opt/st/stm32cubeide_1.19.0.25.U3-2M-A2/plugins/com.st.stm32cube.ide.mcu.externaltools.gnu-tools-for-stm32.13.3.rel1.linux64_1.0.0.202508111337/tools/bin/../lib/gcc/arm-none-eabi/13.3.1/thumb/v7e-m+fp/hard/libgcc.a(_fixunssfdi.o)
__aeabi_dadd                                      /opt/st/stm32cubeide_1.19.0.25.U3-2M-A2/plugins/com.st.stm32cube.ide.mcu.externaltools.gnu-tools-for-stm32.13.3.rel1.linux64_1.0.0.202508111337/tools/bin/../lib/gcc/arm-none-eabi/13.3.1/thumb/v7e-m+fp/hard/libgcc.a(_arm_addsubdf3.o)
__aeabi_dmul                                      /opt/st/stm32cubeide_1.19.0.25.U3-2M-A2/plugins/com.st.stm32cube.ide.mcu.externaltools.gnu-tools-for-stm32.13.3.rel1.linux64_1.0.0.202508111337/tools/bin/../lib/gcc/arm-none-eabi/13.3.1/thumb/v7e-m+fp/hard/libgcc.a(_arm_muldf3.o)
                                                  /opt/st/stm32cubeide_1.19.0.25.U3-2M-A2/plugins/com.st.stm32cube.ide.mcu.externaltools.gnu-tools-for-stm32.13.3.rel1.linux64_1.0.0.202508111337/tools/bin/../lib/gcc/arm-none-eabi/13.3.1/thumb/v7e-m+fp/hard/libgcc.a(_fixunssfdi.o)
__aeabi_drsub                                     /opt/st/stm32cubeide_1.19.0.25.U3-2M-A2/plugins/com.st.stm32cube.ide.mcu.externaltools.gnu-tools-for-stm32.13.3.rel1.linux64_1.0.0.202508111337/tools/bin/../lib/gcc/arm-none-eabi/13.3.1/thumb/v7e-m+fp/hard/libgcc.a(_arm_addsubdf3.o)
__aeabi_dsub                                      /opt/st/stm32cubeide_1.19.0.25.U3-2M-A2/plugins/com.st.stm32cube.ide.mcu.externaltools.gnu-tools-for-stm32.13.3.rel1.linux64_1.0.0.202508111337/tools/bin/../lib/gcc/arm-none-eabi/13.3.1/thumb/v7e-m+fp/hard/libgcc.a(_arm_addsubdf3.o)
                                                  /opt/st/stm32cubeide_1.19.0.25.U3-2M-A2/plugins/com.st.stm32cube.ide.mcu.externaltools.gnu-tools-for-stm32.13.3.rel1.linux64_1.0.0.202508111337/tools/bin/../lib/gcc/arm-none-eabi/13.3.1/thumb/v7e-m+fp/hard/libgcc.a(_fixunssfdi.o)
__aeabi_f2d                                       /opt/st/stm32cubeide_1.19.0.25.U3-2M-A2/plugins/com.st.stm32cube.ide.mcu.externaltools.gnu-tools-for-stm32.13.3.rel1.linux64_1.0.0.202508111337/tools/bin/../lib/gcc/arm-none-eabi/13.3.1/thumb/v7e-m+fp/hard/libgcc.a(_arm_addsubdf3.o)
                                                  /opt/st/stm32cubeide_1.19.0.25.U3-2M-A2/plugins/com.st.stm32cube.ide.mcu.externaltools.gnu-tools-for-stm32.13.3.rel1.linux64_1.0.0.202508111337/tools/bin/../lib/gcc/arm-none-eabi/13.3.1/thumb/v7e-m+fp/hard/libgcc.a(_fixunssfdi.o)
__aeabi_f2lz                                      /opt/st/stm32cubeide_1.19.0.25.U3-2M-A2/plugins/com.st.stm32cube.ide.mcu.externaltools.gnu-tools-for-stm32.13.3.rel1.linux64_1.0.0.202508111337/tools/bin/../lib/gcc/arm-none-eabi/13.3.1/thumb/v7e-m+fp/hard/libgcc.a(_fixsfdi.o)
                                                  /home/docker/STM32Cube/Repository/Packs/STMicroelectronics/X-CUBE-AI/3.0.0/Middlewares/ST/AI/Lib/GCC/ARMCortexM4/NetworkRuntime1100_CM4_GCC.a(st_align_factor.o)
__aeabi_f2ulz                                     /opt/st/stm32cubeide_1.19.0.25.U3-2M-A2/plugins/com.st.stm32cube.ide.mcu.externaltools.gnu-tools-for-stm32.13.3.rel1.linux64_1.0.0.202508111337/tools/bin/../lib/gcc/arm-none-eabi/13.3.1/thumb/v7e-m+fp/hard/libgcc.a(_fixunssfdi.o)
                                                  /opt/st/stm32cubeide_1.19.0.25.U3-2M-A2/plugins/com.st.stm32cube.ide.mcu.externaltools.gnu-tools-for-stm32.13.3.rel1.linux64_1.0.0.202508111337/tools/bin/../lib/gcc/arm-none-eabi/13.3.1/thumb/v7e-m+fp/hard/libgcc.a(_fixsfdi.o)
__aeabi_i2d                                       /opt/st/stm32cubeide_1.19.0.25.U3-2M-A2/plugins/com.st.stm32cube.ide.mcu.externaltools.gnu-tools-for-stm32.13.3.rel1.linux64_1.0.0.202508111337/tools/bin/../lib/gcc/arm-none-eabi/13.3.1/thumb/v7e-m+fp/hard/libgcc.a(_arm_addsubdf3.o)
__aeabi_l2d                                       /opt/st/stm32cubeide_1.19.0.25.U3-2M-A2/plugins/com.st.stm32cube.ide.mcu.externaltools.gnu-tools-for-stm32.13.3.rel1.linux64_1.0.0.202508111337/tools/bin/../lib/gcc/arm-none-eabi/13.3.1/thumb/v7e-m+fp/hard/libgcc.a(_arm_addsubdf3.o)
__aeabi_ui2d                                      /opt/st/stm32cubeide_1.19.0.25.U3-2M-A2/plugins/com.st.stm32cube.ide.mcu.externaltools.gnu-tools-for-stm32.13.3.rel1.linux64_1.0.0.202508111337/tools/bin/../lib/gcc/arm-none-eabi/13.3.1/thumb/v7e-m+fp/hard/libgcc.a(_arm_addsubdf3.o)
                                                  /opt/st/stm32cubeide_1.19.0.25.U3-2M-A2/plugins/com.st.stm32cube.ide.mcu.externaltools.gnu-tools-for-stm32.13.3.rel1.linux64_1.0.0.202508111337/tools/bin/../lib/gcc/arm-none-eabi/13.3.1/thumb/v7e-m+fp/hard/libgcc.a(_fixunssfdi.o)
__aeabi_ul2d                                      /opt/st/stm32cubeide_1.19.0.25.U3-2M-A2/plugins/com.st.stm32cube.ide.mcu.externaltools.gnu-tools-for-stm32.13.3.rel1.linux64_1.0.0.202508111337/tools/bin/../lib/gcc/arm-none-eabi/13.3.1/thumb/v7e-m+fp/hard/libgcc.a(_arm_addsubdf3.o)
__bss_end__                                       /opt/st/stm32cubeide_1.19.0.25.U3-2M-A2/plugins/com.st.stm32cube.ide.mcu.externaltools.gnu-tools-for-stm32.13.3.rel1.linux64_1.0.0.202508111337/tools/bin/../lib/gcc/arm-none-eabi/13.3.1/../../../../arm-none-eabi/lib/thumb/v7e-m+fp/hard/crt0.o
__bss_start__                                     /opt/st/stm32cubeide_1.19.0.25.U3-2M-A2/plugins/com.st.stm32cube.ide.mcu.externaltools.gnu-tools-for-stm32.13.3.rel1.linux64_1.0.0.202508111337/tools/bin/../lib/gcc/arm-none-eabi/13.3.1/../../../../arm-none-eabi/lib/thumb/v7e-m+fp/hard/crt0.o
__call_exitprocs                                  /opt/st/stm32cubeide_1.19.0.25.U3-2M-A2/plugins/com.st.stm32cube.ide.mcu.externaltools.gnu-tools-for-stm32.13.3.rel1.linux64_1.0.0.202508111337/tools/bin/../lib/gcc/arm-none-eabi/13.3.1/../../../../arm-none-eabi/lib/thumb/v7e-m+fp/hard/libc_nano.a(libc_a-exit.o)
__deregister_frame_info                           /opt/st/stm32cubeide_1.19.0.25.U3-2M-A2/plugins/com.st.stm32cube.ide.mcu.externaltools.gnu-tools-for-stm32.13.3.rel1.linux64_1.0.0.202508111337/tools/bin/../lib/gcc/arm-none-eabi/13.3.1/thumb/v7e-m+fp/hard/crtbegin.o
__dso_handle                                      /opt/st/stm32cubeide_1.19.0.25.U3-2M-A2/plugins/com.st.stm32cube.ide.mcu.externaltools.gnu-tools-for-stm32.13.3.rel1.linux64_1.0.0.202508111337/tools/bin/../lib/gcc/arm-none-eabi/13.3.1/thumb/v7e-m+fp/hard/crtbegin.o
__env                                             syscalls.o
__errno                                           /opt/st/stm32cubeide_1.19.0.25.U3-2M-A2/plugins/com.st.stm32cube.ide.mcu.externaltools.gnu-tools-for-stm32.13.3.rel1.linux64_1.0.0.202508111337/tools/bin/../lib/gcc/arm-none-eabi/13.3.1/../../../../arm-none-eabi/lib/thumb/v7e-m+fp/hard/libc_nano.a(libc_a-errno.o)
                                                  syscalls.o
                                                  sysmem.o
__extendsfdf2                                     /opt/st/stm32cubeide_1.19.0.25.U3-2M-A2/plugins/com.st.stm32cube.ide.mcu.externaltools.gnu-tools-for-stm32.13.3.rel1.linux64_1.0.0.202508111337/tools/bin/../lib/gcc/arm-none-eabi/13.3.1/thumb/v7e-m+fp/hard/libgcc.a(_arm_addsubdf3.o)
__fixsfdi                                         /opt/st/stm32cubeide_1.19.0.25.U3-2M-A2/plugins/com.st.stm32cube.ide.mcu.externaltools.gnu-tools-for-stm32.13.3.rel1.linux64_1.0.0.202508111337/tools/bin/../lib/gcc/arm-none-eabi/13.3.1/thumb/v7e-m+fp/hard/libgcc.a(_fixsfdi.o)
__fixunsdfsi                                      /opt/st/stm32cubeide_1.19.0.25.U3-2M-A2/plugins/com.st.stm32cube.ide.mcu.externaltools.gnu-tools-for-stm32.13.3.rel1.linux64_1.0.0.202508111337/tools/bin/../lib/gcc/arm-none-eabi/13.3.1/thumb/v7e-m+fp/hard/libgcc.a(_arm_fixunsdfsi.o)
__fixunssfdi                                      /opt/st/stm32cubeide_1.19.0.25.U3-2M-A2/plugins/com.st.stm32cube.ide.mcu.externaltools.gnu-tools-for-stm32.13.3.rel1.linux64_1.0.0.202508111337/tools/bin/../lib/gcc/arm-none-eabi/13.3.1/thumb/v7e-m+fp/hard/libgcc.a(_fixunssfdi.o)
__floatdidf                                       /opt/st/stm32cubeide_1.19.0.25.U3-2M-A2/plugins/com.st.stm32cube.ide.mcu.externaltools.gnu-tools-for-stm32.13.3.rel1.linux64_1.0.0.202508111337/tools/bin/../lib/gcc/arm-none-eabi/13.3.1/thumb/v7e-m+fp/hard/libgcc.a(_arm_addsubdf3.o)
__floatsidf                                       /opt/st/stm32cubeide_1.19.0.25.U3-2M-A2/plugins/com.st.stm32cube.ide.mcu.externaltools.gnu-tools-for-stm32.13.3.rel1.linux64_1.0.0.202508111337/tools/bin/../lib/gcc/arm-none-eabi/13.3.1/thumb/v7e-m+fp/hard/libgcc.a(_arm_addsubdf3.o)
__floatundidf                                     /opt/st/stm32cubeide_1.19.0.25.U3-2M-A2/plugins/com.st.stm32cube.ide.mcu.externaltools.gnu-tools-for-stm32.13.3.rel1.linux64_1.0.0.202508111337/tools/bin/../lib/gcc/arm-none-eabi/13.3.1/thumb/v7e-m+fp/hard/libgcc.a(_arm_addsubdf3.o)
__floatunsidf                                     /opt/st/stm32cubeide_1.19.0.25.U3-2M-A2/plugins/com.st.stm32cube.ide.mcu.externaltools.gnu-tools-for-stm32.13.3.rel1.linux64_1.0.0.202508111337/tools/bin/../lib/gcc/arm-none-eabi/13.3.1/thumb/v7e-m+fp/hard/libgcc.a(_arm_addsubdf3.o)
__fp_lock_all                                     /opt/st/stm32cubeide_1.19.0.25.U3-2M-A2/plugins/com.st.stm32cube.ide.mcu.externaltools.gnu-tools-for-stm32.13.3.rel1.linux64_1.0.0.202508111337/tools/bin/../lib/gcc/arm-none-eabi/13.3.1/../../../../arm-none-eabi/lib/thumb/v7e-m+fp/hard/libc_nano.a(libc_a-findfp.o)
__fp_unlock_all                                   /opt/st/stm32cubeide_1.19.0.25.U3-2M-A2/plugins/com.st.stm32cube.ide.mcu.externaltools.gnu-tools-for-stm32.13.3.rel1.linux64_1.0.0.202508111337/tools/bin/../lib/gcc/arm-none-eabi/13.3.1/../../../../arm-none-eabi/lib/thumb/v7e-m+fp/hard/libc_nano.a(libc_a-findfp.o)
__init_array_end                                  /opt/st/stm32cubeide_1.19.0.25.U3-2M-A2/plugins/com.st.stm32cube.ide.mcu.externaltools.gnu-tools-for-stm32.13.3.rel1.linux64_1.0.0.202508111337/tools/bin/../lib/gcc/arm-none-eabi/13.3.1/../../../../arm-none-eabi/lib/thumb/v7e-m+fp/hard/libc_nano.a(libc_a-init.o)
__init_array_start                                /opt/st/stm32cubeide_1.19.0.25.U3-2M-A2/plugins/com.st.stm32cube.ide.mcu.externaltools.gnu-tools-for-stm32.13.3.rel1.linux64_1.0.0.202508111337/tools/bin/../lib/gcc/arm-none-eabi/13.3.1/../../../../arm-none-eabi/lib/thumb/v7e-m+fp/hard/libc_nano.a(libc_a-init.o)
__io_getchar                                      syscalls.o
__io_putchar                                      syscalls.o
__libc_fini_array                                 /opt/st/stm32cubeide_1.19.0.25.U3-2M-A2/plugins/com.st.stm32cube.ide.mcu.externaltools.gnu-tools-for-stm32.13.3.rel1.linux64_1.0.0.202508111337/tools/bin/../lib/gcc/arm-none-eabi/13.3.1/../../../../arm-none-eabi/lib/thumb/v7e-m+fp/hard/crt0.o
__libc_init_array                                 /opt/st/stm32cubeide_1.19.0.25.U3-2M-A2/plugins/com.st.stm32cube.ide.mcu.externaltools.gnu-tools-for-stm32.13.3.rel1.linux64_1.0.0.202508111337/tools/bin/../lib/gcc/arm-none-eabi/13.3.1/../../../../arm-none-eabi/lib/thumb/v7e-m+fp/hard/libc_nano.a(libc_a-init.o)
                                                  startup_stm32xx.o
                                                  /opt/st/stm32cubeide_1.19.0.25.U3-2M-A2/plugins/com.st.stm32cube.ide.mcu.externaltools.gnu-tools-for-stm32.13.3.rel1.linux64_1.0.0.202508111337/tools/bin/../lib/gcc/arm-none-eabi/13.3.1/../../../../arm-none-eabi/lib/thumb/v7e-m+fp/hard/crt0.o
__lock___arc4random_mutex                         /opt/st/stm32cubeide_1.19.0.25.U3-2M-A2/plugins/com.st.stm32cube.ide.mcu.externaltools.gnu-tools-for-stm32.13.3.rel1.linux64_1.0.0.202508111337/tools/bin/../lib/gcc/arm-none-eabi/13.3.1/../../../../arm-none-eabi/lib/thumb/v7e-m+fp/hard/libc_nano.a(libc_a-lock.o)
__lock___at_quick_exit_mutex                      /opt/st/stm32cubeide_1.19.0.25.U3-2M-A2/plugins/com.st.stm32cube.ide.mcu.externaltools.gnu-tools-for-stm32.13.3.rel1.linux64_1.0.0.202508111337/tools/bin/../lib/gcc/arm-none-eabi/13.3.1/../../../../arm-none-eabi/lib/thumb/v7e-m+fp/hard/libc_nano.a(libc_a-lock.o)
__lock___atexit_recursive_mutex                   /opt/st/stm32cubeide_1.19.0.25.U3-2M-A2/plugins/com.st.stm32cube.ide.mcu.externaltools.gnu-tools-for-stm32.13.3.rel1.linux64_1.0.0.202508111337/tools/bin/../lib/gcc/arm-none-eabi/13.3.1/../../../../arm-none-eabi/lib/thumb/v7e-m+fp/hard/libc_nano.a(libc_a-lock.o)
__lock___dd_hash_mutex                            /opt/st/stm32cubeide_1.19.0.25.U3-2M-A2/plugins/com.st.stm32cube.ide.mcu.externaltools.gnu-tools-for-stm32.13.3.rel1.linux64_1.0.0.202508111337/tools/bin/../lib/gcc/arm-none-eabi/13.3.1/../../../../arm-none-eabi/lib/thumb/v7e-m+fp/hard/libc_nano.a(libc_a-lock.o)
__lock___env_recursive_mutex                      /opt/st/stm32cubeide_1.19.0.25.U3-2M-A2/plugins/com.st.stm32cube.ide.mcu.externaltools.gnu-tools-for-stm32.13.3.rel1.linux64_1.0.0.202508111337/tools/bin/../lib/gcc/arm-none-eabi/13.3.1/../../../../arm-none-eabi/lib/thumb/v7e-m+fp/hard/libc_nano.a(libc_a-lock.o)
__lock___malloc_recursive_mutex                   /opt/st/stm32cubeide_1.19.0.25.U3-2M-A2/plugins/com.st.stm32cube.ide.mcu.externaltools.gnu-tools-for-stm32.13.3.rel1.linux64_1.0.0.202508111337/tools/bin/../lib/gcc/arm-none-eabi/13.3.1/../../../../arm-none-eabi/lib/thumb/v7e-m+fp/hard/libc_nano.a(libc_a-lock.o)
                                                  /opt/st/stm32cubeide_1.19.0.25.U3-2M-A2/plugins/com.st.stm32cube.ide.mcu.externaltools.gnu-tools-for-stm32.13.3.rel1.linux64_1.0.0.202508111337/tools/bin/../lib/gcc/arm-none-eabi/13.3.1/../../../../arm-none-eabi/lib/thumb/v7e-m+fp/hard/libc_nano.a(libc_a-mlock.o)
__lock___sfp_recursive_mutex                      /opt/st/stm32cubeide_1.19.0.25.U3-2M-A2/plugins/com.st.stm32cube.ide.mcu.externaltools.gnu-tools-for-stm32.13.3.rel1.linux64_1.0.0.202508111337/tools/bin/../lib/gcc/arm-none-eabi/13.3.1/../../../../arm-none-eabi/lib/thumb/v7e-m+fp/hard/libc_nano.a(libc_a-lock.o)
                                                  /opt/st/stm32cubeide_1.19.0.25.U3-2M-A2/plugins/com.st.stm32cube.ide.mcu.externaltools.gnu-tools-for-stm32.13.3.rel1.linux64_1.0.0.202508111337/tools/bin/../lib/gcc/arm-none-eabi/13.3.1/../../../../arm-none-eabi/lib/thumb/v7e-m+fp/hard/libc_nano.a(libc_a-findfp.o)
__lock___tz_mutex                                 /opt/st/stm32cubeide_1.19.0.25.U3-2M-A2/plugins/com.st.stm32cube.ide.mcu.externaltools.gnu-tools-for-stm32.13.3.rel1.linux64_1.0.0.202508111337/tools/bin/../lib/gcc/arm-none-eabi/13.3.1/../../../../arm-none-eabi/lib/thumb/v7e-m+fp/hard/libc_nano.a(libc_a-lock.o)
__malloc_free_list                                /opt/st/stm32cubeide_1.19.0.25.U3-2M-A2/plugins/com.st.stm32cube.ide.mcu.externaltools.gnu-tools-for-stm32.13.3.rel1.linux64_1.0.0.202508111337/tools/bin/../lib/gcc/arm-none-eabi/13.3.1/../../../../arm-none-eabi/lib/thumb/v7e-m+fp/hard/libc_nano.a(libc_a-mallocr.o)
                                                  /opt/st/stm32cubeide_1.19.0.25.U3-2M-A2/plugins/com.st.stm32cube.ide.mcu.externaltools.gnu-tools-for-stm32.13.3.rel1.linux64_1.0.0.202508111337/tools/bin/../lib/gcc/arm-none-eabi/13.3.1/../../../../arm-none-eabi/lib/thumb/v7e-m+fp/hard/libc_nano.a(libc_a-freer.o)
__malloc_lock                                     /opt/st/stm32cubeide_1.19.0.25.U3-2M-A2/plugins/com.st.stm32cube.ide.mcu.externaltools.gnu-tools-for-stm32.13.3.rel1.linux64_1.0.0.202508111337/tools/bin/../lib/gcc/arm-none-eabi/13.3.1/../../../../arm-none-eabi/lib/thumb/v7e-m+fp/hard/libc_nano.a(libc_a-mlock.o)
                                                  /opt/st/stm32cubeide_1.19.0.25.U3-2M-A2/plugins/com.st.stm32cube.ide.mcu.externaltools.gnu-tools-for-stm32.13.3.rel1.linux64_1.0.0.202508111337/tools/bin/../lib/gcc/arm-none-eabi/13.3.1/../../../../arm-none-eabi/lib/thumb/v7e-m+fp/hard/libc_nano.a(libc_a-freer.o)
                                                  /opt/st/stm32cubeide_1.19.0.25.U3-2M-A2/plugins/com.st.stm32cube.ide.mcu.externaltools.gnu-tools-for-stm32.13.3.rel1.linux64_1.0.0.202508111337/tools/bin/../lib/gcc/arm-none-eabi/13.3.1/../../../../arm-none-eabi/lib/thumb/v7e-m+fp/hard/libc_nano.a(libc_a-mallocr.o)
__malloc_sbrk_start                               /opt/st/stm32cubeide_1.19.0.25.U3-2M-A2/plugins/com.st.stm32cube.ide.mcu.externaltools.gnu-tools-for-stm32.13.3.rel1.linux64_1.0.0.202508111337/tools/bin/../lib/gcc/arm-none-eabi/13.3.1/../../../../arm-none-eabi/lib/thumb/v7e-m+fp/hard/libc_nano.a(libc_a-mallocr.o)
__malloc_unlock                                   /opt/st/stm32cubeide_1.19.0.25.U3-2M-A2/plugins/com.st.stm32cube.ide.mcu.externaltools.gnu-tools-for-stm32.13.3.rel1.linux64_1.0.0.202508111337/tools/bin/../lib/gcc/arm-none-eabi/13.3.1/../../../../arm-none-eabi/lib/thumb/v7e-m+fp/hard/libc_nano.a(libc_a-mlock.o)
                                                  /opt/st/stm32cubeide_1.19.0.25.U3-2M-A2/plugins/com.st.stm32cube.ide.mcu.externaltools.gnu-tools-for-stm32.13.3.rel1.linux64_1.0.0.202508111337/tools/bin/../lib/gcc/arm-none-eabi/13.3.1/../../../../arm-none-eabi/lib/thumb/v7e-m+fp/hard/libc_nano.a(libc_a-freer.o)
                                                  /opt/st/stm32cubeide_1.19.0.25.U3-2M-A2/plugins/com.st.stm32cube.ide.mcu.externaltools.gnu-tools-for-stm32.13.3.rel1.linux64_1.0.0.202508111337/tools/bin/../lib/gcc/arm-none-eabi/13.3.1/../../../../arm-none-eabi/lib/thumb/v7e-m+fp/hard/libc_nano.a(libc_a-mallocr.o)
__muldf3                                          /opt/st/stm32cubeide_1.19.0.25.U3-2M-A2/plugins/com.st.stm32cube.ide.mcu.externaltools.gnu-tools-for-stm32.13.3.rel1.linux64_1.0.0.202508111337/tools/bin/../lib/gcc/arm-none-eabi/13.3.1/thumb/v7e-m+fp/hard/libgcc.a(_arm_muldf3.o)
__preinit_array_end                               /opt/st/stm32cubeide_1.19.0.25.U3-2M-A2/plugins/com.st.stm32cube.ide.mcu.externaltools.gnu-tools-for-stm32.13.3.rel1.linux64_1.0.0.202508111337/tools/bin/../lib/gcc/arm-none-eabi/13.3.1/../../../../arm-none-eabi/lib/thumb/v7e-m+fp/hard/libc_nano.a(libc_a-init.o)
__preinit_array_start                             /opt/st/stm32cubeide_1.19.0.25.U3-2M-A2/plugins/com.st.stm32cube.ide.mcu.externaltools.gnu-tools-for-stm32.13.3.rel1.linux64_1.0.0.202508111337/tools/bin/../lib/gcc/arm-none-eabi/13.3.1/../../../../arm-none-eabi/lib/thumb/v7e-m+fp/hard/libc_nano.a(libc_a-init.o)
__register_frame_info                             /opt/st/stm32cubeide_1.19.0.25.U3-2M-A2/plugins/com.st.stm32cube.ide.mcu.externaltools.gnu-tools-for-stm32.13.3.rel1.linux64_1.0.0.202508111337/tools/bin/../lib/gcc/arm-none-eabi/13.3.1/thumb/v7e-m+fp/hard/crtbegin.o
__retarget_lock_acquire                           /opt/st/stm32cubeide_1.19.0.25.U3-2M-A2/plugins/com.st.stm32cube.ide.mcu.externaltools.gnu-tools-for-stm32.13.3.rel1.linux64_1.0.0.202508111337/tools/bin/../lib/gcc/arm-none-eabi/13.3.1/../../../../arm-none-eabi/lib/thumb/v7e-m+fp/hard/libc_nano.a(libc_a-lock.o)
__retarget_lock_acquire_recursive                 /opt/st/stm32cubeide_1.19.0.25.U3-2M-A2/plugins/com.st.stm32cube.ide.mcu.externaltools.gnu-tools-for-stm32.13.3.rel1.linux64_1.0.0.202508111337/tools/bin/../lib/gcc/arm-none-eabi/13.3.1/../../../../arm-none-eabi/lib/thumb/v7e-m+fp/hard/libc_nano.a(libc_a-lock.o)
                                                  /opt/st/stm32cubeide_1.19.0.25.U3-2M-A2/plugins/com.st.stm32cube.ide.mcu.externaltools.gnu-tools-for-stm32.13.3.rel1.linux64_1.0.0.202508111337/tools/bin/../lib/gcc/arm-none-eabi/13.3.1/../../../../arm-none-eabi/lib/thumb/v7e-m+fp/hard/libc_nano.a(libc_a-fflush.o)
                                                  /opt/st/stm32cubeide_1.19.0.25.U3-2M-A2/plugins/com.st.stm32cube.ide.mcu.externaltools.gnu-tools-for-stm32.13.3.rel1.linux64_1.0.0.202508111337/tools/bin/../lib/gcc/arm-none-eabi/13.3.1/../../../../arm-none-eabi/lib/thumb/v7e-m+fp/hard/libc_nano.a(libc_a-findfp.o)
                                                  /opt/st/stm32cubeide_1.19.0.25.U3-2M-A2/plugins/com.st.stm32cube.ide.mcu.externaltools.gnu-tools-for-stm32.13.3.rel1.linux64_1.0.0.202508111337/tools/bin/../lib/gcc/arm-none-eabi/13.3.1/../../../../arm-none-eabi/lib/thumb/v7e-m+fp/hard/libc_nano.a(libc_a-mlock.o)
__retarget_lock_close                             /opt/st/stm32cubeide_1.19.0.25.U3-2M-A2/plugins/com.st.stm32cube.ide.mcu.externaltools.gnu-tools-for-stm32.13.3.rel1.linux64_1.0.0.202508111337/tools/bin/../lib/gcc/arm-none-eabi/13.3.1/../../../../arm-none-eabi/lib/thumb/v7e-m+fp/hard/libc_nano.a(libc_a-lock.o)
__retarget_lock_close_recursive                   /opt/st/stm32cubeide_1.19.0.25.U3-2M-A2/plugins/com.st.stm32cube.ide.mcu.externaltools.gnu-tools-for-stm32.13.3.rel1.linux64_1.0.0.202508111337/tools/bin/../lib/gcc/arm-none-eabi/13.3.1/../../../../arm-none-eabi/lib/thumb/v7e-m+fp/hard/libc_nano.a(libc_a-lock.o)
__retarget_lock_init                              /opt/st/stm32cubeide_1.19.0.25.U3-2M-A2/plugins/com.st.stm32cube.ide.mcu.externaltools.gnu-tools-for-stm32.13.3.rel1.linux64_1.0.0.202508111337/tools/bin/../lib/gcc/arm-none-eabi/13.3.1/../../../../arm-none-eabi/lib/thumb/v7e-m+fp/hard/libc_nano.a(libc_a-lock.o)
__retarget_lock_init_recursive                    /opt/st/stm32cubeide_1.19.0.25.U3-2M-A2/plugins/com.st.stm32cube.ide.mcu.externaltools.gnu-tools-for-stm32.13.3.rel1.linux64_1.0.0.202508111337/tools/bin/../lib/gcc/arm-none-eabi/13.3.1/../../../../arm-none-eabi/lib/thumb/v7e-m+fp/hard/libc_nano.a(libc_a-lock.o)
                                                  /opt/st/stm32cubeide_1.19.0.25.U3-2M-A2/plugins/com.st.stm32cube.ide.mcu.externaltools.gnu-tools-for-stm32.13.3.rel1.linux64_1.0.0.202508111337/tools/bin/../lib/gcc/arm-none-eabi/13.3.1/../../../../arm-none-eabi/lib/thumb/v7e-m+fp/hard/libc_nano.a(libc_a-findfp.o)
__retarget_lock_release                           /opt/st/stm32cubeide_1.19.0.25.U3-2M-A2/plugins/com.st.stm32cube.ide.mcu.externaltools.gnu-tools-for-stm32.13.3.rel1.linux64_1.0.0.202508111337/tools/bin/../lib/gcc/arm-none-eabi/13.3.1/../../../../arm-none-eabi/lib/thumb/v7e-m+fp/hard/libc_nano.a(libc_a-lock.o)
__retarget_lock_release_recursive                 /opt/st/stm32cubeide_1.19.0.25.U3-2M-A2/plugins/com.st.stm32cube.ide.mcu.externaltools.gnu-tools-for-stm32.13.3.rel1.linux64_1.0.0.202508111337/tools/bin/../lib/gcc/arm-none-eabi/13.3.1/../../../../arm-none-eabi/lib/thumb/v7e-m+fp/hard/libc_nano.a(libc_a-lock.o)
                                                  /opt/st/stm32cubeide_1.19.0.25.U3-2M-A2/plugins/com.st.stm32cube.ide.mcu.externaltools.gnu-tools-for-stm32.13.3.rel1.linux64_1.0.0.202508111337/tools/bin/../lib/gcc/arm-none-eabi/13.3.1/../../../../arm-none-eabi/lib/thumb/v7e-m+fp/hard/libc_nano.a(libc_a-fflush.o)
                                                  /opt/st/stm32cubeide_1.19.0.25.U3-2M-A2/plugins/com.st.stm32cube.ide.mcu.externaltools.gnu-tools-for-stm32.13.3.rel1.linux64_1.0.0.202508111337/tools/bin/../lib/gcc/arm-none-eabi/13.3.1/../../../../arm-none-eabi/lib/thumb/v7e-m+fp/hard/libc_nano.a(libc_a-findfp.o)
                                                  /opt/st/stm32cubeide_1.19.0.25.U3-2M-A2/plugins/com.st.stm32cube.ide.mcu.externaltools.gnu-tools-for-stm32.13.3.rel1.linux64_1.0.0.202508111337/tools/bin/../lib/gcc/arm-none-eabi/13.3.1/../../../../arm-none-eabi/lib/thumb/v7e-m+fp/hard/libc_nano.a(libc_a-mlock.o)
__retarget_lock_try_acquire                       /opt/st/stm32cubeide_1.19.0.25.U3-2M-A2/plugins/com.st.stm32cube.ide.mcu.externaltools.gnu-tools-for-stm32.13.3.rel1.linux64_1.0.0.202508111337/tools/bin/../lib/gcc/arm-none-eabi/13.3.1/../../../../arm-none-eabi/lib/thumb/v7e-m+fp/hard/libc_nano.a(libc_a-lock.o)
__retarget_lock_try_acquire_recursive             /opt/st/stm32cubeide_1.19.0.25.U3-2M-A2/plugins/com.st.stm32cube.ide.mcu.externaltools.gnu-tools-for-stm32.13.3.rel1.linux64_1.0.0.202508111337/tools/bin/../lib/gcc/arm-none-eabi/13.3.1/../../../../arm-none-eabi/lib/thumb/v7e-m+fp/hard/libc_nano.a(libc_a-lock.o)
__sclose                                          /opt/st/stm32cubeide_1.19.0.25.U3-2M-A2/plugins/com.st.stm32cube.ide.mcu.externaltools.gnu-tools-for-stm32.13.3.rel1.linux64_1.0.0.202508111337/tools/bin/../lib/gcc/arm-none-eabi/13.3.1/../../../../arm-none-eabi/lib/thumb/v7e-m+fp/hard/libc_nano.a(libc_a-stdio.o)
                                                  /opt/st/stm32cubeide_1.19.0.25.U3-2M-A2/plugins/com.st.stm32cube.ide.mcu.externaltools.gnu-tools-for-stm32.13.3.rel1.linux64_1.0.0.202508111337/tools/bin/../lib/gcc/arm-none-eabi/13.3.1/../../../../arm-none-eabi/lib/thumb/v7e-m+fp/hard/libc_nano.a(libc_a-findfp.o)
__seofread                                        /opt/st/stm32cubeide_1.19.0.25.U3-2M-A2/plugins/com.st.stm32cube.ide.mcu.externaltools.gnu-tools-for-stm32.13.3.rel1.linux64_1.0.0.202508111337/tools/bin/../lib/gcc/arm-none-eabi/13.3.1/../../../../arm-none-eabi/lib/thumb/v7e-m+fp/hard/libc_nano.a(libc_a-stdio.o)
__sf                                              /opt/st/stm32cubeide_1.19.0.25.U3-2M-A2/plugins/com.st.stm32cube.ide.mcu.externaltools.gnu-tools-for-stm32.13.3.rel1.linux64_1.0.0.202508111337/tools/bin/../lib/gcc/arm-none-eabi/13.3.1/../../../../arm-none-eabi/lib/thumb/v7e-m+fp/hard/libc_nano.a(libc_a-findfp.o)
                                                  /opt/st/stm32cubeide_1.19.0.25.U3-2M-A2/plugins/com.st.stm32cube.ide.mcu.externaltools.gnu-tools-for-stm32.13.3.rel1.linux64_1.0.0.202508111337/tools/bin/../lib/gcc/arm-none-eabi/13.3.1/../../../../arm-none-eabi/lib/thumb/v7e-m+fp/hard/libc_nano.a(libc_a-impure.o)
__sflush_r                                        /opt/st/stm32cubeide_1.19.0.25.U3-2M-A2/plugins/com.st.stm32cube.ide.mcu.externaltools.gnu-tools-for-stm32.13.3.rel1.linux64_1.0.0.202508111337/tools/bin/../lib/gcc/arm-none-eabi/13.3.1/../../../../arm-none-eabi/lib/thumb/v7e-m+fp/hard/libc_nano.a(libc_a-fflush.o)
__sfp                                             /opt/st/stm32cubeide_1.19.0.25.U3-2M-A2/plugins/com.st.stm32cube.ide.mcu.externaltools.gnu-tools-for-stm32.13.3.rel1.linux64_1.0.0.202508111337/tools/bin/../lib/gcc/arm-none-eabi/13.3.1/../../../../arm-none-eabi/lib/thumb/v7e-m+fp/hard/libc_nano.a(libc_a-findfp.o)
__sfp_lock_acquire                                /opt/st/stm32cubeide_1.19.0.25.U3-2M-A2/plugins/com.st.stm32cube.ide.mcu.externaltools.gnu-tools-for-stm32.13.3.rel1.linux64_1.0.0.202508111337/tools/bin/../lib/gcc/arm-none-eabi/13.3.1/../../../../arm-none-eabi/lib/thumb/v7e-m+fp/hard/libc_nano.a(libc_a-findfp.o)
__sfp_lock_release                                /opt/st/stm32cubeide_1.19.0.25.U3-2M-A2/plugins/com.st.stm32cube.ide.mcu.externaltools.gnu-tools-for-stm32.13.3.rel1.linux64_1.0.0.202508111337/tools/bin/../lib/gcc/arm-none-eabi/13.3.1/../../../../arm-none-eabi/lib/thumb/v7e-m+fp/hard/libc_nano.a(libc_a-findfp.o)
__sglue                                           /opt/st/stm32cubeide_1.19.0.25.U3-2M-A2/plugins/com.st.stm32cube.ide.mcu.externaltools.gnu-tools-for-stm32.13.3.rel1.linux64_1.0.0.202508111337/tools/bin/../lib/gcc/arm-none-eabi/13.3.1/../../../../arm-none-eabi/lib/thumb/v7e-m+fp/hard/libc_nano.a(libc_a-findfp.o)
                                                  /opt/st/stm32cubeide_1.19.0.25.U3-2M-A2/plugins/com.st.stm32cube.ide.mcu.externaltools.gnu-tools-for-stm32.13.3.rel1.linux64_1.0.0.202508111337/tools/bin/../lib/gcc/arm-none-eabi/13.3.1/../../../../arm-none-eabi/lib/thumb/v7e-m+fp/hard/libc_nano.a(libc_a-fflush.o)
__sinit                                           /opt/st/stm32cubeide_1.19.0.25.U3-2M-A2/plugins/com.st.stm32cube.ide.mcu.externaltools.gnu-tools-for-stm32.13.3.rel1.linux64_1.0.0.202508111337/tools/bin/../lib/gcc/arm-none-eabi/13.3.1/../../../../arm-none-eabi/lib/thumb/v7e-m+fp/hard/libc_nano.a(libc_a-findfp.o)
                                                  /opt/st/stm32cubeide_1.19.0.25.U3-2M-A2/plugins/com.st.stm32cube.ide.mcu.externaltools.gnu-tools-for-stm32.13.3.rel1.linux64_1.0.0.202508111337/tools/bin/../lib/gcc/arm-none-eabi/13.3.1/../../../../arm-none-eabi/lib/thumb/v7e-m+fp/hard/libc_nano.a(libc_a-fflush.o)
__sread                                           /opt/st/stm32cubeide_1.19.0.25.U3-2M-A2/plugins/com.st.stm32cube.ide.mcu.externaltools.gnu-tools-for-stm32.13.3.rel1.linux64_1.0.0.202508111337/tools/bin/../lib/gcc/arm-none-eabi/13.3.1/../../../../arm-none-eabi/lib/thumb/v7e-m+fp/hard/libc_nano.a(libc_a-stdio.o)
                                                  /opt/st/stm32cubeide_1.19.0.25.U3-2M-A2/plugins/com.st.stm32cube.ide.mcu.externaltools.gnu-tools-for-stm32.13.3.rel1.linux64_1.0.0.202508111337/tools/bin/../lib/gcc/arm-none-eabi/13.3.1/../../../../arm-none-eabi/lib/thumb/v7e-m+fp/hard/libc_nano.a(libc_a-findfp.o)
__sseek                                           /opt/st/stm32cubeide_1.19.0.25.U3-2M-A2/plugins/com.st.stm32cube.ide.mcu.externaltools.gnu-tools-for-stm32.13.3.rel1.linux64_1.0.0.202508111337/tools/bin/../lib/gcc/arm-none-eabi/13.3.1/../../../../arm-none-eabi/lib/thumb/v7e-m+fp/hard/libc_nano.a(libc_a-stdio.o)
                                                  /opt/st/stm32cubeide_1.19.0.25.U3-2M-A2/plugins/com.st.stm32cube.ide.mcu.externaltools.gnu-tools-for-stm32.13.3.rel1.linux64_1.0.0.202508111337/tools/bin/../lib/gcc/arm-none-eabi/13.3.1/../../../../arm-none-eabi/lib/thumb/v7e-m+fp/hard/libc_nano.a(libc_a-findfp.o)
__stack                                           /opt/st/stm32cubeide_1.19.0.25.U3-2M-A2/plugins/com.st.stm32cube.ide.mcu.externaltools.gnu-tools-for-stm32.13.3.rel1.linux64_1.0.0.202508111337/tools/bin/../lib/gcc/arm-none-eabi/13.3.1/../../../../arm-none-eabi/lib/thumb/v7e-m+fp/hard/crt0.o
__stdio_exit_handler                              /opt/st/stm32cubeide_1.19.0.25.U3-2M-A2/plugins/com.st.stm32cube.ide.mcu.externaltools.gnu-tools-for-stm32.13.3.rel1.linux64_1.0.0.202508111337/tools/bin/../lib/gcc/arm-none-eabi/13.3.1/../../../../arm-none-eabi/lib/thumb/v7e-m+fp/hard/libc_nano.a(libc_a-findfp.o)
                                                  /opt/st/stm32cubeide_1.19.0.25.U3-2M-A2/plugins/com.st.stm32cube.ide.mcu.externaltools.gnu-tools-for-stm32.13.3.rel1.linux64_1.0.0.202508111337/tools/bin/../lib/gcc/arm-none-eabi/13.3.1/../../../../arm-none-eabi/lib/thumb/v7e-m+fp/hard/libc_nano.a(libc_a-exit.o)
__subdf3                                          /opt/st/stm32cubeide_1.19.0.25.U3-2M-A2/plugins/com.st.stm32cube.ide.mcu.externaltools.gnu-tools-for-stm32.13.3.rel1.linux64_1.0.0.202508111337/tools/bin/../lib/gcc/arm-none-eabi/13.3.1/thumb/v7e-m+fp/hard/libgcc.a(_arm_addsubdf3.o)
__swrite                                          /opt/st/stm32cubeide_1.19.0.25.U3-2M-A2/plugins/com.st.stm32cube.ide.mcu.externaltools.gnu-tools-for-stm32.13.3.rel1.linux64_1.0.0.202508111337/tools/bin/../lib/gcc/arm-none-eabi/13.3.1/../../../../arm-none-eabi/lib/thumb/v7e-m+fp/hard/libc_nano.a(libc_a-stdio.o)
                                                  /opt/st/stm32cubeide_1.19.0.25.U3-2M-A2/plugins/com.st.stm32cube.ide.mcu.externaltools.gnu-tools-for-stm32.13.3.rel1.linux64_1.0.0.202508111337/tools/bin/../lib/gcc/arm-none-eabi/13.3.1/../../../../arm-none-eabi/lib/thumb/v7e-m+fp/hard/libc_nano.a(libc_a-findfp.o)
_close                                            syscalls.o
                                                  /opt/st/stm32cubeide_1.19.0.25.U3-2M-A2/plugins/com.st.stm32cube.ide.mcu.externaltools.gnu-tools-for-stm32.13.3.rel1.linux64_1.0.0.202508111337/tools/bin/../lib/gcc/arm-none-eabi/13.3.1/../../../../arm-none-eabi/lib/thumb/v7e-m+fp/hard/libc_nano.a(libc_a-closer.o)
_close_r                                          /opt/st/stm32cubeide_1.19.0.25.U3-2M-A2/plugins/com.st.stm32cube.ide.mcu.externaltools.gnu-tools-for-stm32.13.3.rel1.linux64_1.0.0.202508111337/tools/bin/../lib/gcc/arm-none-eabi/13.3.1/../../../../arm-none-eabi/lib/thumb/v7e-m+fp/hard/libc_nano.a(libc_a-closer.o)
                                                  /opt/st/stm32cubeide_1.19.0.25.U3-2M-A2/plugins/com.st.stm32cube.ide.mcu.externaltools.gnu-tools-for-stm32.13.3.rel1.linux64_1.0.0.202508111337/tools/bin/../lib/gcc/arm-none-eabi/13.3.1/../../../../arm-none-eabi/lib/thumb/v7e-m+fp/hard/libc_nano.a(libc_a-stdio.o)
_ebss                                             startup_stm32xx.o
_edata                                            startup_stm32xx.o
_end                                              sysmem.o
_estack                                           startup_stm32xx.o
                                                  sysmem.o
_execve                                           syscalls.o
_exit                                             syscalls.o
                                                  /opt/st/stm32cubeide_1.19.0.25.U3-2M-A2/plugins/com.st.stm32cube.ide.mcu.externaltools.gnu-tools-for-stm32.13.3.rel1.linux64_1.0.0.202508111337/tools/bin/../lib/gcc/arm-none-eabi/13.3.1/../../../../arm-none-eabi/lib/thumb/v7e-m+fp/hard/libc_nano.a(libc_a-exit.o)
_fflush_r                                         /opt/st/stm32cubeide_1.19.0.25.U3-2M-A2/plugins/com.st.stm32cube.ide.mcu.externaltools.gnu-tools-for-stm32.13.3.rel1.linux64_1.0.0.202508111337/tools/bin/../lib/gcc/arm-none-eabi/13.3.1/../../../../arm-none-eabi/lib/thumb/v7e-m+fp/hard/libc_nano.a(libc_a-fflush.o)
                                                  /opt/st/stm32cubeide_1.19.0.25.U3-2M-A2/plugins/com.st.stm32cube.ide.mcu.externaltools.gnu-tools-for-stm32.13.3.rel1.linux64_1.0.0.202508111337/tools/bin/../lib/gcc/arm-none-eabi/13.3.1/../../../../arm-none-eabi/lib/thumb/v7e-m+fp/hard/libc_nano.a(libc_a-findfp.o)
_fini                                             /opt/st/stm32cubeide_1.19.0.25.U3-2M-A2/plugins/com.st.stm32cube.ide.mcu.externaltools.gnu-tools-for-stm32.13.3.rel1.linux64_1.0.0.202508111337/tools/bin/../lib/gcc/arm-none-eabi/13.3.1/thumb/v7e-m+fp/hard/crti.o
_fork                                             syscalls.o
_free_r                                           /opt/st/stm32cubeide_1.19.0.25.U3-2M-A2/plugins/com.st.stm32cube.ide.mcu.externaltools.gnu-tools-for-stm32.13.3.rel1.linux64_1.0.0.202508111337/tools/bin/../lib/gcc/arm-none-eabi/13.3.1/../../../../arm-none-eabi/lib/thumb/v7e-m+fp/hard/libc_nano.a(libc_a-freer.o)
                                                  /opt/st/stm32cubeide_1.19.0.25.U3-2M-A2/plugins/com.st.stm32cube.ide.mcu.externaltools.gnu-tools-for-stm32.13.3.rel1.linux64_1.0.0.202508111337/tools/bin/../lib/gcc/arm-none-eabi/13.3.1/../../../../arm-none-eabi/lib/thumb/v7e-m+fp/hard/libc_nano.a(libc_a-fflush.o)
                                                  /opt/st/stm32cubeide_1.19.0.25.U3-2M-A2/plugins/com.st.stm32cube.ide.mcu.externaltools.gnu-tools-for-stm32.13.3.rel1.linux64_1.0.0.202508111337/tools/bin/../lib/gcc/arm-none-eabi/13.3.1/../../../../arm-none-eabi/lib/thumb/v7e-m+fp/hard/libc_nano.a(libc_a-reent.o)
                                                  /opt/st/stm32cubeide_1.19.0.25.U3-2M-A2/plugins/com.st.stm32cube.ide.mcu.externaltools.gnu-tools-for-stm32.13.3.rel1.linux64_1.0.0.202508111337/tools/bin/../lib/gcc/arm-none-eabi/13.3.1/../../../../arm-none-eabi/lib/thumb/v7e-m+fp/hard/libc_nano.a(libc_a-reallocr.o)
                                                  /opt/st/stm32cubeide_1.19.0.25.U3-2M-A2/plugins/com.st.stm32cube.ide.mcu.externaltools.gnu-tools-for-stm32.13.3.rel1.linux64_1.0.0.202508111337/tools/bin/../lib/gcc/arm-none-eabi/13.3.1/../../../../arm-none-eabi/lib/thumb/v7e-m+fp/hard/libc_nano.a(libc_a-malloc.o)
_fstat                                            syscalls.o
_fwalk_sglue                                      /opt/st/stm32cubeide_1.19.0.25.U3-2M-A2/plugins/com.st.stm32cube.ide.mcu.externaltools.gnu-tools-for-stm32.13.3.rel1.linux64_1.0.0.202508111337/tools/bin/../lib/gcc/arm-none-eabi/13.3.1/../../../../arm-none-eabi/lib/thumb/v7e-m+fp/hard/libc_nano.a(libc_a-fwalk.o)
                                                  /opt/st/stm32cubeide_1.19.0.25.U3-2M-A2/plugins/com.st.stm32cube.ide.mcu.externaltools.gnu-tools-for-stm32.13.3.rel1.linux64_1.0.0.202508111337/tools/bin/../lib/gcc/arm-none-eabi/13.3.1/../../../../arm-none-eabi/lib/thumb/v7e-m+fp/hard/libc_nano.a(libc_a-fflush.o)
                                                  /opt/st/stm32cubeide_1.19.0.25.U3-2M-A2/plugins/com.st.stm32cube.ide.mcu.externaltools.gnu-tools-for-stm32.13.3.rel1.linux64_1.0.0.202508111337/tools/bin/../lib/gcc/arm-none-eabi/13.3.1/../../../../arm-none-eabi/lib/thumb/v7e-m+fp/hard/libc_nano.a(libc_a-findfp.o)
_getpid                                           syscalls.o
_impure_data                                      /opt/st/stm32cubeide_1.19.0.25.U3-2M-A2/plugins/com.st.stm32cube.ide.mcu.externaltools.gnu-tools-for-stm32.13.3.rel1.linux64_1.0.0.202508111337/tools/bin/../lib/gcc/arm-none-eabi/13.3.1/../../../../arm-none-eabi/lib/thumb/v7e-m+fp/hard/libc_nano.a(libc_a-impure.o)
                                                  /opt/st/stm32cubeide_1.19.0.25.U3-2M-A2/plugins/com.st.stm32cube.ide.mcu.externaltools.gnu-tools-for-stm32.13.3.rel1.linux64_1.0.0.202508111337/tools/bin/../lib/gcc/arm-none-eabi/13.3.1/../../../../arm-none-eabi/lib/thumb/v7e-m+fp/hard/libc_nano.a(libc_a-fflush.o)
                                                  /opt/st/stm32cubeide_1.19.0.25.U3-2M-A2/plugins/com.st.stm32cube.ide.mcu.externaltools.gnu-tools-for-stm32.13.3.rel1.linux64_1.0.0.202508111337/tools/bin/../lib/gcc/arm-none-eabi/13.3.1/../../../../arm-none-eabi/lib/thumb/v7e-m+fp/hard/libc_nano.a(libc_a-findfp.o)