../X-CUBE-AI/App/network.c:230:6:_stai_network_check	0	static
../X-CUBE-AI/App/network.c:257:18:stai_network_init	24	static
../X-CUBE-AI/App/network.c:296:18:stai_network_deinit	0	static
../X-CUBE-AI/App/network.c:333:18:stai_network_run	96	static
../X-CUBE-AI/App/network.c:367:11:stai_network_get_context_size	0	static
../X-CUBE-AI/App/network.c:374:18:stai_network_get_info	8	static
../X-CUBE-AI/App/network.c:390:18:stai_network_get_activations	12	static
../X-CUBE-AI/App/network.c:405:18:stai_network_get_weights	12	static
../X-CUBE-AI/App/network.c:418:18:stai_network_get_inputs	12	static
../X-CUBE-AI/App/network.c:432:18:stai_network_get_outputs	12	static
../X-CUBE-AI/App/network.c:446:18:stai_network_get_error	0	static
../X-CUBE-AI/App/network.c:457:18:stai_network_get_states	0	static
../X-CUBE-AI/App/network.c:474:18:stai_network_set_activations	16	static
../X-CUBE-AI/App/network.c:504:18:stai_network_set_weights	8	static
../X-CUBE-AI/App/network.c:519:18:stai_network_set_inputs	16	static
../X-CUBE-AI/App/network.c:546:18:stai_network_set_outputs	16	static
../X-CUBE-AI/App/network.c:573:18:stai_network_set_states	0	static
../X-CUBE-AI/App/network.c:587:18:stai_network_set_callback	12	static
