../Core/Src/main.c:83:5:main	24	static
../Core/Src/main.c:195:6:SystemClock_Config	88	static
../Core/Src/main.c:243:13:MX_USART2_UART_Init	8	static
../Core/Src/main.c:276:13:MX_GPIO_Init	48	static
../Core/Src/main.c:312:6:calcHistogram	32	static
../Core/Src/main.c:323:5:calculateOtsuThreshold	1088	static
../Core/Src/main.c:361:6:applyThreshold	32	static
../Core/Src/main.c:371:6:extractChannel	32	static
../Core/Src/main.c:377:6:insertChannel	32	static
../Core/Src/main.c:384:6:dilate	48	static
../Core/Src/main.c:405:6:erode	48	static
../Core/Src/main.c:428:6:opening	24	static
../Core/Src/main.c:434:6:closing	24	static
../Core/Src/main.c:445:6:Error_Handler	4	static,ignoring_inline_asm
