../Core/Src/main.c:83:5:main	24	static
../Core/Src/main.c:191:6:SystemClock_Config	88	static
../Core/Src/main.c:239:13:MX_USART2_UART_Init	8	static
../Core/Src/main.c:272:13:MX_GPIO_Init	48	static
../Core/Src/main.c:308:6:calcHistogram	32	static
../Core/Src/main.c:319:5:calcOtsuThreshold	1088	static
../Core/Src/main.c:357:6:applyThreshold	32	static
../Core/Src/main.c:367:6:extractChannel	32	static
../Core/Src/main.c:373:6:insertChannel	32	static
../Core/Src/main.c:380:6:dilate	48	static
../Core/Src/main.c:401:6:erode	48	static
../Core/Src/main.c:424:6:opening	24	static
../Core/Src/main.c:430:6:closing	24	static
../Core/Src/main.c:441:6:Error_Handler	4	static,ignoring_inline_asm
