../X-CUBE-AI/App/network.c:680:6:_stai_network_check	24	static
../X-CUBE-AI/App/network.c:712:18:stai_network_init	24	static
../X-CUBE-AI/App/network.c:754:18:stai_network_deinit	24	static
../X-CUBE-AI/App/network.c:977:6:forward_lite_conv2d_27	48	static
../X-CUBE-AI/App/network.c:995:6:forward_lite_gemm_29	48	static
../X-CUBE-AI/App/network.c:1417:18:stai_network_run	1616	static
../X-CUBE-AI/App/network.c:1881:11:stai_network_get_context_size	4	static
../X-CUBE-AI/App/network.c:1888:18:stai_network_get_info	24	static
../X-CUBE-AI/App/network.c:1904:18:stai_network_get_activations	32	static
../X-CUBE-AI/App/network.c:1919:18:stai_network_get_weights	32	static
../X-CUBE-AI/App/network.c:1933:18:stai_network_get_inputs	32	static
../X-CUBE-AI/App/network.c:1947:18:stai_network_get_outputs	32	static
../X-CUBE-AI/App/network.c:1961:18:stai_network_get_error	24	static
../X-CUBE-AI/App/network.c:1972:18:stai_network_get_states	32	static
../X-CUBE-AI/App/network.c:1989:18:stai_network_set_activations	40	static
../X-CUBE-AI/App/network.c:2019:18:stai_network_set_weights	256	static
../X-CUBE-AI/App/network.c:2043:18:stai_network_set_inputs	40	static
../X-CUBE-AI/App/network.c:2070:18:stai_network_set_outputs	40	static
../X-CUBE-AI/App/network.c:2097:18:stai_network_set_states	32	static
../X-CUBE-AI/App/network.c:2111:18:stai_network_set_callback	32	static
