Archive member included to satisfy reference by file (symbol)

../Middlewares/ST/AI/Lib\NetworkRuntime1100_CM4_GCC.a(stai_internal.o)
                              ./X-CUBE-AI/App/aiTestHelper_ST_AI.o (stai_runtime_get_info)
../Middlewares/ST/AI/Lib\NetworkRuntime1100_CM4_GCC.a(layers_conv2d_stm32_integer.o)
                              ./X-CUBE-AI/App/network.o (forward_dense_integer_SSSA_ch)
../Middlewares/ST/AI/Lib\NetworkRuntime1100_CM4_GCC.a(layers_pool_stm32_integer.o)
                              ./X-CUBE-AI/App/network.o (forward_ap_integer_INT8)
../Middlewares/ST/AI/Lib\NetworkRuntime1100_CM4_GCC.a(layers_stm32_integer.o)
                              ./X-CUBE-AI/App/network.o (forward_eltwise_integer_INT8)
../Middlewares/ST/AI/Lib\NetworkRuntime1100_CM4_GCC.a(forward_lite_convert.o)
                              ./X-CUBE-AI/App/network.o (forward_lite_node_convert_integer_is8of32)
../Middlewares/ST/AI/Lib\NetworkRuntime1100_CM4_GCC.a(forward_lite_dense_is8os8ws8_ch.o)
                              ../Middlewares/ST/AI/Lib\NetworkRuntime1100_CM4_GCC.a(layers_conv2d_stm32_integer.o) (forward_lite_dense_is8os8ws8_ch)
../Middlewares/ST/AI/Lib\NetworkRuntime1100_CM4_GCC.a(forward_lite_dense_is8os8ws8.o)
                              ../Middlewares/ST/AI/Lib\NetworkRuntime1100_CM4_GCC.a(layers_conv2d_stm32_integer.o) (forward_lite_dense_is8os8ws8)
../Middlewares/ST/AI/Lib\NetworkRuntime1100_CM4_GCC.a(forward_lite_maxpool_is8os8_scalepos.o)
                              ../Middlewares/ST/AI/Lib\NetworkRuntime1100_CM4_GCC.a(layers_pool_stm32_integer.o) (forward_lite_maxpool_is8os8_scalepos)
../Middlewares/ST/AI/Lib\NetworkRuntime1100_CM4_GCC.a(forward_lite_avepool_is8os8.o)
                              ../Middlewares/ST/AI/Lib\NetworkRuntime1100_CM4_GCC.a(layers_pool_stm32_integer.o) (forward_lite_avepool_is8os8)
../Middlewares/ST/AI/Lib\NetworkRuntime1100_CM4_GCC.a(forward_lite_pw_sssa8_ch.o)
                              ./X-CUBE-AI/App/network.o (forward_lite_pw_sssa8_ch)
../Middlewares/ST/AI/Lib\NetworkRuntime1100_CM4_GCC.a(forward_lite_conv2d_sssa8_ch.o)
                              ./X-CUBE-AI/App/network.o (forward_lite_conv2d_deep_3x3_sssa8_ch)
../Middlewares/ST/AI/Lib\NetworkRuntime1100_CM4_GCC.a(lite_convert_kernel.o)
                              ../Middlewares/ST/AI/Lib\NetworkRuntime1100_CM4_GCC.a(forward_lite_convert.o) (lite_convert_is8of32)
../Middlewares/ST/AI/Lib\NetworkRuntime1100_CM4_GCC.a(forward_lite_maxpool_is16os16.o)
                              ../Middlewares/ST/AI/Lib\NetworkRuntime1100_CM4_GCC.a(layers_pool_stm32_integer.o) (forward_lite_maxpool_is16os16_scalepos)
../Middlewares/ST/AI/Lib\NetworkRuntime1100_CM4_GCC.a(forward_lite_maxpool_is8os8.o)
                              ../Middlewares/ST/AI/Lib\NetworkRuntime1100_CM4_GCC.a(layers_pool_stm32_integer.o) (forward_lite_maxpool_is8os8_scaleneg)
../Middlewares/ST/AI/Lib\NetworkRuntime1100_CM4_GCC.a(forward_lite_maxpool_iu16ou16.o)
                              ../Middlewares/ST/AI/Lib\NetworkRuntime1100_CM4_GCC.a(layers_pool_stm32_integer.o) (forward_lite_maxpool_iu16ou16_scalepos)
../Middlewares/ST/AI/Lib\NetworkRuntime1100_CM4_GCC.a(forward_lite_maxpool_iu8ou8.o)
                              ../Middlewares/ST/AI/Lib\NetworkRuntime1100_CM4_GCC.a(layers_pool_stm32_integer.o) (forward_lite_maxpool_iu8ou8_scalepos)
../Middlewares/ST/AI/Lib\NetworkRuntime1100_CM4_GCC.a(lite_nl_generic_integer.o)
                              ./X-CUBE-AI/App/network.o (forward_lite_nl_softmax_is8os8)
../Middlewares/ST/AI/Lib\NetworkRuntime1100_CM4_GCC.a(forward_lite_pad_generic.o)
                              ./X-CUBE-AI/App/network.o (forward_lite_pad_constant)
../Middlewares/ST/AI/Lib\NetworkRuntime1100_CM4_GCC.a(st_align_factor.o)
                              ../Middlewares/ST/AI/Lib\NetworkRuntime1100_CM4_GCC.a(layers_conv2d_stm32_integer.o) (align_factor)
../Middlewares/ST/AI/Lib\NetworkRuntime1100_CM4_GCC.a(st_int8_to16_no_shift.o)
                              ../Middlewares/ST/AI/Lib\NetworkRuntime1100_CM4_GCC.a(forward_lite_conv2d_sssa8_ch.o) (st_int8_to16_no_shift)
../Middlewares/ST/AI/Lib\NetworkRuntime1100_CM4_GCC.a(st_padding_opt.o)
                              ../Middlewares/ST/AI/Lib\NetworkRuntime1100_CM4_GCC.a(forward_lite_conv2d_sssa8_ch.o) (ai_padding_opt_init)
../Middlewares/ST/AI/Lib\NetworkRuntime1100_CM4_GCC.a(st_int8_pool.o)
                              ../Middlewares/ST/AI/Lib\NetworkRuntime1100_CM4_GCC.a(forward_lite_avepool_is8os8.o) (st_int8_avepool)
../Middlewares/ST/AI/Lib\NetworkRuntime1100_CM4_GCC.a(st_uint8_pool.o)
                              ../Middlewares/ST/AI/Lib\NetworkRuntime1100_CM4_GCC.a(layers_pool_stm32_integer.o) (st_uint8_avepool)
../Middlewares/ST/AI/Lib\NetworkRuntime1100_CM4_GCC.a(st_int16_fill.o)
                              ../Middlewares/ST/AI/Lib\NetworkRuntime1100_CM4_GCC.a(forward_lite_conv2d_sssa8_ch.o) (st_int16_fill)
[...]
Memory Configuration

Name             Origin             Length             Attributes
FLASH            0x08000000         0x00080000         xr
RAM              0x20000000         0x00020000         xrw
*default*        0x00000000         0xffffffff

Linker script and memory map

LOAD C:/ST/STM32CubeIDE_1.18.1/STM32CubeIDE/plugins/com.st.stm32cube.ide.mcu.externaltools.gnu-tools-for-stm32.13.3.rel1.win32_1.0.100.202509120712/tools/bin/../lib/gcc/arm-none-eabi/13.3.1/thumb/v7e-m+fp/hard/crti.o
LOAD C:/ST/STM32CubeIDE_1.18.1/STM32CubeIDE/plugins/com.st.stm32cube.ide.mcu.externaltools.gnu-tools-for-stm32.13.3.rel1.win32_1.0.100.202509120712/tools/bin/../lib/gcc/arm-none-eabi/13.3.1/thumb/v7e-m+fp/hard/crtbegin.o
LOAD C:/ST/STM32CubeIDE_1.18.1/STM32CubeIDE/plugins/com.st.stm32cube.ide.mcu.externaltools.gnu-tools-for-stm32.13.3.rel1.win32_1.0.100.202509120712/tools/bin/../lib/gcc/arm-none-eabi/13.3.1/../../../../arm-none-eabi/lib/thumb/v7e-m+fp/hard/crt0.o
LOAD ./Core/Src/main.o
LOAD ./Core/Src/stm32f4xx_hal_msp.o
LOAD ./Core/Src/stm32f4xx_it.o
LOAD ./Core/Src/syscalls.o
LOAD ./Core/Src/sysmem.o
LOAD ./Core/Src/system_stm32f4xx.o
LOAD ./Core/Startup/startup_stm32f446retx.o
LOAD ./Drivers/STM32F4xx_HAL_Driver/Src/stm32f4xx_hal.o
LOAD ./Drivers/STM32F4xx_HAL_Driver/Src/stm32f4xx_hal_cortex.o
LOAD ./Drivers/STM32F4xx_HAL_Driver/Src/stm32f4xx_hal_dma.o
LOAD ./Drivers/STM32F4xx_HAL_Driver/Src/stm32f4xx_hal_dma_ex.o
LOAD ./Drivers/STM32F4xx_HAL_Driver/Src/stm32f4xx_hal_exti.o
LOAD ./Drivers/STM32F4xx_HAL_Driver/Src/stm32f4xx_hal_flash.o
LOAD ./Drivers/STM32F4xx_HAL_Driver/Src/stm32f4xx_hal_flash_ex.o
LOAD ./Drivers/STM32F4xx_HAL_Driver/Src/stm32f4xx_hal_flash_ramfunc.o
LOAD ./Drivers/STM32F4xx_HAL_Driver/Src/stm32f4xx_hal_gpio.o
LOAD ./Drivers/STM32F4xx_HAL_Driver/Src/stm32f4xx_hal_pwr.o
LOAD ./Drivers/STM32F4xx_HAL_Driver/Src/stm32f4xx_hal_pwr_ex.o
LOAD ./Drivers/STM32F4xx_HAL_Driver/Src/stm32f4xx_hal_rcc.o
LOAD ./Drivers/STM32F4xx_HAL_Driver/Src/stm32f4xx_hal_rcc_ex.o
LOAD ./Drivers/STM32F4xx_HAL_Driver/Src/stm32f4xx_hal_uart.o
LOAD ./X-CUBE-AI/App/aiPbIO.o
LOAD ./X-CUBE-AI/App/aiPbMemRWServices.o
LOAD ./X-CUBE-AI/App/aiPbMgr.o
LOAD ./X-CUBE-AI/App/aiTestHelper_ST_AI.o
LOAD ./X-CUBE-AI/App/aiTestUtility.o
LOAD ./X-CUBE-AI/App/aiValidation_ST_AI.o
LOAD ./X-CUBE-AI/App/ai_device_adaptor.o
LOAD ./X-CUBE-AI/App/app_x-cube-ai.o
LOAD ./X-CUBE-AI/App/lc_print.o
LOAD ./X-CUBE-AI/App/network.o
LOAD ./X-CUBE-AI/App/network_data.o
LOAD ./X-CUBE-AI/App/pb_common.o
LOAD ./X-CUBE-AI/App/pb_decode.o
LOAD ./X-CUBE-AI/App/pb_encode.o
LOAD ./X-CUBE-AI/App/stm32msg.pb.o
LOAD ./X-CUBE-AI/App/syscalls.o
LOAD ../Middlewares/ST/AI/Lib\NetworkRuntime1100_CM4_GCC.a
START GROUP
LOAD C:/ST/STM32CubeIDE_1.18.1/STM32CubeIDE/plugins/com.st.stm32cube.ide.mcu.externaltools.gnu-tools-for-stm32.13.3.rel1.win32_1.0.100.202509120712/tools/bin/../lib/gcc/arm-none-eabi/13.3.1/../../../../arm-none-eabi/lib/thumb/v7e-m+fp/hard\libc_nano.a
LOAD C:/ST/STM32CubeIDE_1.18.1/STM32CubeIDE/plugins/com.st.stm32cube.ide.mcu.externaltools.gnu-tools-for-stm32.13.3.rel1.win32_1.0.100.202509120712/tools/bin/../lib/gcc/arm-none-eabi/13.3.1/../../../../arm-none-eabi/lib/thumb/v7e-m+fp/hard\libm.a
END GROUP
START GROUP
LOAD C:/ST/STM32CubeIDE_1.18.1/STM32CubeIDE/plugins/com.st.stm32cube.ide.mcu.externaltools.gnu-tools-for-stm32.13.3.rel1.win32_1.0.100.202509120712/tools/bin/../lib/gcc/arm-none-eabi/13.3.1/thumb/v7e-m+fp/hard\libgcc.a
LOAD C:/ST/STM32CubeIDE_1.18.1/STM32CubeIDE/plugins/com.st.stm32cube.ide.mcu.externaltools.gnu-tools-for-stm32.13.3.rel1.win32_1.0.100.202509120712/tools/bin/../lib/gcc/arm-none-eabi/13.3.1/../../../../arm-none-eabi/lib/thumb/v7e-m+fp/hard\libc_nano.a
END GROUP
START GROUP
LOAD C:/ST/STM32CubeIDE_1.18.1/STM32CubeIDE/plugins/com.st.stm32cube.ide.mcu.externaltools.gnu-tools-for-stm32.13.3.rel1.win32_1.0.100.202509120712/tools/bin/../lib/gcc/arm-none-eabi/13.3.1/thumb/v7e-m+fp/hard\libgcc.a
LOAD C:/ST/STM32CubeIDE_1.18.1/STM32CubeIDE/plugins/com.st.stm32cube.ide.mcu.externaltools.gnu-tools-for-stm32.13.3.rel1.win32_1.0.100.202509120712/tools/bin/../lib/gcc/arm-none-eabi/13.3.1/../../../../arm-none-eabi/lib/thumb/v7e-m+fp/hard\libc_nano.a
LOAD C:/ST/STM32CubeIDE_1.18.1/STM32CubeIDE/plugins/com.st.stm32cube.ide.mcu.externaltools.gnu-tools-for-stm32.13.3.rel1.win32_1.0.100.202509120712/tools/bin/../lib/gcc/arm-none-eabi/13.3.1/../../../../arm-none-eabi/lib/thumb/v7e-m+fp/hard\libnosys.a
END GROUP
START GROUP
LOAD C:/ST/STM32CubeIDE_1.18.1/STM32CubeIDE/plugins/com.st.stm32cube.ide.mcu.externaltools.gnu-tools-for-stm32.13.3.rel1.win32_1.0.100.202509120712/tools/bin/../lib/gcc/arm-none-eabi/13.3.1/thumb/v7e-m+fp/hard\libgcc.a
LOAD C:/ST/STM32CubeIDE_1.18.1/STM32CubeIDE/plugins/com.st.stm32cube.ide.mcu.externaltools.gnu-tools-for-stm32.13.3.rel1.win32_1.0.100.202509120712/tools/bin/../lib/gcc/arm-none-eabi/13.3.1/../../../../arm-none-eabi/lib/thumb/v7e-m+fp/hard\libc_nano.a
LOAD C:/ST/STM32CubeIDE_1.18.1/STM32CubeIDE/plugins/com.st.stm32cube.ide.mcu.externaltools.gnu-tools-for-stm32.13.3.rel1.win32_1.0.100.202509120712/tools/bin/../lib/gcc/arm-none-eabi/13.3.1/../../../../arm-none-eabi/lib/thumb/v7e-m+fp/hard\libnosys.a
END GROUP
LOAD C:/ST/STM32CubeIDE_1.18.1/STM32CubeIDE/plugins/com.st.stm32cube.ide.mcu.externaltools.gnu-tools-for-stm32.13.3.rel1.win32_1.0.100.202509120712/tools/bin/../lib/gcc/arm-none-eabi/13.3.1/thumb/v7e-m+fp/hard/crtend.o
LOAD C:/ST/STM32CubeIDE_1.18.1/STM32CubeIDE/plugins/com.st.stm32cube.ide.mcu.externaltools.gnu-tools-for-stm32.13.3.rel1.win32_1.0.100.202509120712/tools/bin/../lib/gcc/arm-none-eabi/13.3.1/thumb/v7e-m+fp/hard/crtn.o
                0x20020000                        _estack = (ORIGIN (RAM) + LENGTH (RAM))
                0x00000800                        _Min_Heap_Size = 0x800
                0x00002000                        _Min_Stack_Size = 0x2000

.AI_FLASH       0x08000000        0x0
                0x08000000                        . = ALIGN (0x8)
 *(.AI_FLASH)
                0x08000000                        . = ALIGN (0x8)

.AI_RAM         0x20000000     0xa9a0
                0x20000000                        . = ALIGN (0x8)
 *(.AI_RAM)
 .AI_RAM        0x20000000     0xa9a0 ./X-CUBE-AI/App/app_x-cube-ai.o
                0x2000a9a0                        . = ALIGN (0x8)

.AI_RAM         0x2000a9a0        0x0
                0x2000a9a0                        . = ALIGN (0x4)
 *(.AI_RAM)

.isr_vector     0x08000000      0x1c4
                0x08000000                        . = ALIGN (0x4)
 *(.isr_vector)
 .isr_vector    0x08000000      0x1c4 ./Core/Startup/startup_stm32f446retx.o
                0x08000000                g_pfnVectors
                0x080001c4                        . = ALIGN (0x4)

.text           0x08010000    0x12d3c
                0x08010000                        . = ALIGN (0x4)
 *(.text)
 .text          0x08010000       0x40 C:/ST/STM32CubeIDE_1.18.1/STM32CubeIDE/plugins/com.st.stm32cube.ide.mcu.externaltools.gnu-tools-for-stm32.13.3.rel1.win32_1.0.100.202509120712/tools/bin/../lib/gcc/arm-none-eabi/13.3.1/thumb/v7e-m+fp/hard/crtbegin.o
 .text          0x08010040       0x30 C:/ST/STM32CubeIDE_1.18.1/STM32CubeIDE/plugins/com.st.stm32cube.ide.mcu.externaltools.gnu-tools-for-stm32.13.3.rel1.win32_1.0.100.202509120712/tools/bin/../lib/gcc/arm-none-eabi/13.3.1/thumb/v7e-m+fp/hard\libgcc.a(_aeabi_uldivmod.o)
                0x08010040                __aeabi_uldivmod
 .text          0x08010070      0x2f8 C:/ST/STM32CubeIDE_1.18.1/STM32CubeIDE/plugins/com.st.stm32cube.ide.mcu.externaltools.gnu-tools-for-stm32.13.3.rel1.win32_1.0.100.202509120712/tools/bin/../lib/gcc/arm-none-eabi/13.3.1/thumb/v7e-m+fp/hard\libgcc.a(_udivmoddi4.o)
                0x08010070                __udivmoddi4
 .text          0x08010368        0x4 C:/ST/STM32CubeIDE_1.18.1/STM32CubeIDE/plugins/com.st.stm32cube.ide.mcu.externaltools.gnu-tools-for-stm32.13.3.rel1.win32_1.0.100.202509120712/tools/bin/../lib/gcc/arm-none-eabi/13.3.1/thumb/v7e-m+fp/hard\libgcc.a(_dvmd_tls.o)
                0x08010368                __aeabi_idiv0
                0x08010368                __aeabi_ldiv0
 *(.text*)
 .text.PrepareInput
                0x0801036c      0x234 ./Core/Src/main.o
 .text.AI_Init  0x080105a0       0x70 ./Core/Src/main.o
 .text.ArgMax   0x08010610       0x56 ./Core/Src/main.o
 *fill*         0x08010666        0x2 
 .text.main     0x08010668       0xd0 ./Core/Src/main.o
                0x08010668                main
 .text.SystemClock_Config
                0x08010738       0xe4 ./Core/Src/main.o
                0x08010738                SystemClock_Config
 .text.MX_USART2_UART_Init
                0x0801081c       0x54 ./Core/Src/main.o
                0x0801081c                MX_USART2_UART_Init
 .text.MX_GPIO_Init
                0x08010870       0xdc ./Core/Src/main.o
 .text.Error_Handler
                0x0801094c        0xc ./Core/Src/main.o
                0x0801094c                Error_Handler
 .text.HAL_MspInit
                0x08010958       0x50 ./Core/Src/stm32f4xx_hal_msp.o
                0x08010958                HAL_MspInit
 .text.HAL_UART_MspInit
                0x080109a8       0xb0 ./Core/Src/stm32f4xx_hal_msp.o
                0x080109a8                HAL_UART_MspInit
 .text.NMI_Handler
                0x08010a58        0x8 ./Core/Src/stm32f4xx_it.o
                0x08010a58                NMI_Handler
 .text.HardFault_Handler
                0x08010a60        0x8 ./Core/Src/stm32f4xx_it.o
                0x08010a60                HardFault_Handler
 .text.MemManage_Handler
                0x08010a68        0x8 ./Core/Src/stm32f4xx_it.o
                0x08010a68                MemManage_Handler
 .text.BusFault_Handler
                0x08010a70        0x8 ./Core/Src/stm32f4xx_it.o
                0x08010a70                BusFault_Handler
 .text.UsageFault_Handler
                0x08010a78        0x8 ./Core/Src/stm32f4xx_it.o
                0x08010a78                UsageFault_Handler
 .text.SVC_Handler
                0x08010a80        0xe ./Core/Src/stm32f4xx_it.o
                0x08010a80                SVC_Handler
 .text.DebugMon_Handler
                0x08010a8e        0xe ./Core/Src/stm32f4xx_it.o
                0x08010a8e                DebugMon_Handler
 .text.PendSV_Handler
                0x08010a9c        0xe ./Core/Src/stm32f4xx_it.o
                0x08010a9c                PendSV_Handler
 .text.SysTick_Handler
                0x08010aaa        0xc ./Core/Src/stm32f4xx_it.o
                0x08010aaa                SysTick_Handler
 *fill*         0x08010ab6        0x2 
 .text.SystemInit
                0x08010ab8       0x24 ./Core/Src/system_stm32f4xx.o
                0x08010ab8                SystemInit
 .text.Reset_Handler
                0x08010adc       0x50 ./Core/Startup/startup_stm32f446retx.o
                0x08010adc                Reset_Handler
 .text.Default_Handler
                0x08010b2c        0x2 ./Core/Startup/startup_stm32f446retx.o
                0x08010b2c                RTC_Alarm_IRQHandler
                0x08010b2c                EXTI2_IRQHandler
                0x08010b2c                TIM8_CC_IRQHandler
                0x08010b2c                FMPI2C1_EV_IRQHandler
                0x08010b2c                SPI4_IRQHandler
                0x08010b2c                TIM1_CC_IRQHandler
                0x08010b2c                DMA2_Stream5_IRQHandler
                0x08010b2c                DMA1_Stream5_IRQHandler
                0x08010b2c                PVD_IRQHandler
                0x08010b2c                SDIO_IRQHandler
                0x08010b2c                TAMP_STAMP_IRQHandler
                0x08010b2c                CAN2_RX1_IRQHandler
                0x08010b2c                EXTI3_IRQHandler
                0x08010b2c                TIM8_TRG_COM_TIM14_IRQHandler
                0x08010b2c                TIM1_UP_TIM10_IRQHandler
                0x08010b2c                TIM8_UP_TIM13_IRQHandler
                0x08010b2c                I2C3_ER_IRQHandler
                0x08010b2c                EXTI0_IRQHandler
                0x08010b2c                I2C2_EV_IRQHandler
                0x08010b2c                DMA1_Stream2_IRQHandler
                0x08010b2c                CAN1_RX0_IRQHandler
                0x08010b2c                FPU_IRQHandler
                0x08010b2c                OTG_HS_WKUP_IRQHandler
                0x08010b2c                CAN2_SCE_IRQHandler
                0x08010b2c                DMA2_Stream2_IRQHandler
                0x08010b2c                SPI1_IRQHandler
                0x08010b2c                TIM6_DAC_IRQHandler
                0x08010b2c                TIM1_BRK_TIM9_IRQHandler
                0x08010b2c                DCMI_IRQHandler
                0x08010b2c                CAN2_RX0_IRQHandler
                0x08010b2c                DMA2_Stream3_IRQHandler
                0x08010b2c                SAI2_IRQHandler
                0x08010b2c                USART6_IRQHandler
                0x08010b2c                USART3_IRQHandler
                0x08010b2c                CAN1_RX1_IRQHandler
                0x08010b2c                UART5_IRQHandler
                0x08010b2c                DMA2_Stream0_IRQHandler
                0x08010b2c                TIM4_IRQHandler
                0x08010b2c                QUADSPI_IRQHandler
                0x08010b2c                I2C1_EV_IRQHandler
                0x08010b2c                DMA1_Stream6_IRQHandler
                0x08010b2c                DMA1_Stream1_IRQHandler
                0x08010b2c                UART4_IRQHandler
                0x08010b2c                TIM3_IRQHandler
                0x08010b2c                RCC_IRQHandler
                0x08010b2c                TIM8_BRK_TIM12_IRQHandler
                0x08010b2c                Default_Handler
                0x08010b2c                CEC_IRQHandler
                0x08010b2c                EXTI15_10_IRQHandler
                0x08010b2c                ADC_IRQHandler
                0x08010b2c                DMA1_Stream7_IRQHandler
                0x08010b2c                TIM7_IRQHandler
                0x08010b2c                CAN2_TX_IRQHandler
                0x08010b2c                TIM5_IRQHandler
                0x08010b2c                DMA2_Stream7_IRQHandler
                0x08010b2c                I2C3_EV_IRQHandler
                0x08010b2c                EXTI9_5_IRQHandler
                0x08010b2c                RTC_WKUP_IRQHandler
                0x08010b2c                SPDIF_RX_IRQHandler
                0x08010b2c                SPI2_IRQHandler
                0x08010b2c                OTG_HS_EP1_IN_IRQHandler
                0x08010b2c                DMA1_Stream0_IRQHandler
                0x08010b2c                CAN1_TX_IRQHandler
                0x08010b2c                FMPI2C1_ER_IRQHandler
                0x08010b2c                EXTI4_IRQHandler
                0x08010b2c                OTG_HS_EP1_OUT_IRQHandler
                0x08010b2c                WWDG_IRQHandler
                0x08010b2c                TIM2_IRQHandler
                0x08010b2c                OTG_FS_WKUP_IRQHandler
                0x08010b2c                TIM1_TRG_COM_TIM11_IRQHandler
                0x08010b2c                OTG_HS_IRQHandler
                0x08010b2c                EXTI1_IRQHandler
                0x08010b2c                USART2_IRQHandler
                0x08010b2c                I2C2_ER_IRQHandler
                0x08010b2c                DMA2_Stream1_IRQHandler
                0x08010b2c                CAN1_SCE_IRQHandler
                0x08010b2c                FLASH_IRQHandler
                0x08010b2c                DMA2_Stream4_IRQHandler
                0x08010b2c                USART1_IRQHandler
                0x08010b2c                OTG_FS_IRQHandler
                0x08010b2c                SPI3_IRQHandler
                0x08010b2c                DMA1_Stream4_IRQHandler
                0x08010b2c                I2C1_ER_IRQHandler
                0x08010b2c                FMC_IRQHandler
                0x08010b2c                DMA2_Stream6_IRQHandler
                0x08010b2c                SAI1_IRQHandler
                0x08010b2c                DMA1_Stream3_IRQHandler
 *fill*         0x08010b2e        0x2 
 .text.HAL_Init
                0x08010b30       0x44 ./Drivers/STM32F4xx_HAL_Driver/Src/stm32f4xx_hal.o
                0x08010b30                HAL_Init
 .text.HAL_InitTick
                0x08010b74       0x60 ./Drivers/STM32F4xx_HAL_Driver/Src/stm32f4xx_hal.o
                0x08010b74                HAL_InitTick
 .text.HAL_IncTick
                0x08010bd4       0x28 ./Drivers/STM32F4xx_HAL_Driver/Src/stm32f4xx_hal.o
                0x08010bd4                HAL_IncTick
 .text.HAL_GetTick
                0x08010bfc       0x18 ./Drivers/STM32F4xx_HAL_Driver/Src/stm32f4xx_hal.o
                0x08010bfc                HAL_GetTick
 .text.HAL_Delay
                0x08010c14       0x48 ./Drivers/STM32F4xx_HAL_Driver/Src/stm32f4xx_hal.o
                0x08010c14                HAL_Delay
 .text.__NVIC_SetPriorityGrouping
                0x08010c5c       0x48 ./Drivers/STM32F4xx_HAL_Driver/Src/stm32f4xx_hal_cortex.o
 .text.__NVIC_GetPriorityGrouping
                0x08010ca4       0x1c ./Drivers/STM32F4xx_HAL_Driver/Src/stm32f4xx_hal_cortex.o
 .text.__NVIC_SetPriority
                0x08010cc0       0x54 ./Drivers/STM32F4xx_HAL_Driver/Src/stm32f4xx_hal_cortex.o
 .text.NVIC_EncodePriority
                0x08010d14       0x66 ./Drivers/STM32F4xx_HAL_Driver/Src/stm32f4xx_hal_cortex.o
 *fill*         0x08010d7a        0x2 
 .text.SysTick_Config
                0x08010d7c       0x44 ./Drivers/STM32F4xx_HAL_Driver/Src/stm32f4xx_hal_cortex.o
 .text.HAL_NVIC_SetPriorityGrouping
                0x08010dc0       0x16 ./Drivers/STM32F4xx_HAL_Driver/Src/stm32f4xx_hal_cortex.o
                0x08010dc0                HAL_NVIC_SetPriorityGrouping
 .text.HAL_NVIC_SetPriority
                0x08010dd6       0x38 ./Drivers/STM32F4xx_HAL_Driver/Src/stm32f4xx_hal_cortex.o
                0x08010dd6                HAL_NVIC_SetPriority
 .text.HAL_SYSTICK_Config
                0x08010e0e       0x18 ./Drivers/STM32F4xx_HAL_Driver/Src/stm32f4xx_hal_cortex.o
                0x08010e0e                HAL_SYSTICK_Config
 *fill*         0x08010e26        0x2 
 .text.HAL_GPIO_Init
                0x08010e28      0x328 ./Drivers/STM32F4xx_HAL_Driver/Src/stm32f4xx_hal_gpio.o
                0x08010e28                HAL_GPIO_Init
 .text.HAL_GPIO_WritePin
                0x08011150       0x32 ./Drivers/STM32F4xx_HAL_Driver/Src/stm32f4xx_hal_gpio.o
                0x08011150                HAL_GPIO_WritePin
 .text.HAL_GPIO_TogglePin
                0x08011182       0x34 ./Drivers/STM32F4xx_HAL_Driver/Src/stm32f4xx_hal_gpio.o
                0x08011182                HAL_GPIO_TogglePin
 *fill*         0x080111b6        0x2 
 .text.HAL_PWREx_EnableOverDrive
                0x080111b8       0xa0 ./Drivers/STM32F4xx_HAL_Driver/Src/stm32f4xx_hal_pwr_ex.o
                0x080111b8                HAL_PWREx_EnableOverDrive
 .text.HAL_RCC_ClockConfig
                0x08011258      0x1cc ./Drivers/STM32F4xx_HAL_Driver/Src/stm32f4xx_hal_rcc.o
                0x08011258                HAL_RCC_ClockConfig
 .text.HAL_RCC_GetHCLKFreq
                0x08011424       0x18 ./Drivers/STM32F4xx_HAL_Driver/Src/stm32f4xx_hal_rcc.o
                0x08011424                HAL_RCC_GetHCLKFreq
 .text.HAL_RCC_GetPCLK1Freq
                0x0801143c       0x28 ./Drivers/STM32F4xx_HAL_Driver/Src/stm32f4xx_hal_rcc.o
                0x0801143c                HAL_RCC_GetPCLK1Freq
 .text.HAL_RCC_GetPCLK2Freq
                0x08011464       0x28 ./Drivers/STM32F4xx_HAL_Driver/Src/stm32f4xx_hal_rcc.o
                0x08011464                HAL_RCC_GetPCLK2Freq
 .text.HAL_RCC_GetSysClockFreq
                0x0801148c      0x460 ./Drivers/STM32F4xx_HAL_Driver/Src/stm32f4xx_hal_rcc_ex.o
                0x0801148c                HAL_RCC_GetSysClockFreq
 .text.HAL_RCC_OscConfig
                0x080118ec      0x53c ./Drivers/STM32F4xx_HAL_Driver/Src/stm32f4xx_hal_rcc_ex.o
                0x080118ec                HAL_RCC_OscConfig
 .text.HAL_UART_Init
                0x08011e28       0xa0 ./Drivers/STM32F4xx_HAL_Driver/Src/stm32f4xx_hal_uart.o
                0x08011e28                HAL_UART_Init
 .text.HAL_UART_Transmit
                0x08011ec8      0x116 ./Drivers/STM32F4xx_HAL_Driver/Src/stm32f4xx_hal_uart.o
                0x08011ec8                HAL_UART_Transmit
 .text.HAL_UART_Receive
                0x08011fde      0x12e ./Drivers/STM32F4xx_HAL_Driver/Src/stm32f4xx_hal_uart.o
                0x08011fde                HAL_UART_Receive
 .text.UART_WaitOnFlagUntilTimeout
                0x0801210c       0xb2 ./Drivers/STM32F4xx_HAL_Driver/Src/stm32f4xx_hal_uart.o
 .text.UART_EndRxTransfer
                0x080121be       0xc6 ./Drivers/STM32F4xx_HAL_Driver/Src/stm32f4xx_hal_uart.o
 .text.UART_SetConfig
                0x08012284      0x4e8 ./Drivers/STM32F4xx_HAL_Driver/Src/stm32f4xx_hal_uart.o
 .text._stai_network_check
                0x0801276c      0x108 ./X-CUBE-AI/App/network.o
 .text.stai_network_init
                0x08012874       0x58 ./X-CUBE-AI/App/network.o
                0x08012874                stai_network_init
 .text.forward_lite_eltwise_4
                0x080128cc       0xd8 ./X-CUBE-AI/App/network.o
                0x080128cc                forward_lite_eltwise_4
 .text.forward_lite_eltwise_8
                0x080129a4       0xe4 ./X-CUBE-AI/App/network.o
                0x080129a4                forward_lite_eltwise_8
 .text.forward_lite_eltwise_12
                0x08012a88       0xe0 ./X-CUBE-AI/App/network.o
                0x08012a88                forward_lite_eltwise_12
 .text.forward_lite_pool_13
                0x08012b68       0xb0 ./X-CUBE-AI/App/network.o
                0x08012b68                forward_lite_pool_13
 .text.forward_lite_gemm_18
                0x08012c18       0xf0 ./X-CUBE-AI/App/network.o
                0x08012c18                forward_lite_gemm_18
 .text.stai_network_run
                0x08012d08     0x16a4 ./X-CUBE-AI/App/network.o
                0x08012d08                stai_network_run
 .text.stai_network_set_activations
                0x080143ac      0x1b0 ./X-CUBE-AI/App/network.o
                0x080143ac                stai_network_set_activations
 .text.stai_network_set_inputs
                0x0801455c      0x198 ./X-CUBE-AI/App/network.o
                0x0801455c                stai_network_set_inputs
 .text.stai_network_set_outputs
                0x080146f4      0x198 ./X-CUBE-AI/App/network.o
                0x080146f4                stai_network_set_outputs
 .text.forward_dense_integer_SSSA_ch
                0x0801488c      0x190 ../Middlewares/ST/AI/Lib\NetworkRuntime1100_CM4_GCC.a(layers_conv2d_stm32_integer.o)
                0x0801488c                forward_dense_integer_SSSA_ch
 .text.forward_ap_integer_INT8
                0x08014a1c      0x1bc ../Middlewares/ST/AI/Lib\NetworkRuntime1100_CM4_GCC.a(layers_pool_stm32_integer.o)
                0x08014a1c                forward_ap_integer_INT8
 .text.forward_eltwise_integer_INT8
                0x08014bd8      0x39c ../Middlewares/ST/AI/Lib\NetworkRuntime1100_CM4_GCC.a(layers_stm32_integer.o)
                0x08014bd8                forward_eltwise_integer_INT8
 .text.forward_lite_node_convert_integer_is8of32
                0x08014f74        0x4 ../Middlewares/ST/AI/Lib\NetworkRuntime1100_CM4_GCC.a(forward_lite_convert.o)
                0x08014f74                forward_lite_node_convert_integer_is8of32
 .text.forward_lite_node_convert_integer_if32os8
                0x08014f78        0x4 ../Middlewares/ST/AI/Lib\NetworkRuntime1100_CM4_GCC.a(forward_lite_convert.o)
                0x08014f78                forward_lite_node_convert_integer_if32os8
 .text.forward_lite_dense_is8os8ws8_ch
                0x08014f7c       0x7c ../Middlewares/ST/AI/Lib\NetworkRuntime1100_CM4_GCC.a(forward_lite_dense_is8os8ws8_ch.o)
                0x08014f7c                forward_lite_dense_is8os8ws8_ch
 .text.forward_lite_avepool_is8os8
                0x08014ff8       0x4c ../Middlewares/ST/AI/Lib\NetworkRuntime1100_CM4_GCC.a(forward_lite_avepool_is8os8.o)
                0x08014ff8                forward_lite_avepool_is8os8
 .text.forward_lite_pw_sssa8_ch
                0x08015044      0x458 ../Middlewares/ST/AI/Lib\NetworkRuntime1100_CM4_GCC.a(forward_lite_pw_sssa8_ch.o)
                0x08015044                forward_lite_pw_sssa8_ch
 .text.forward_lite_conv2d_deep_3x3_sssa8_ch
                0x0801549c      0x144 ../Middlewares/ST/AI/Lib\NetworkRuntime1100_CM4_GCC.a(forward_lite_conv2d_sssa8_ch.o)
                0x0801549c                forward_lite_conv2d_deep_3x3_sssa8_ch
 .text.forward_lite_conv2d_deep_sssa8_ch
                0x080155e0      0x1d4 ../Middlewares/ST/AI/Lib\NetworkRuntime1100_CM4_GCC.a(forward_lite_conv2d_sssa8_ch.o)
                0x080155e0                forward_lite_conv2d_deep_sssa8_ch
 .text.forward_lite_conv2d_sssa8_ch
                0x080157b4      0xa54 ../Middlewares/ST/AI/Lib\NetworkRuntime1100_CM4_GCC.a(forward_lite_conv2d_sssa8_ch.o)
                0x080157b4                forward_lite_conv2d_sssa8_ch
 .text.forward_lite_conv2d_rgb_sssa8_ch
                0x08016208      0x508 ../Middlewares/ST/AI/Lib\NetworkRuntime1100_CM4_GCC.a(forward_lite_conv2d_sssa8_ch.o)
                0x08016208                forward_lite_conv2d_rgb_sssa8_ch
 .text.lite_convert_is8of32
                0x08016710       0x24 ../Middlewares/ST/AI/Lib\NetworkRuntime1100_CM4_GCC.a(lite_convert_kernel.o)
                0x08016710                lite_convert_is8of32
 .text.lite_convert_if32os8
                0x08016734       0x6c ../Middlewares/ST/AI/Lib\NetworkRuntime1100_CM4_GCC.a(lite_convert_kernel.o)
                0x08016734                lite_convert_if32os8
 .text.forward_lite_nl_softmax_is8os8
                0x080167a0       0x14 ../Middlewares/ST/AI/Lib\NetworkRuntime1100_CM4_GCC.a(lite_nl_generic_integer.o)
                0x080167a0                forward_lite_nl_softmax_is8os8
 .text.forward_lite_pad_constant
                0x080167b4      0x138 ../Middlewares/ST/AI/Lib\NetworkRuntime1100_CM4_GCC.a(forward_lite_pad_generic.o)
                0x080167b4                forward_lite_pad_constant
 .text.align_factor_ch
                0x080168ec       0x60 ../Middlewares/ST/AI/Lib\NetworkRuntime1100_CM4_GCC.a(st_align_factor.o)
                0x080168ec                align_factor_ch
 .text.st_int8_to16_no_shift
                0x0801694c       0xc4 ../Middlewares/ST/AI/Lib\NetworkRuntime1100_CM4_GCC.a(st_int8_to16_no_shift.o)
                0x0801694c                st_int8_to16_no_shift
 .text.st_int8_to16_no_shift_interleaved
                0x08016a10       0x84 ../Middlewares/ST/AI/Lib\NetworkRuntime1100_CM4_GCC.a(st_int8_to16_no_shift.o)
                0x08016a10                st_int8_to16_no_shift_interleaved
 .text.st_int8_to16_dual
                0x08016a94      0x1d8 ../Middlewares/ST/AI/Lib\NetworkRuntime1100_CM4_GCC.a(st_int8_to16_no_shift.o)
                0x08016a94                st_int8_to16_dual
 .text.st_int8_to16_dual_interleaved
                0x08016c6c      0x174 ../Middlewares/ST/AI/Lib\NetworkRuntime1100_CM4_GCC.a(st_int8_to16_no_shift.o)
                0x08016c6c                st_int8_to16_dual_interleaved
 .text.ai_padding_opt_init
                0x08016de0       0xb0 ../Middlewares/ST/AI/Lib\NetworkRuntime1100_CM4_GCC.a(st_padding_opt.o)
                0x08016de0                ai_padding_opt_init
 .text.ai_padding_opt_phase1
                0x08016e90       0x34 ../Middlewares/ST/AI/Lib\NetworkRuntime1100_CM4_GCC.a(st_padding_opt.o)
                0x08016e90                ai_padding_opt_phase1
 .text.st_int8_avepool
                0x08016ec4      0x208 ../Middlewares/ST/AI/Lib\NetworkRuntime1100_CM4_GCC.a(st_int8_pool.o)
                0x08016ec4                st_int8_avepool
 .text.st_int16_fill
                0x080170cc       0x40 ../Middlewares/ST/AI/Lib\NetworkRuntime1100_CM4_GCC.a(st_int16_fill.o)
                0x080170cc                st_int16_fill
 .text.st_sssa8_ch_convolve_rank1upd
                0x0801710c      0x128 ../Middlewares/ST/AI/Lib\NetworkRuntime1100_CM4_GCC.a(st_sssa8_ch_convolve.o)
                0x0801710c                st_sssa8_ch_convolve_rank1upd
 .text.st_sssa8_ch_fully_connected
                0x08017234      0x514 ../Middlewares/ST/AI/Lib\NetworkRuntime1100_CM4_GCC.a(st_sssa8_ch_dense.o)
                0x08017234                st_sssa8_ch_fully_connected
 .text.st_int8_copy
                0x08017748      0x13c ../Middlewares/ST/AI/Lib\NetworkRuntime1100_CM4_GCC.a(st_int8_fill.o)
                0x08017748                st_int8_copy
 .text.st_int8_fill
                0x08017884       0x80 ../Middlewares/ST/AI/Lib\NetworkRuntime1100_CM4_GCC.a(st_int8_fill.o)
                0x08017884                st_int8_fill
 .text.st_int8_reordered_no_shift_zero
                0x08017904       0x68 ../Middlewares/ST/AI/Lib\NetworkRuntime1100_CM4_GCC.a(st_int8_reordered_no_shift.o)
                0x08017904                st_int8_reordered_no_shift_zero
 .text.st_sssa8_ch_nn_mat_mult_conv2d_nt_t
                0x0801796c      0xc44 ../Middlewares/ST/AI/Lib\NetworkRuntime1100_CM4_GCC.a(st_sssa8_ch_nn_mat_mult_conv2d_nt_t.o)
                0x0801796c                st_sssa8_ch_nn_mat_mult_conv2d_nt_t
 .text.st_sssa8_ch_nn_mat_mult_kernel_single_opt
                0x080185b0      0x370 ../Middlewares/ST/AI/Lib\NetworkRuntime1100_CM4_GCC.a(st_sssa8_ch_nn_mat_mult_kernel_single_opt.o)
                0x080185b0                st_sssa8_ch_nn_mat_mult_kernel_single_opt
 .text.st_sssa8_ch_1_output_mgt
                0x08018920       0x64 ../Middlewares/ST/AI/Lib\NetworkRuntime1100_CM4_GCC.a(st_sssa8_ch_nn_mat_mult_nt_t.o)
                0x08018920                st_sssa8_ch_1_output_mgt
 .text.st_sssa8_ch_2_output_mgt
                0x08018984       0xb4 ../Middlewares/ST/AI/Lib\NetworkRuntime1100_CM4_GCC.a(st_sssa8_ch_nn_mat_mult_nt_t.o)
                0x08018984                st_sssa8_ch_2_output_mgt
 .text.weights_offset_contribution_calc
                0x08018a38       0xcc ../Middlewares/ST/AI/Lib\NetworkRuntime1100_CM4_GCC.a(st_sssa8_ch_nn_mat_mult_nt_t.o)
                0x08018a38                weights_offset_contribution_calc
 .text.weights_2channels_prefetch
                0x08018b04      0x23c ../Middlewares/ST/AI/Lib\NetworkRuntime1100_CM4_GCC.a(st_sssa8_ch_nn_mat_mult_nt_t.o)
                0x08018b04                weights_2channels_prefetch
 .text.st_sssa8_ch_fullW_prefetch
                0x08018d40       0x78 ../Middlewares/ST/AI/Lib\NetworkRuntime1100_CM4_GCC.a(st_sssa8_ch_nn_mat_mult_nt_t.o)
                0x08018d40                st_sssa8_ch_fullW_prefetch
 *fill*         0x08018db8     0x7248 
 .text.st_sssa8_ch_nn_mat_mult_deep_conv2d_3x3
                0x08020000      0xb30 ../Middlewares/ST/AI/Lib\NetworkRuntime1100_CM4_GCC.a(st_sssa8_ch_nn_mat_mult_deep_conv2d_3x3.o)
                0x08020000                st_sssa8_ch_nn_mat_mult_deep_conv2d_3x3
 .text.st_sssa8_ch_nn_mat_mult_kernel_opt
                0x08020b30      0x33c ../Middlewares/ST/AI/Lib\NetworkRuntime1100_CM4_GCC.a(st_sssa8_ch_nn_mat_mult_kernel_opt.o)
                0x08020b30                st_sssa8_ch_nn_mat_mult_kernel_opt
 *fill*         0x08020e6c        0x4 
 .text.st_sssa8_ch_nn_mat_mult_pw_nt_t
                0x08020e70      0x760 ../Middlewares/ST/AI/Lib\NetworkRuntime1100_CM4_GCC.a(st_sssa8_ch_nn_mat_mult_pw_nt_t.o)
                0x08020e70                st_sssa8_ch_nn_mat_mult_pw_nt_t
 .text.st_sssa8_ch_nn_mat_mult_pw_nt_t_KWS
                0x080215d0      0x470 ../Middlewares/ST/AI/Lib\NetworkRuntime1100_CM4_GCC.a(st_sssa8_ch_nn_mat_mult_pw_nt_t.o)
                0x080215d0                st_sssa8_ch_nn_mat_mult_pw_nt_t_KWS
 .text.ai_sum_f32
                0x08021a40       0x14 ../Middlewares/ST/AI/Lib\NetworkRuntime1100_CM4_GCC.a(ai_math_helpers.o)
                0x08021a40                ai_sum_f32
 .text.ai_sum_buffer_INT8
                0x08021a54      0x2c4 ../Middlewares/ST/AI/Lib\NetworkRuntime1100_CM4_GCC.a(ai_math_helpers.o)
                0x08021a54                ai_sum_buffer_INT8
 .text.core_get_broadcasted_shape
                0x08021d18       0x54 ../Middlewares/ST/AI/Lib\NetworkRuntime1100_CM4_GCC.a(core_utils.o)
                0x08021d18                core_get_broadcasted_shape
 .text.core_compute_offsets
                0x08021d6c      0x18c ../Middlewares/ST/AI/Lib\NetworkRuntime1100_CM4_GCC.a(core_utils.o)
                0x08021d6c                core_compute_offsets
 .text.ai_math_elementwise_sum_int8
                0x08021ef8      0x1d8 ../Middlewares/ST/AI/Lib\NetworkRuntime1100_CM4_GCC.a(ai_math_elementwise_sum_int8.o)
                0x08021ef8                ai_math_elementwise_sum_int8
 .text._lite_kernel_nl_softmax_is8os8
                0x080220d0      0xbe0 ../Middlewares/ST/AI/Lib\NetworkRuntime1100_CM4_GCC.a(lite_nl_softmax_is8os8.o)
                0x080220d0                _lite_kernel_nl_softmax_is8os8
 .text.memset   0x08022cb0       0x10 C:/ST/STM32CubeIDE_1.18.1/STM32CubeIDE/plugins/com.st.stm32cube.ide.mcu.externaltools.gnu-tools-for-stm32.13.3.rel1.win32_1.0.100.202509120712/tools/bin/../lib/gcc/arm-none-eabi/13.3.1/../../../../arm-none-eabi/lib/thumb/v7e-m+fp/hard\libc_nano.a(libc_a-memset.o)
                0x08022cb0                memset
 .text.__libc_init_array
                0x08022cc0       0x48 C:/ST/STM32CubeIDE_1.18.1/STM32CubeIDE/plugins/com.st.stm32cube.ide.mcu.externaltools.gnu-tools-for-stm32.13.3.rel1.win32_1.0.100.202509120712/tools/bin/../lib/gcc/arm-none-eabi/13.3.1/../../../../arm-none-eabi/lib/thumb/v7e-m+fp/hard\libc_nano.a(libc_a-init.o)
                0x08022cc0                __libc_init_array
 .text.memcpy   0x08022d08       0x1c C:/ST/STM32CubeIDE_1.18.1/STM32CubeIDE/plugins/com.st.stm32cube.ide.mcu.externaltools.gnu-tools-for-stm32.13.3.rel1.win32_1.0.100.202509120712/tools/bin/../lib/gcc/arm-none-eabi/13.3.1/../../../../arm-none-eabi/lib/thumb/v7e-m+fp/hard\libc_nano.a(libc_a-memcpy-stub.o)
                0x08022d08                memcpy
 *(.glue_7)
 .glue_7        0x08022d24        0x0 linker stubs
 *(.glue_7t)
 .glue_7t       0x08022d24        0x0 linker stubs
 *(.eh_frame)
 .eh_frame      0x08022d24        0x0 C:/ST/STM32CubeIDE_1.18.1/STM32CubeIDE/plugins/com.st.stm32cube.ide.mcu.externaltools.gnu-tools-for-stm32.13.3.rel1.win32_1.0.100.202509120712/tools/bin/../lib/gcc/arm-none-eabi/13.3.1/thumb/v7e-m+fp/hard/crtbegin.o
 *(.init)
 .init          0x08022d24        0x4 C:/ST/STM32CubeIDE_1.18.1/STM32CubeIDE/plugins/com.st.stm32cube.ide.mcu.externaltools.gnu-tools-for-stm32.13.3.rel1.win32_1.0.100.202509120712/tools/bin/../lib/gcc/arm-none-eabi/13.3.1/thumb/v7e-m+fp/hard/crti.o
                0x08022d24                _init
 .init          0x08022d28        0x8 C:/ST/STM32CubeIDE_1.18.1/STM32CubeIDE/plugins/com.st.stm32cube.ide.mcu.externaltools.gnu-tools-for-stm32.13.3.rel1.win32_1.0.100.202509120712/tools/bin/../lib/gcc/arm-none-eabi/13.3.1/thumb/v7e-m+fp/hard/crtn.o
 *(.fini)
 .fini          0x08022d30        0x4 C:/ST/STM32CubeIDE_1.18.1/STM32CubeIDE/plugins/com.st.stm32cube.ide.mcu.externaltools.gnu-tools-for-stm32.13.3.rel1.win32_1.0.100.202509120712/tools/bin/../lib/gcc/arm-none-eabi/13.3.1/thumb/v7e-m+fp/hard/crti.o
                0x08022d30                _fini
 .fini          0x08022d34        0x8 C:/ST/STM32CubeIDE_1.18.1/STM32CubeIDE/plugins/com.st.stm32cube.ide.mcu.externaltools.gnu-tools-for-stm32.13.3.rel1.win32_1.0.100.202509120712/tools/bin/../lib/gcc/arm-none-eabi/13.3.1/thumb/v7e-m+fp/hard/crtn.o
                0x08022d3c                        . = ALIGN (0x4)
                0x08022d3c                        _etext = .

.vfp11_veneer   0x08022d3c        0x0
 .vfp11_veneer  0x08022d3c        0x0 linker stubs

.v4_bx          0x08022d3c        0x0
 .v4_bx         0x08022d3c        0x0 linker stubs

.iplt           0x08022d3c        0x0
 .iplt          0x08022d3c        0x0 C:/ST/STM32CubeIDE_1.18.1/STM32CubeIDE/plugins/com.st.stm32cube.ide.mcu.externaltools.gnu-tools-for-stm32.13.3.rel1.win32_1.0.100.202509120712/tools/bin/../lib/gcc/arm-none-eabi/13.3.1/thumb/v7e-m+fp/hard/crtbegin.o

.rodata         0x08022d40    0x13a98
                0x08022d40                        . = ALIGN (0x4)
 *(.rodata)
 *(.rodata*)
 .rodata.AHBPrescTable
                0x08022d40       0x10 ./Core/Src/system_stm32f4xx.o
                0x08022d40                AHBPrescTable
 .rodata.APBPrescTable
                0x08022d50        0x8 ./Core/Src/system_stm32f4xx.o
                0x08022d50                APBPrescTable
 .rodata.__compound_literal.138
                0x08022d58        0x4 ./X-CUBE-AI/App/network.o
 .rodata.__compound_literal.139
                0x08022d5c        0x1 ./X-CUBE-AI/App/network.o
 *fill*         0x08022d5d        0x3 
 .rodata.__compound_literal.140
                0x08022d60        0x8 ./X-CUBE-AI/App/network.o
 .rodata.__compound_literal.141
                0x08022d68        0x4 ./X-CUBE-AI/App/network.o
 .rodata.__compound_literal.142
                0x08022d6c        0x1 ./X-CUBE-AI/App/network.o
 *fill*         0x08022d6d        0x3 
 .rodata.__compound_literal.143
                0x08022d70        0x8 ./X-CUBE-AI/App/network.o
 .rodata.__compound_literal.144
                0x08022d78        0x4 ./X-CUBE-AI/App/network.o
 .rodata.__compound_literal.145
                0x08022d7c        0x1 ./X-CUBE-AI/App/network.o
 *fill*         0x08022d7d        0x3 
 .rodata.__compound_literal.146
                0x08022d80        0x8 ./X-CUBE-AI/App/network.o
 .rodata.__compound_literal.147
                0x08022d88        0x4 ./X-CUBE-AI/App/network.o
 .rodata.__compound_literal.148
                0x08022d8c        0x1 ./X-CUBE-AI/App/network.o
 *fill*         0x08022d8d        0x3 
 .rodata.__compound_literal.149
                0x08022d90        0x8 ./X-CUBE-AI/App/network.o
 .rodata.__compound_literal.150
                0x08022d98        0x4 ./X-CUBE-AI/App/network.o
 .rodata.__compound_literal.151
                0x08022d9c        0x1 ./X-CUBE-AI/App/network.o
 *fill*         0x08022d9d        0x3 
 .rodata.__compound_literal.152
                0x08022da0        0x8 ./X-CUBE-AI/App/network.o
 .rodata.__compound_literal.153
                0x08022da8        0x4 ./X-CUBE-AI/App/network.o
 .rodata.__compound_literal.154
                0x08022dac        0x1 ./X-CUBE-AI/App/network.o
 *fill*         0x08022dad        0x3 
 .rodata.__compound_literal.155
                0x08022db0        0x8 ./X-CUBE-AI/App/network.o
 .rodata.__compound_literal.156
                0x08022db8        0x4 ./X-CUBE-AI/App/network.o
 .rodata.__compound_literal.157
                0x08022dbc        0x1 ./X-CUBE-AI/App/network.o
 *fill*         0x08022dbd        0x3 
 .rodata.__compound_literal.158
                0x08022dc0        0x8 ./X-CUBE-AI/App/network.o
 .rodata.__compound_literal.159
                0x08022dc8        0x4 ./X-CUBE-AI/App/network.o
 .rodata.__compound_literal.160
                0x08022dcc        0x1 ./X-CUBE-AI/App/network.o
 *fill*         0x08022dcd        0x3 
 .rodata.__compound_literal.161
                0x08022dd0        0x8 ./X-CUBE-AI/App/network.o
 .rodata.__compound_literal.162
                0x08022dd8        0x4 ./X-CUBE-AI/App/network.o
 .rodata.__compound_literal.163
                0x08022ddc        0x1 ./X-CUBE-AI/App/network.o
 *fill*         0x08022ddd        0x3 
 .rodata.__compound_literal.164
                0x08022de0        0x8 ./X-CUBE-AI/App/network.o
 .rodata.__compound_literal.165
                0x08022de8        0x4 ./X-CUBE-AI/App/network.o
 .rodata.__compound_literal.166
                0x08022dec        0x1 ./X-CUBE-AI/App/network.o
 *fill*         0x08022ded        0x3 
 .rodata.__compound_literal.167
                0x08022df0        0x8 ./X-CUBE-AI/App/network.o
 .rodata.__compound_literal.168
                0x08022df8        0x4 ./X-CUBE-AI/App/network.o
 .rodata.__compound_literal.169
                0x08022dfc        0x1 ./X-CUBE-AI/App/network.o
 *fill*         0x08022dfd        0x3 
 .rodata.__compound_literal.170
                0x08022e00        0x8 ./X-CUBE-AI/App/network.o
 .rodata.__compound_literal.171
                0x08022e08       0x28 ./X-CUBE-AI/App/network.o
 .rodata.__compound_literal.172
                0x08022e30        0xa ./X-CUBE-AI/App/network.o
 *fill*         0x08022e3a        0x2 
 .rodata.__compound_literal.173
                0x08022e3c        0x8 ./X-CUBE-AI/App/network.o
 .rodata.eltwise_4_chain
                0x08022e44        0x8 ./X-CUBE-AI/App/network.o
 .rodata.eltwise_8_chain
                0x08022e4c        0x8 ./X-CUBE-AI/App/network.o
 .rodata.eltwise_12_chain
                0x08022e54        0x8 ./X-CUBE-AI/App/network.o
 .rodata.pool_13_chain
                0x08022e5c        0x8 ./X-CUBE-AI/App/network.o
 .rodata.gemm_18_chain
                0x08022e64        0x8 ./X-CUBE-AI/App/network.o
 .rodata.conv2d_1_t_weight_0_fmt_scale_const_f32
                0x08022e6c       0x40 ./X-CUBE-AI/App/network.o
 .rodata.conv2d_2_pad_before_v_pad_constant_value_const_s8
                0x08022eac        0x1 ./X-CUBE-AI/App/network.o
 *fill*         0x08022ead        0x3 
 .rodata.conv2d_2_t_weight_0_fmt_scale_const_f32
                0x08022eb0       0x40 ./X-CUBE-AI/App/network.o
 .rodata.conv2d_3_pad_before_v_pad_constant_value_const_s8
                0x08022ef0        0x1 ./X-CUBE-AI/App/network.o
 *fill*         0x08022ef1        0x3 
 .rodata.conv2d_3_t_weight_0_fmt_scale_const_f32
                0x08022ef4       0x40 ./X-CUBE-AI/App/network.o
 .rodata.conv2d_7_t_weight_0_fmt_scale_const_f32
                0x08022f34       0x80 ./X-CUBE-AI/App/network.o
 .rodata.conv2d_5_t_weight_0_fmt_scale_const_f32
                0x08022fb4       0x80 ./X-CUBE-AI/App/network.o
 .rodata.conv2d_6_pad_before_v_pad_constant_value_const_s8
                0x08023034        0x1 ./X-CUBE-AI/App/network.o
 *fill*         0x08023035        0x3 
 .rodata.conv2d_6_t_weight_0_fmt_scale_const_f32
                0x08023038       0x80 ./X-CUBE-AI/App/network.o
 .rodata.conv2d_9_pad_before_v_pad_constant_value_const_s8
                0x080230b8        0x1 ./X-CUBE-AI/App/network.o
 *fill*         0x080230b9        0x3 
 .rodata.conv2d_9_t_weight_0_fmt_scale_const_f32
                0x080230bc      0x100 ./X-CUBE-AI/App/network.o
 .rodata.conv2d_10_pad_before_v_pad_constant_value_const_s8
                0x080231bc        0x1 ./X-CUBE-AI/App/network.o
 *fill*         0x080231bd        0x3 
 .rodata.conv2d_10_t_weight_0_fmt_scale_const_f32
                0x080231c0      0x100 ./X-CUBE-AI/App/network.o
 .rodata.conv2d_11_t_weight_0_fmt_scale_const_f32
                0x080232c0      0x100 ./X-CUBE-AI/App/network.o
 .rodata._network_context.0
                0x080233c0       0x80 ./X-CUBE-AI/App/network.o
 .rodata.g_network_conv2d_1_weights_array
                0x08023440      0x1b0 ./X-CUBE-AI/App/network_data.o
                0x08023440                g_network_conv2d_1_weights_array
 .rodata.g_network_conv2d_1_bias_array
                0x080235f0       0x40 ./X-CUBE-AI/App/network_data.o
                0x080235f0                g_network_conv2d_1_bias_array
 .rodata.g_network_conv2d_2_weights_array
                0x08023630      0x900 ./X-CUBE-AI/App/network_data.o
                0x08023630                g_network_conv2d_2_weights_array
 .rodata.g_network_conv2d_2_bias_array
                0x08023f30       0x40 ./X-CUBE-AI/App/network_data.o
                0x08023f30                g_network_conv2d_2_bias_array
 .rodata.g_network_conv2d_3_weights_array
                0x08023f70      0x900 ./X-CUBE-AI/App/network_data.o
                0x08023f70                g_network_conv2d_3_weights_array
 .rodata.g_network_conv2d_3_bias_array
                0x08024870       0x40 ./X-CUBE-AI/App/network_data.o
                0x08024870                g_network_conv2d_3_bias_array
 .rodata.g_network_conv2d_7_weights_array
                0x080248b0      0x200 ./X-CUBE-AI/App/network_data.o
                0x080248b0                g_network_conv2d_7_weights_array
 .rodata.g_network_conv2d_7_bias_array
                0x08024ab0       0x80 ./X-CUBE-AI/App/network_data.o
                0x08024ab0                g_network_conv2d_7_bias_array
 .rodata.g_network_conv2d_5_weights_array
                0x08024b30     0x1200 ./X-CUBE-AI/App/network_data.o
                0x08024b30                g_network_conv2d_5_weights_array
 .rodata.g_network_conv2d_5_bias_array
                0x08025d30       0x80 ./X-CUBE-AI/App/network_data.o
                0x08025d30                g_network_conv2d_5_bias_array
 .rodata.g_network_conv2d_6_weights_array
                0x08025db0     0x2400 ./X-CUBE-AI/App/network_data.o
                0x08025db0                g_network_conv2d_6_weights_array
 .rodata.g_network_conv2d_6_bias_array
                0x080281b0       0x80 ./X-CUBE-AI/App/network_data.o
                0x080281b0                g_network_conv2d_6_bias_array
 .rodata.g_network_conv2d_9_weights_array
                0x08028230     0x4800 ./X-CUBE-AI/App/network_data.o
                0x08028230                g_network_conv2d_9_weights_array
 .rodata.g_network_conv2d_9_bias_array
                0x0802ca30      0x100 ./X-CUBE-AI/App/network_data.o
                0x0802ca30                g_network_conv2d_9_bias_array
 .rodata.g_network_conv2d_10_weights_array
                0x0802cb30     0x9000 ./X-CUBE-AI/App/network_data.o
                0x0802cb30                g_network_conv2d_10_weights_array
 .rodata.g_network_conv2d_10_bias_array
                0x08035b30      0x100 ./X-CUBE-AI/App/network_data.o
                0x08035b30                g_network_conv2d_10_bias_array
 .rodata.g_network_conv2d_11_weights_array
                0x08035c30      0x800 ./X-CUBE-AI/App/network_data.o
                0x08035c30                g_network_conv2d_11_weights_array
 .rodata.g_network_conv2d_11_bias_array
                0x08036430      0x100 ./X-CUBE-AI/App/network_data.o
                0x08036430                g_network_conv2d_11_bias_array
 .rodata.g_network_gemm_18_weights_array
                0x08036530      0x280 ./X-CUBE-AI/App/network_data.o
                0x08036530                g_network_gemm_18_weights_array
 .rodata.g_network_gemm_18_bias_array
                0x080367b0       0x28 ./X-CUBE-AI/App/network_data.o
                0x080367b0                g_network_gemm_18_bias_array
                0x080367d8                        . = ALIGN (0x4)

.ARM.extab      0x080367d8        0x0
                0x080367d8                        . = ALIGN (0x4)
 *(.ARM.extab* .gnu.linkonce.armextab.*)
                0x080367d8                        . = ALIGN (0x4)

.ARM            0x080367d8        0x8
                0x080367d8                        . = ALIGN (0x4)
                0x080367d8                        __exidx_start = .
 *(.ARM.exidx*)
 .ARM.exidx     0x080367d8        0x8 C:/ST/STM32CubeIDE_1.18.1/STM32CubeIDE/plugins/com.st.stm32cube.ide.mcu.externaltools.gnu-tools-for-stm32.13.3.rel1.win32_1.0.100.202509120712/tools/bin/../lib/gcc/arm-none-eabi/13.3.1/thumb/v7e-m+fp/hard\libgcc.a(_udivmoddi4.o)
                0x080367e0                        __exidx_end = .
                0x080367e0                        . = ALIGN (0x4)

.preinit_array  0x080367e0        0x0
                0x080367e0                        . = ALIGN (0x4)
                0x080367e0                        PROVIDE (__preinit_array_start = .)
 *(.preinit_array*)
                0x080367e0                        PROVIDE (__preinit_array_end = .)
                0x080367e0                        . = ALIGN (0x4)

.init_array     0x080367e0        0x4
                0x080367e0                        . = ALIGN (0x4)
                0x080367e0                        PROVIDE (__init_array_start = .)
 *(SORT_BY_NAME(.init_array.*))
 *(.init_array*)
 .init_array    0x080367e0        0x4 C:/ST/STM32CubeIDE_1.18.1/STM32CubeIDE/plugins/com.st.stm32cube.ide.mcu.externaltools.gnu-tools-for-stm32.13.3.rel1.win32_1.0.100.202509120712/tools/bin/../lib/gcc/arm-none-eabi/13.3.1/thumb/v7e-m+fp/hard/crtbegin.o
                0x080367e4                        PROVIDE (__init_array_end = .)
                0x080367e4                        . = ALIGN (0x4)

.fini_array     0x080367e4        0x4
                0x080367e4                        . = ALIGN (0x4)
                [!provide]                        PROVIDE (__fini_array_start = .)
 *(SORT_BY_NAME(.fini_array.*))
 *(.fini_array*)
 .fini_array    0x080367e4        0x4 C:/ST/STM32CubeIDE_1.18.1/STM32CubeIDE/plugins/com.st.stm32cube.ide.mcu.externaltools.gnu-tools-for-stm32.13.3.rel1.win32_1.0.100.202509120712/tools/bin/../lib/gcc/arm-none-eabi/13.3.1/thumb/v7e-m+fp/hard/crtbegin.o
                [!provide]                        PROVIDE (__fini_array_end = .)
                0x080367e8                        . = ALIGN (0x4)
                0x080367e8                        _sidata = LOADADDR (.data)

.rel.dyn        0x080367e8        0x0
 .rel.iplt      0x080367e8        0x0 C:/ST/STM32CubeIDE_1.18.1/STM32CubeIDE/plugins/com.st.stm32cube.ide.mcu.externaltools.gnu-tools-for-stm32.13.3.rel1.win32_1.0.100.202509120712/tools/bin/../lib/gcc/arm-none-eabi/13.3.1/thumb/v7e-m+fp/hard/crtbegin.o

.data           0x2000a9a0      0x690 load address 0x080367e8
                0x2000a9a0                        . = ALIGN (0x4)
                0x2000a9a0                        _sdata = .
 *(.data)
 *(.data*)
 .data.act_ptrs
                0x2000a9a0        0x4 ./Core/Src/main.o
 .data.in_ptrs  0x2000a9a4        0x4 ./Core/Src/main.o
 .data.out_ptrs
                0x2000a9a8        0x4 ./Core/Src/main.o
 .data.SystemCoreClock
                0x2000a9ac        0x4 ./Core/Src/system_stm32f4xx.o
                0x2000a9ac                SystemCoreClock
 .data.uwTickPrio
                0x2000a9b0        0x4 ./Drivers/STM32F4xx_HAL_Driver/Src/stm32f4xx_hal.o
                0x2000a9b0                uwTickPrio
 .data.uwTickFreq
                0x2000a9b4        0x1 ./Drivers/STM32F4xx_HAL_Driver/Src/stm32f4xx_hal.o
                0x2000a9b4                uwTickFreq
 *fill*         0x2000a9b5        0x3 
 .data.conv2d_1_output_array_intq
                0x2000a9b8        0x8 ./X-CUBE-AI/App/network.o
 .data.conv2d_3_output_array_intq
                0x2000a9c0        0x8 ./X-CUBE-AI/App/network.o
 .data.eltwise_4_output_array_intq
                0x2000a9c8        0x8 ./X-CUBE-AI/App/network.o
 .data.conv2d_7_output_array_intq
                0x2000a9d0        0x8 ./X-CUBE-AI/App/network.o
 .data.conv2d_6_output_array_intq
                0x2000a9d8        0x8 ./X-CUBE-AI/App/network.o
 .data.eltwise_8_output_array_intq
                0x2000a9e0        0x8 ./X-CUBE-AI/App/network.o
 .data.conv2d_10_output_array_intq
                0x2000a9e8        0x8 ./X-CUBE-AI/App/network.o
 .data.conv2d_11_output_array_intq
                0x2000a9f0        0x8 ./X-CUBE-AI/App/network.o
 .data.eltwise_12_output_array_intq
                0x2000a9f8        0x8 ./X-CUBE-AI/App/network.o
 .data.pool_13_output_array_intq
                0x2000aa00        0x8 ./X-CUBE-AI/App/network.o
 .data.gemm_18_output_array_intq
                0x2000aa08        0x8 ./X-CUBE-AI/App/network.o
 .data.gemm_18_weights_array_intq
                0x2000aa10        0x8 ./X-CUBE-AI/App/network.o
 .data.conv2d_1_output_array
                0x2000aa18       0x10 ./X-CUBE-AI/App/network.o
 .data.conv2d_3_output_array
                0x2000aa28       0x10 ./X-CUBE-AI/App/network.o
 .data.eltwise_4_output_array
                0x2000aa38       0x10 ./X-CUBE-AI/App/network.o
 .data.conv2d_7_output_array
                0x2000aa48       0x10 ./X-CUBE-AI/App/network.o
 .data.conv2d_6_output_array
                0x2000aa58       0x10 ./X-CUBE-AI/App/network.o
 .data.eltwise_8_output_array
                0x2000aa68       0x10 ./X-CUBE-AI/App/network.o
 .data.conv2d_10_output_array
                0x2000aa78       0x10 ./X-CUBE-AI/App/network.o
 .data.conv2d_11_output_array
                0x2000aa88       0x10 ./X-CUBE-AI/App/network.o
 .data.eltwise_12_output_array
                0x2000aa98       0x10 ./X-CUBE-AI/App/network.o
 .data.pool_13_output_array
                0x2000aaa8       0x10 ./X-CUBE-AI/App/network.o
 .data.gemm_18_output_array
                0x2000aab8       0x10 ./X-CUBE-AI/App/network.o
 .data.gemm_18_weights_array
                0x2000aac8       0x10 ./X-CUBE-AI/App/network.o
 .data.gemm_18_bias_array
                0x2000aad8       0x10 ./X-CUBE-AI/App/network.o
 .data.gemm_18_scratch0_array
                0x2000aae8       0x10 ./X-CUBE-AI/App/network.o
 .data.__compound_literal.174
                0x2000aaf8       0x10 ./X-CUBE-AI/App/network.o
 .data.__compound_literal.175
                0x2000ab08       0x10 ./X-CUBE-AI/App/network.o
 .data.conv2d_1_output
                0x2000ab18       0x1c ./X-CUBE-AI/App/network.o
 .data.__compound_literal.176
                0x2000ab34       0x10 ./X-CUBE-AI/App/network.o
 .data.__compound_literal.177
                0x2000ab44       0x10 ./X-CUBE-AI/App/network.o
 .data.conv2d_3_output
                0x2000ab54       0x1c ./X-CUBE-AI/App/network.o
 .data.__compound_literal.178
                0x2000ab70       0x10 ./X-CUBE-AI/App/network.o
 .data.__compound_literal.179
                0x2000ab80       0x10 ./X-CUBE-AI/App/network.o
 .data.eltwise_4_output
                0x2000ab90       0x1c ./X-CUBE-AI/App/network.o
 .data.__compound_literal.180
                0x2000abac       0x10 ./X-CUBE-AI/App/network.o
 .data.__compound_literal.181
                0x2000abbc       0x10 ./X-CUBE-AI/App/network.o
 .data.conv2d_6_output
                0x2000abcc       0x1c ./X-CUBE-AI/App/network.o
 .data.__compound_literal.182
                0x2000abe8       0x10 ./X-CUBE-AI/App/network.o
 .data.__compound_literal.183
                0x2000abf8       0x10 ./X-CUBE-AI/App/network.o
 .data.conv2d_7_output
                0x2000ac08       0x1c ./X-CUBE-AI/App/network.o
 .data.__compound_literal.184
                0x2000ac24       0x10 ./X-CUBE-AI/App/network.o
 .data.__compound_literal.185
                0x2000ac34       0x10 ./X-CUBE-AI/App/network.o
 .data.eltwise_8_output
                0x2000ac44       0x1c ./X-CUBE-AI/App/network.o
 .data.__compound_literal.186
                0x2000ac60       0x10 ./X-CUBE-AI/App/network.o
 .data.__compound_literal.187
                0x2000ac70       0x10 ./X-CUBE-AI/App/network.o
 .data.conv2d_10_output
                0x2000ac80       0x1c ./X-CUBE-AI/App/network.o
 .data.__compound_literal.188
                0x2000ac9c       0x10 ./X-CUBE-AI/App/network.o
 .data.__compound_literal.189
                0x2000acac       0x10 ./X-CUBE-AI/App/network.o
 .data.conv2d_11_output
                0x2000acbc       0x1c ./X-CUBE-AI/App/network.o
 .data.__compound_literal.190
                0x2000acd8       0x10 ./X-CUBE-AI/App/network.o
 .data.__compound_literal.191
                0x2000ace8       0x10 ./X-CUBE-AI/App/network.o
 .data.eltwise_12_output
                0x2000acf8       0x1c ./X-CUBE-AI/App/network.o
 .data.__compound_literal.192
                0x2000ad14       0x10 ./X-CUBE-AI/App/network.o
 .data.__compound_literal.193
                0x2000ad24       0x10 ./X-CUBE-AI/App/network.o
 .data.pool_13_output
                0x2000ad34       0x1c ./X-CUBE-AI/App/network.o
 .data.__compound_literal.194
                0x2000ad50       0x10 ./X-CUBE-AI/App/network.o
 .data.__compound_literal.195
                0x2000ad60       0x10 ./X-CUBE-AI/App/network.o
 .data.gemm_18_bias
                0x2000ad70       0x1c ./X-CUBE-AI/App/network.o
 .data.__compound_literal.196
                0x2000ad8c       0x10 ./X-CUBE-AI/App/network.o
 .data.__compound_literal.197
                0x2000ad9c       0x10 ./X-CUBE-AI/App/network.o
 .data.gemm_18_output
                0x2000adac       0x1c ./X-CUBE-AI/App/network.o
 .data.__compound_literal.198
                0x2000adc8       0x10 ./X-CUBE-AI/App/network.o
 .data.__compound_literal.199
                0x2000add8       0x10 ./X-CUBE-AI/App/network.o
 .data.gemm_18_scratch0
                0x2000ade8       0x1c ./X-CUBE-AI/App/network.o
 .data.__compound_literal.200
                0x2000ae04       0x10 ./X-CUBE-AI/App/network.o
 .data.__compound_literal.201
                0x2000ae14       0x10 ./X-CUBE-AI/App/network.o
 .data.gemm_18_weights
                0x2000ae24       0x1c ./X-CUBE-AI/App/network.o
 .data.__compound_literal.202
                0x2000ae40        0x8 ./X-CUBE-AI/App/network.o
 .data.__compound_literal.203
                0x2000ae48        0x4 ./X-CUBE-AI/App/network.o
 .data.__compound_literal.206
                0x2000ae4c       0x30 ./X-CUBE-AI/App/network.o
 .data.eltwise_4_layer
                0x2000ae7c       0x24 ./X-CUBE-AI/App/network.o
 .data.__compound_literal.207
                0x2000aea0        0x8 ./X-CUBE-AI/App/network.o
 .data.__compound_literal.208
                0x2000aea8        0x4 ./X-CUBE-AI/App/network.o
 .data.__compound_literal.211
                0x2000aeac       0x30 ./X-CUBE-AI/App/network.o
 .data.eltwise_8_layer
                0x2000aedc       0x24 ./X-CUBE-AI/App/network.o
 .data.__compound_literal.212
                0x2000af00        0x8 ./X-CUBE-AI/App/network.o
 .data.__compound_literal.213
                0x2000af08        0x4 ./X-CUBE-AI/App/network.o
 .data.__compound_literal.216
                0x2000af0c       0x30 ./X-CUBE-AI/App/network.o
 .data.eltwise_12_layer
                0x2000af3c       0x24 ./X-CUBE-AI/App/network.o
 .data.__compound_literal.217
                0x2000af60        0x4 ./X-CUBE-AI/App/network.o
 .data.__compound_literal.218
                0x2000af64        0x4 ./X-CUBE-AI/App/network.o
 .data.__compound_literal.221
                0x2000af68       0x30 ./X-CUBE-AI/App/network.o
 .data.pool_13_layer
                0x2000af98       0x38 ./X-CUBE-AI/App/network.o
 .data.__compound_literal.223
                0x2000afd0        0x4 ./X-CUBE-AI/App/network.o
 .data.__compound_literal.224
                0x2000afd4        0x4 ./X-CUBE-AI/App/network.o
 .data.__compound_literal.225
                0x2000afd8        0x8 ./X-CUBE-AI/App/network.o
 .data.__compound_literal.226
                0x2000afe0        0x4 ./X-CUBE-AI/App/network.o
 .data.__compound_literal.227
                0x2000afe4       0x30 ./X-CUBE-AI/App/network.o
 .data.gemm_18_layer
                0x2000b014       0x1c ./X-CUBE-AI/App/network.o
 *(.RamFunc)
 *(.RamFunc*)
                0x2000b030                        . = ALIGN (0x4)
                0x2000b030                        _edata = .

.igot.plt       0x2000b030        0x0 load address 0x08036e78
 .igot.plt      0x2000b030        0x0 C:/ST/STM32CubeIDE_1.18.1/STM32CubeIDE/plugins/com.st.stm32cube.ide.mcu.externaltools.gnu-tools-for-stm32.13.3.rel1.win32_1.0.100.202509120712/tools/bin/../lib/gcc/arm-none-eabi/13.3.1/thumb/v7e-m+fp/hard/crtbegin.o
                0x2000b030                        . = ALIGN (0x4)

.bss            0x2000b030     0xddf4 load address 0x08036e78
                0x2000b030                        _sbss = .
                0x2000b030                        __bss_start__ = _sbss
 *(.bss)
 .bss           0x2000b030       0x1c C:/ST/STM32CubeIDE_1.18.1/STM32CubeIDE/plugins/com.st.stm32cube.ide.mcu.externaltools.gnu-tools-for-stm32.13.3.rel1.win32_1.0.100.202509120712/tools/bin/../lib/gcc/arm-none-eabi/13.3.1/thumb/v7e-m+fp/hard/crtbegin.o
 *(.bss*)
 .bss.huart2    0x2000b04c       0x48 ./Core/Src/main.o
                0x2000b04c                huart2
 *fill*         0x2000b094        0x4 
 .bss.net_ctx   0x2000b098       0x80 ./Core/Src/main.o
 .bss.acts      0x2000b118     0xa9a0 ./Core/Src/main.o
 .bss.in_buf    0x20015ab8     0x3000 ./Core/Src/main.o
 .bss.out_buf   0x20018ab8       0x28 ./Core/Src/main.o
 .bss.img_buf   0x20018ae0      0x310 ./Core/Src/main.o
 .bss.uwTick    0x20018df0        0x4 ./Drivers/STM32F4xx_HAL_Driver/Src/stm32f4xx_hal.o
                0x20018df0                uwTick
 .bss.__compound_literal.204
                0x20018df4        0x4 ./X-CUBE-AI/App/network.o
 .bss.__compound_literal.205
                0x20018df8        0x4 ./X-CUBE-AI/App/network.o
 .bss.__compound_literal.209
                0x20018dfc        0x4 ./X-CUBE-AI/App/network.o
 .bss.__compound_literal.210
                0x20018e00        0x4 ./X-CUBE-AI/App/network.o
 .bss.__compound_literal.214
                0x20018e04        0x4 ./X-CUBE-AI/App/network.o
 .bss.__compound_literal.215
                0x20018e08        0x4 ./X-CUBE-AI/App/network.o
 .bss.__compound_literal.219
                0x20018e0c        0x4 ./X-CUBE-AI/App/network.o
 .bss.__compound_literal.220
                0x20018e10        0x4 ./X-CUBE-AI/App/network.o
 .bss.__compound_literal.222
                0x20018e14       0x10 ./X-CUBE-AI/App/network.o
 *(COMMON)
                0x20018e24                        . = ALIGN (0x4)
                0x20018e24                        _ebss = .
                0x20018e24                        __bss_end__ = _ebss

._user_heap_stack
                0x20018e24     0x2804 load address 0x08036e78
                0x20018e28                        . = ALIGN (0x8)
 *fill*         0x20018e24        0x4 
                [!provide]                        PROVIDE (end = .)
                0x20018e28                        PROVIDE (_end = .)
                0x20019628                        . = (. + _Min_Heap_Size)
 *fill*         0x20018e28      0x800 
                0x2001b628                        . = (. + _Min_Stack_Size)
 *fill*         0x20019628     0x2000 
                0x2001b628                        . = ALIGN (0x8)

/DISCARD/
 libc.a(*)
 libm.a(*)
 libgcc.a(*)

.ARM.attributes
                0x00000000       0x30
 *(.ARM.attributes)
 .ARM.attributes
                0x00000000       0x22 C:/ST/STM32CubeIDE_1.18.1/STM32CubeIDE/plugins/com.st.stm32cube.ide.mcu.externaltools.gnu-tools-for-stm32.13.3.rel1.win32_1.0.100.202509120712/tools/bin/../lib/gcc/arm-none-eabi/13.3.1/thumb/v7e-m+fp/hard/crti.o
 .ARM.attributes
                0x00000022       0x34 C:/ST/STM32CubeIDE_1.18.1/STM32CubeIDE/plugins/com.st.stm32cube.ide.mcu.externaltools.gnu-tools-for-stm32.13.3.rel1.win32_1.0.100.202509120712/tools/bin/../lib/gcc/arm-none-eabi/13.3.1/thumb/v7e-m+fp/hard/crtbegin.o
 .ARM.attributes
                0x00000056       0x34 ./Core/Src/main.o
 .ARM.attributes
                0x0000008a       0x34 ./Core/Src/stm32f4xx_hal_msp.o
 .ARM.attributes
                0x000000be       0x34 ./Core/Src/stm32f4xx_it.o
 .ARM.attributes
                0x000000f2       0x34 ./Core/Src/system_stm32f4xx.o
 .ARM.attributes
                0x00000126       0x21 ./Core/Startup/startup_stm32f446retx.o
 .ARM.attributes
                0x00000147       0x34 ./Drivers/STM32F4xx_HAL_Driver/Src/stm32f4xx_hal.o
 .ARM.attributes
                0x0000017b       0x34 ./Drivers/STM32F4xx_HAL_Driver/Src/stm32f4xx_hal_cortex.o
 .ARM.attributes
                0x000001af       0x34 ./Drivers/STM32F4xx_HAL_Driver/Src/stm32f4xx_hal_gpio.o
 .ARM.attributes
                0x000001e3       0x34 ./Drivers/STM32F4xx_HAL_Driver/Src/stm32f4xx_hal_pwr_ex.o
 .ARM.attributes
                0x00000217       0x34 ./Drivers/STM32F4xx_HAL_Driver/Src/stm32f4xx_hal_rcc.o
 .ARM.attributes
                0x0000024b       0x34 ./Drivers/STM32F4xx_HAL_Driver/Src/stm32f4xx_hal_rcc_ex.o
 .ARM.attributes
                0x0000027f       0x34 ./Drivers/STM32F4xx_HAL_Driver/Src/stm32f4xx_hal_uart.o
 .ARM.attributes
                0x000002b3       0x34 ./X-CUBE-AI/App/app_x-cube-ai.o
 .ARM.attributes
                0x000002e7       0x34 ./X-CUBE-AI/App/network.o
 .ARM.attributes
                0x0000031b       0x34 ./X-CUBE-AI/App/network_data.o
 .ARM.attributes
                0x0000034f       0x30 ../Middlewares/ST/AI/Lib\NetworkRuntime1100_CM4_GCC.a(layers_conv2d_stm32_integer.o)
 .ARM.attributes
                0x0000037f       0x30 ../Middlewares/ST/AI/Lib\NetworkRuntime1100_CM4_GCC.a(layers_pool_stm32_integer.o)
 .ARM.attributes
                0x000003af       0x30 ../Middlewares/ST/AI/Lib\NetworkRuntime1100_CM4_GCC.a(layers_stm32_integer.o)
 .ARM.attributes
                0x000003df       0x30 ../Middlewares/ST/AI/Lib\NetworkRuntime1100_CM4_GCC.a(forward_lite_convert.o)
 .ARM.attributes
                0x0000040f       0x30 ../Middlewares/ST/AI/Lib\NetworkRuntime1100_CM4_GCC.a(forward_lite_dense_is8os8ws8_ch.o)
 .ARM.attributes
                0x0000043f       0x30 ../Middlewares/ST/AI/Lib\NetworkRuntime1100_CM4_GCC.a(forward_lite_avepool_is8os8.o)
 .ARM.attributes
                0x0000046f       0x30 ../Middlewares/ST/AI/Lib\NetworkRuntime1100_CM4_GCC.a(forward_lite_pw_sssa8_ch.o)
 .ARM.attributes
                0x0000049f       0x30 ../Middlewares/ST/AI/Lib\NetworkRuntime1100_CM4_GCC.a(forward_lite_conv2d_sssa8_ch.o)
 .ARM.attributes
                0x000004cf       0x30 ../Middlewares/ST/AI/Lib\NetworkRuntime1100_CM4_GCC.a(lite_convert_kernel.o)
 .ARM.attributes
                0x000004ff       0x30 ../Middlewares/ST/AI/Lib\NetworkRuntime1100_CM4_GCC.a(lite_nl_generic_integer.o)
 .ARM.attributes
                0x0000052f       0x30 ../Middlewares/ST/AI/Lib\NetworkRuntime1100_CM4_GCC.a(forward_lite_pad_generic.o)
 .ARM.attributes
                0x0000055f       0x30 ../Middlewares/ST/AI/Lib\NetworkRuntime1100_CM4_GCC.a(st_align_factor.o)
 .ARM.attributes
                0x0000058f       0x30 ../Middlewares/ST/AI/Lib\NetworkRuntime1100_CM4_GCC.a(st_int8_to16_no_shift.o)
 .ARM.attributes
                0x000005bf       0x30 ../Middlewares/ST/AI/Lib\NetworkRuntime1100_CM4_GCC.a(st_padding_opt.o)
 .ARM.attributes
                0x000005ef       0x30 ../Middlewares/ST/AI/Lib\NetworkRuntime1100_CM4_GCC.a(st_int8_pool.o)
 .ARM.attributes
                0x0000061f       0x30 ../Middlewares/ST/AI/Lib\NetworkRuntime1100_CM4_GCC.a(st_int16_fill.o)
 .ARM.attributes
                0x0000064f       0x30 ../Middlewares/ST/AI/Lib\NetworkRuntime1100_CM4_GCC.a(st_sssa8_ch_convolve.o)
 .ARM.attributes
                0x0000067f       0x30 ../Middlewares/ST/AI/Lib\NetworkRuntime1100_CM4_GCC.a(st_sssa8_ch_dense.o)
 .ARM.attributes
                0x000006af       0x30 ../Middlewares/ST/AI/Lib\NetworkRuntime1100_CM4_GCC.a(st_int8_fill.o)
 .ARM.attributes
                0x000006df       0x30 ../Middlewares/ST/AI/Lib\NetworkRuntime1100_CM4_GCC.a(st_int8_reordered_no_shift.o)
 .ARM.attributes
                0x0000070f       0x30 ../Middlewares/ST/AI/Lib\NetworkRuntime1100_CM4_GCC.a(st_sssa8_ch_nn_mat_mult_conv2d_nt_t.o)
 .ARM.attributes
                0x0000073f       0x30 ../Middlewares/ST/AI/Lib\NetworkRuntime1100_CM4_GCC.a(st_sssa8_ch_nn_mat_mult_kernel_single_opt.o)
 .ARM.attributes
                0x0000076f       0x30 ../Middlewares/ST/AI/Lib\NetworkRuntime1100_CM4_GCC.a(st_sssa8_ch_nn_mat_mult_nt_t.o)
 .ARM.attributes
                0x0000079f       0x1c ../Middlewares/ST/AI/Lib\NetworkRuntime1100_CM4_GCC.a(st_sssa8_ch_nn_mat_mult_deep_conv2d_3x3.o)
 .ARM.attributes
                0x000007bb       0x1c ../Middlewares/ST/AI/Lib\NetworkRuntime1100_CM4_GCC.a(st_sssa8_ch_nn_mat_mult_kernel_opt.o)
 .ARM.attributes
                0x000007d7       0x1c ../Middlewares/ST/AI/Lib\NetworkRuntime1100_CM4_GCC.a(st_sssa8_ch_nn_mat_mult_pw_nt_t.o)
 .ARM.attributes
                0x000007f3       0x30 ../Middlewares/ST/AI/Lib\NetworkRuntime1100_CM4_GCC.a(ai_math_helpers.o)
 .ARM.attributes
                0x00000823       0x30 ../Middlewares/ST/AI/Lib\NetworkRuntime1100_CM4_GCC.a(core_utils.o)
 .ARM.attributes
                0x00000853       0x30 ../Middlewares/ST/AI/Lib\NetworkRuntime1100_CM4_GCC.a(ai_math_elementwise_sum_int8.o)
 .ARM.attributes
                0x00000883       0x30 ../Middlewares/ST/AI/Lib\NetworkRuntime1100_CM4_GCC.a(lite_nl_softmax_is8os8.o)
 .ARM.attributes
                0x000008b3       0x34 C:/ST/STM32CubeIDE_1.18.1/STM32CubeIDE/plugins/com.st.stm32cube.ide.mcu.externaltools.gnu-tools-for-stm32.13.3.rel1.win32_1.0.100.202509120712/tools/bin/../lib/gcc/arm-none-eabi/13.3.1/../../../../arm-none-eabi/lib/thumb/v7e-m+fp/hard\libc_nano.a(libc_a-memset.o)
 .ARM.attributes
                0x000008e7       0x34 C:/ST/STM32CubeIDE_1.18.1/STM32CubeIDE/plugins/com.st.stm32cube.ide.mcu.externaltools.gnu-tools-for-stm32.13.3.rel1.win32_1.0.100.202509120712/tools/bin/../lib/gcc/arm-none-eabi/13.3.1/../../../../arm-none-eabi/lib/thumb/v7e-m+fp/hard\libc_nano.a(libc_a-init.o)
 .ARM.attributes
                0x0000091b       0x34 C:/ST/STM32CubeIDE_1.18.1/STM32CubeIDE/plugins/com.st.stm32cube.ide.mcu.externaltools.gnu-tools-for-stm32.13.3.rel1.win32_1.0.100.202509120712/tools/bin/../lib/gcc/arm-none-eabi/13.3.1/../../../../arm-none-eabi/lib/thumb/v7e-m+fp/hard\libc_nano.a(libc_a-memcpy-stub.o)
 .ARM.attributes
                0x0000094f       0x22 C:/ST/STM32CubeIDE_1.18.1/STM32CubeIDE/plugins/com.st.stm32cube.ide.mcu.externaltools.gnu-tools-for-stm32.13.3.rel1.win32_1.0.100.202509120712/tools/bin/../lib/gcc/arm-none-eabi/13.3.1/thumb/v7e-m+fp/hard\libgcc.a(_aeabi_uldivmod.o)
 .ARM.attributes
                0x00000971       0x34 C:/ST/STM32CubeIDE_1.18.1/STM32CubeIDE/plugins/com.st.stm32cube.ide.mcu.externaltools.gnu-tools-for-stm32.13.3.rel1.win32_1.0.100.202509120712/tools/bin/../lib/gcc/arm-none-eabi/13.3.1/thumb/v7e-m+fp/hard\libgcc.a(_udivmoddi4.o)
 .ARM.attributes
                0x000009a5       0x22 C:/ST/STM32CubeIDE_1.18.1/STM32CubeIDE/plugins/com.st.stm32cube.ide.mcu.externaltools.gnu-tools-for-stm32.13.3.rel1.win32_1.0.100.202509120712/tools/bin/../lib/gcc/arm-none-eabi/13.3.1/thumb/v7e-m+fp/hard\libgcc.a(_dvmd_tls.o)
 .ARM.attributes
                0x000009c7       0x22 C:/ST/STM32CubeIDE_1.18.1/STM32CubeIDE/plugins/com.st.stm32cube.ide.mcu.externaltools.gnu-tools-for-stm32.13.3.rel1.win32_1.0.100.202509120712/tools/bin/../lib/gcc/arm-none-eabi/13.3.1/thumb/v7e-m+fp/hard/crtn.o
OUTPUT(fdmobilenet.elf elf32-littlearm)
LOAD linker stubs
LOAD C:/ST/STM32CubeIDE_1.18.1/STM32CubeIDE/plugins/com.st.stm32cube.ide.mcu.externaltools.gnu-tools-for-stm32.13.3.rel1.win32_1.0.100.202509120712/tools/bin/../lib/gcc/arm-none-eabi/13.3.1/../../../../arm-none-eabi/lib/thumb/v7e-m+fp/hard\libc.a
LOAD C:/ST/STM32CubeIDE_1.18.1/STM32CubeIDE/plugins/com.st.stm32cube.ide.mcu.externaltools.gnu-tools-for-stm32.13.3.rel1.win32_1.0.100.202509120712/tools/bin/../lib/gcc/arm-none-eabi/13.3.1/../../../../arm-none-eabi/lib/thumb/v7e-m+fp/hard\libm.a
LOAD C:/ST/STM32CubeIDE_1.18.1/STM32CubeIDE/plugins/com.st.stm32cube.ide.mcu.externaltools.gnu-tools-for-stm32.13.3.rel1.win32_1.0.100.202509120712/tools/bin/../lib/gcc/arm-none-eabi/13.3.1/thumb/v7e-m+fp/hard\libgcc.a

.debug_info     0x00000000     0xdccf
 .debug_info    0x00000000     0x1142 ./Core/Src/main.o
 .debug_info    0x00001142      0x919 ./Core/Src/stm32f4xx_hal_msp.o
 .debug_info    0x00001a5b      0x112 ./Core/Src/stm32f4xx_it.o
 .debug_info    0x00001b6d      0x54a ./Core/Src/system_stm32f4xx.o
 .debug_info    0x000020b7       0x30 ./Core/Startup/startup_stm32f446retx.o
 .debug_info    0x000020e7      0x99a ./Drivers/STM32F4xx_HAL_Driver/Src/stm32f4xx_hal.o
 .debug_info    0x00002a81      0xdaa ./Drivers/STM32F4xx_HAL_Driver/Src/stm32f4xx_hal_cortex.o
 .debug_info    0x0000382b      0x70b ./Drivers/STM32F4xx_HAL_Driver/Src/stm32f4xx_hal_gpio.o
 .debug_info    0x00003f36      0x6da ./Drivers/STM32F4xx_HAL_Driver/Src/stm32f4xx_hal_pwr_ex.o
 .debug_info    0x00004610      0x8ff ./Drivers/STM32F4xx_HAL_Driver/Src/stm32f4xx_hal_rcc.o
 .debug_info    0x00004f0f      0x960 ./Drivers/STM32F4xx_HAL_Driver/Src/stm32f4xx_hal_rcc_ex.o
 .debug_info    0x0000586f     0x2f4f ./Drivers/STM32F4xx_HAL_Driver/Src/stm32f4xx_hal_uart.o
 .debug_info    0x000087be     0x154d ./X-CUBE-AI/App/app_x-cube-ai.o
 .debug_info    0x00009d0b     0x3c50 ./X-CUBE-AI/App/network.o
 .debug_info    0x0000d95b      0x374 ./X-CUBE-AI/App/network_data.o

.debug_abbrev   0x00000000     0x1eb9
 .debug_abbrev  0x00000000      0x31a ./Core/Src/main.o
 .debug_abbrev  0x0000031a      0x1ad ./Core/Src/stm32f4xx_hal_msp.o
 .debug_abbrev  0x000004c7       0x73 ./Core/Src/stm32f4xx_it.o
 .debug_abbrev  0x0000053a      0x11a ./Core/Src/system_stm32f4xx.o
 .debug_abbrev  0x00000654       0x24 ./Core/Startup/startup_stm32f446retx.o
 .debug_abbrev  0x00000678      0x214 ./Drivers/STM32F4xx_HAL_Driver/Src/stm32f4xx_hal.o
 .debug_abbrev  0x0000088c      0x31d ./Drivers/STM32F4xx_HAL_Driver/Src/stm32f4xx_hal_cortex.o
 .debug_abbrev  0x00000ba9      0x1d4 ./Drivers/STM32F4xx_HAL_Driver/Src/stm32f4xx_hal_gpio.o
 .debug_abbrev  0x00000d7d      0x1cf ./Drivers/STM32F4xx_HAL_Driver/Src/stm32f4xx_hal_pwr_ex.o
 .debug_abbrev  0x00000f4c      0x2b7 ./Drivers/STM32F4xx_HAL_Driver/Src/stm32f4xx_hal_rcc.o
 .debug_abbrev  0x00001203      0x211 ./Drivers/STM32F4xx_HAL_Driver/Src/stm32f4xx_hal_rcc_ex.o
 .debug_abbrev  0x00001414      0x30e ./Drivers/STM32F4xx_HAL_Driver/Src/stm32f4xx_hal_uart.o
 .debug_abbrev  0x00001722      0x37e ./X-CUBE-AI/App/app_x-cube-ai.o
 .debug_abbrev  0x00001aa0      0x385 ./X-CUBE-AI/App/network.o
 .debug_abbrev  0x00001e25       0x94 ./X-CUBE-AI/App/network_data.o

.debug_aranges  0x00000000      0x8e0
 .debug_aranges
                0x00000000       0x58 ./Core/Src/main.o
 .debug_aranges
                0x00000058       0x30 ./Core/Src/stm32f4xx_hal_msp.o
 .debug_aranges
                0x00000088       0x60 ./Core/Src/stm32f4xx_it.o
 .debug_aranges
                0x000000e8       0x28 ./Core/Src/system_stm32f4xx.o
 .debug_aranges
                0x00000110       0x28 ./Core/Startup/startup_stm32f446retx.o
 .debug_aranges
                0x00000138       0xf0 ./Drivers/STM32F4xx_HAL_Driver/Src/stm32f4xx_hal.o
 .debug_aranges
                0x00000228      0x130 ./Drivers/STM32F4xx_HAL_Driver/Src/stm32f4xx_hal_cortex.o
 .debug_aranges
                0x00000358       0x58 ./Drivers/STM32F4xx_HAL_Driver/Src/stm32f4xx_hal_gpio.o
 .debug_aranges
                0x000003b0       0x60 ./Drivers/STM32F4xx_HAL_Driver/Src/stm32f4xx_hal_pwr_ex.o
 .debug_aranges
                0x00000410       0x88 ./Drivers/STM32F4xx_HAL_Driver/Src/stm32f4xx_hal_rcc.o
 .debug_aranges
                0x00000498       0x78 ./Drivers/STM32F4xx_HAL_Driver/Src/stm32f4xx_hal_rcc_ex.o
 .debug_aranges
                0x00000510      0x208 ./Drivers/STM32F4xx_HAL_Driver/Src/stm32f4xx_hal_uart.o
 .debug_aranges
                0x00000718       0xe0 ./X-CUBE-AI/App/app_x-cube-ai.o
 .debug_aranges
                0x000007f8       0xd0 ./X-CUBE-AI/App/network.o
 .debug_aranges
                0x000008c8       0x18 ./X-CUBE-AI/App/network_data.o

.debug_rnglists
                0x00000000      0x6b8
 .debug_rnglists
                0x00000000       0x41 ./Core/Src/main.o
 .debug_rnglists
                0x00000041       0x20 ./Core/Src/stm32f4xx_hal_msp.o
 .debug_rnglists
                0x00000061       0x43 ./Core/Src/stm32f4xx_it.o
 .debug_rnglists
                0x000000a4       0x1a ./Core/Src/system_stm32f4xx.o
 .debug_rnglists
                0x000000be       0x19 ./Core/Startup/startup_stm32f446retx.o
 .debug_rnglists
                0x000000d7       0xaf ./Drivers/STM32F4xx_HAL_Driver/Src/stm32f4xx_hal.o
 .debug_rnglists
                0x00000186       0xe0 ./Drivers/STM32F4xx_HAL_Driver/Src/stm32f4xx_hal_cortex.o
 .debug_rnglists
                0x00000266       0x3f ./Drivers/STM32F4xx_HAL_Driver/Src/stm32f4xx_hal_gpio.o
 .debug_rnglists
                0x000002a5       0x47 ./Drivers/STM32F4xx_HAL_Driver/Src/stm32f4xx_hal_pwr_ex.o
 .debug_rnglists
                0x000002ec       0x66 ./Drivers/STM32F4xx_HAL_Driver/Src/stm32f4xx_hal_rcc.o
 .debug_rnglists
                0x00000352       0x5e ./Drivers/STM32F4xx_HAL_Driver/Src/stm32f4xx_hal_rcc_ex.o
 .debug_rnglists
                0x000003b0      0x1bc ./Drivers/STM32F4xx_HAL_Driver/Src/stm32f4xx_hal_uart.o
 .debug_rnglists
                0x0000056c       0xa4 ./X-CUBE-AI/App/app_x-cube-ai.o
 .debug_rnglists
                0x00000610       0xa8 ./X-CUBE-AI/App/network.o

.debug_macro    0x00000000    0x22417
 .debug_macro   0x00000000      0x22a ./Core/Src/main.o
 .debug_macro   0x0000022a      0xade ./Core/Src/main.o
 .debug_macro   0x00000d08      0x295 ./Core/Src/main.o
 .debug_macro   0x00000f9d       0x2e ./Core/Src/main.o
 .debug_macro   0x00000fcb       0x28 ./Core/Src/main.o
 .debug_macro   0x00000ff3       0x22 ./Core/Src/main.o
 .debug_macro   0x00001015       0x8e ./Core/Src/main.o
 .debug_macro   0x000010a3       0x51 ./Core/Src/main.o
 .debug_macro   0x000010f4      0x103 ./Core/Src/main.o
 .debug_macro   0x000011f7       0x6a ./Core/Src/main.o
 .debug_macro   0x00001261      0x1df ./Core/Src/main.o
 .debug_macro   0x00001440       0x1c ./Core/Src/main.o
 .debug_macro   0x0000145c       0x22 ./Core/Src/main.o
 .debug_macro   0x0000147e       0xfb ./Core/Src/main.o
 .debug_macro   0x00001579     0x1011 ./Core/Src/main.o
 .debug_macro   0x0000258a      0x11f ./Core/Src/main.o
 .debug_macro   0x000026a9    0x1675e ./Core/Src/main.o
 .debug_macro   0x00018e07       0x6d ./Core/Src/main.o
 .debug_macro   0x00018e74     0x3693 ./Core/Src/main.o
 .debug_macro   0x0001c507      0x190 ./Core/Src/main.o
 .debug_macro   0x0001c697       0x5c ./Core/Src/main.o
 .debug_macro   0x0001c6f3      0xca5 ./Core/Src/main.o
 .debug_macro   0x0001d398      0x9e9 ./Core/Src/main.o
 .debug_macro   0x0001dd81      0x115 ./Core/Src/main.o
 .debug_macro   0x0001de96      0x1a0 ./Core/Src/main.o
 .debug_macro   0x0001e036       0xa5 ./Core/Src/main.o
 .debug_macro   0x0001e0db      0x16d ./Core/Src/main.o
 .debug_macro   0x0001e248      0x287 ./Core/Src/main.o
 .debug_macro   0x0001e4cf       0x5f ./Core/Src/main.o
 .debug_macro   0x0001e52e      0x236 ./Core/Src/main.o
 .debug_macro   0x0001e764      0x132 ./Core/Src/main.o
 .debug_macro   0x0001e896      0x29c ./Core/Src/main.o
 .debug_macro   0x0001eb32       0x2e ./Core/Src/main.o
 .debug_macro   0x0001eb60      0x127 ./Core/Src/main.o
 .debug_macro   0x0001ec87       0xe8 ./Core/Src/main.o
 .debug_macro   0x0001ed6f       0x89 ./Core/Src/main.o
 .debug_macro   0x0001edf8      0x2aa ./Core/Src/main.o
 .debug_macro   0x0001f0a2      0x126 ./Core/Src/main.o
 .debug_macro   0x0001f1c8       0x58 ./Core/Src/main.o
 .debug_macro   0x0001f220       0x28 ./Core/Src/main.o
 .debug_macro   0x0001f248       0x22 ./Core/Src/main.o
 .debug_macro   0x0001f26a       0xab ./Core/Src/main.o
 .debug_macro   0x0001f315       0x10 ./Core/Src/main.o
 .debug_macro   0x0001f325      0x34d ./Core/Src/main.o
 .debug_macro   0x0001f672      0x1c9 ./Core/Src/stm32f4xx_hal_msp.o
 .debug_macro   0x0001f83b      0x1d3 ./Core/Src/stm32f4xx_it.o
 .debug_macro   0x0001fa0e      0x1ba ./Core/Src/system_stm32f4xx.o
 .debug_macro   0x0001fbc8      0x21a ./Drivers/STM32F4xx_HAL_Driver/Src/stm32f4xx_hal.o
 .debug_macro   0x0001fde2      0x1ba ./Drivers/STM32F4xx_HAL_Driver/Src/stm32f4xx_hal_cortex.o
 .debug_macro   0x0001ff9c      0x1c0 ./Drivers/STM32F4xx_HAL_Driver/Src/stm32f4xx_hal_gpio.o
 .debug_macro   0x0002015c      0x1d2 ./Drivers/STM32F4xx_HAL_Driver/Src/stm32f4xx_hal_pwr_ex.o
 .debug_macro   0x0002032e      0x1de ./Drivers/STM32F4xx_HAL_Driver/Src/stm32f4xx_hal_rcc.o
 .debug_macro   0x0002050c      0x1ba ./Drivers/STM32F4xx_HAL_Driver/Src/stm32f4xx_hal_rcc_ex.o
 .debug_macro   0x000206c6      0x1bb ./Drivers/STM32F4xx_HAL_Driver/Src/stm32f4xx_hal_uart.o
 .debug_macro   0x00020881      0x3ac ./X-CUBE-AI/App/app_x-cube-ai.o
 .debug_macro   0x00020c2d      0x67b ./X-CUBE-AI/App/network.o
 .debug_macro   0x000212a8       0x46 ./X-CUBE-AI/App/network.o
 .debug_macro   0x000212ee      0x342 ./X-CUBE-AI/App/network.o
 .debug_macro   0x00021630       0x16 ./X-CUBE-AI/App/network.o
 .debug_macro   0x00021646       0x22 ./X-CUBE-AI/App/network.o
 .debug_macro   0x00021668      0x229 ./X-CUBE-AI/App/network.o
 .debug_macro   0x00021891       0x2e ./X-CUBE-AI/App/network.o
 .debug_macro   0x000218bf      0x1ed ./X-CUBE-AI/App/network.o
 .debug_macro   0x00021aac       0x16 ./X-CUBE-AI/App/network.o
 .debug_macro   0x00021ac2       0x2e ./X-CUBE-AI/App/network.o
 .debug_macro   0x00021af0       0xdc ./X-CUBE-AI/App/network.o
 .debug_macro   0x00021bcc       0x4d ./X-CUBE-AI/App/network.o
 .debug_macro   0x00021c19       0x25 ./X-CUBE-AI/App/network.o
 .debug_macro   0x00021c3e       0x6d ./X-CUBE-AI/App/network.o
 .debug_macro   0x00021cab       0x16 ./X-CUBE-AI/App/network.o
 .debug_macro   0x00021cc1       0x7c ./X-CUBE-AI/App/network.o
 .debug_macro   0x00021d3d       0x22 ./X-CUBE-AI/App/network.o
 .debug_macro   0x00021d5f       0x10 ./X-CUBE-AI/App/network.o
 .debug_macro   0x00021d6f       0x11 ./X-CUBE-AI/App/network.o
 .debug_macro   0x00021d80       0x2e ./X-CUBE-AI/App/network.o
 .debug_macro   0x00021dae       0x2e ./X-CUBE-AI/App/network.o
 .debug_macro   0x00021ddc      0x19b ./X-CUBE-AI/App/network.o
 .debug_macro   0x00021f77       0x7c ./X-CUBE-AI/App/network.o
 .debug_macro   0x00021ff3       0x17 ./X-CUBE-AI/App/network.o
 .debug_macro   0x0002200a      0x118 ./X-CUBE-AI/App/network.o
 .debug_macro   0x00022122      0x202 ./X-CUBE-AI/App/network.o
 .debug_macro   0x00022324       0x3a ./X-CUBE-AI/App/network.o
 .debug_macro   0x0002235e       0x16 ./X-CUBE-AI/App/network.o
 .debug_macro   0x00022374       0x10 ./X-CUBE-AI/App/network.o
 .debug_macro   0x00022384       0x93 ./X-CUBE-AI/App/network_data.o

.debug_line     0x00000000     0xc543
 .debug_line    0x00000000      0xa5d ./Core/Src/main.o
 .debug_line    0x00000a5d      0x77a ./Core/Src/stm32f4xx_hal_msp.o
 .debug_line    0x000011d7      0x7cc ./Core/Src/stm32f4xx_it.o
 .debug_line    0x000019a3      0x793 ./Core/Src/system_stm32f4xx.o
 .debug_line    0x00002136       0x7a ./Core/Startup/startup_stm32f446retx.o
 .debug_line    0x000021b0      0xa0f ./Drivers/STM32F4xx_HAL_Driver/Src/stm32f4xx_hal.o
 .debug_line    0x00002bbf      0xcdf ./Drivers/STM32F4xx_HAL_Driver/Src/stm32f4xx_hal_cortex.o
 .debug_line    0x0000389e      0xb53 ./Drivers/STM32F4xx_HAL_Driver/Src/stm32f4xx_hal_gpio.o
 .debug_line    0x000043f1      0x97c ./Drivers/STM32F4xx_HAL_Driver/Src/stm32f4xx_hal_pwr_ex.o
 .debug_line    0x00004d6d      0xe2a ./Drivers/STM32F4xx_HAL_Driver/Src/stm32f4xx_hal_rcc.o
 .debug_line    0x00005b97     0x14db ./Drivers/STM32F4xx_HAL_Driver/Src/stm32f4xx_hal_rcc_ex.o
 .debug_line    0x00007072     0x2557 ./Drivers/STM32F4xx_HAL_Driver/Src/stm32f4xx_hal_uart.o
 .debug_line    0x000095c9      0xe8a ./X-CUBE-AI/App/app_x-cube-ai.o
 .debug_line    0x0000a453     0x1c9b ./X-CUBE-AI/App/network.o
 .debug_line    0x0000c0ee      0x455 ./X-CUBE-AI/App/network_data.o

.debug_str      0x00000000    0xd9d43
 .debug_str     0x00000000    0xd9d43 ./Core/Src/main.o
                              0xc4eda (size before relaxing)
 .debug_str     0x000d9d43        0x0 ./Core/Src/stm32f4xx_hal_msp.o
                              0xc2d2c (size before relaxing)
 .debug_str     0x000d9d43        0x0 ./Core/Src/stm32f4xx_it.o
                              0xc276e (size before relaxing)
 .debug_str     0x000d9d43        0x0 ./Core/Src/system_stm32f4xx.o
                              0xc2797 (size before relaxing)
 .debug_str     0x000d9d43        0x0 ./Core/Startup/startup_stm32f446retx.o
                                 0x97 (size before relaxing)
 .debug_str     0x000d9d43        0x0 ./Drivers/STM32F4xx_HAL_Driver/Src/stm32f4xx_hal.o
                              0xc335c (size before relaxing)
 .debug_str     0x000d9d43        0x0 ./Drivers/STM32F4xx_HAL_Driver/Src/stm32f4xx_hal_cortex.o
                              0xc30b3 (size before relaxing)
 .debug_str     0x000d9d43        0x0 ./Drivers/STM32F4xx_HAL_Driver/Src/stm32f4xx_hal_gpio.o
                              0xc2912 (size before relaxing)
 .debug_str     0x000d9d43        0x0 ./Drivers/STM32F4xx_HAL_Driver/Src/stm32f4xx_hal_pwr_ex.o
                              0xc296f (size before relaxing)
 .debug_str     0x000d9d43        0x0 ./Drivers/STM32F4xx_HAL_Driver/Src/stm32f4xx_hal_rcc.o
                              0xc2bd0 (size before relaxing)
 .debug_str     0x000d9d43        0x0 ./Drivers/STM32F4xx_HAL_Driver/Src/stm32f4xx_hal_rcc_ex.o
                              0xc2c03 (size before relaxing)
 .debug_str     0x000d9d43        0x0 ./Drivers/STM32F4xx_HAL_Driver/Src/stm32f4xx_hal_uart.o
                              0xc3187 (size before relaxing)
 .debug_str     0x000d9d43        0x0 ./X-CUBE-AI/App/app_x-cube-ai.o
                              0xcc3b2 (size before relaxing)
 .debug_str     0x000d9d43        0x0 ./X-CUBE-AI/App/network.o
                              0x18917 (size before relaxing)
 .debug_str     0x000d9d43        0x0 ./X-CUBE-AI/App/network_data.o
                               0x48e6 (size before relaxing)

.comment        0x00000000       0x86
 .comment       0x00000000       0x86 ./Core/Src/main.o
                                 0x44 (size before relaxing)
 .comment       0x00000086        0x0 ./Core/Src/stm32f4xx_hal_msp.o
                                 0x44 (size before relaxing)
 .comment       0x00000086        0x0 ./Core/Src/stm32f4xx_it.o
                                 0x44 (size before relaxing)
 .comment       0x00000086        0x0 ./Core/Src/system_stm32f4xx.o
                                 0x44 (size before relaxing)
 .comment       0x00000086        0x0 ./Drivers/STM32F4xx_HAL_Driver/Src/stm32f4xx_hal.o
                                 0x44 (size before relaxing)
 .comment       0x00000086        0x0 ./Drivers/STM32F4xx_HAL_Driver/Src/stm32f4xx_hal_cortex.o
                                 0x44 (size before relaxing)
 .comment       0x00000086        0x0 ./Drivers/STM32F4xx_HAL_Driver/Src/stm32f4xx_hal_gpio.o
                                 0x44 (size before relaxing)
 .comment       0x00000086        0x0 ./Drivers/STM32F4xx_HAL_Driver/Src/stm32f4xx_hal_pwr_ex.o
                                 0x44 (size before relaxing)
 .comment       0x00000086        0x0 ./Drivers/STM32F4xx_HAL_Driver/Src/stm32f4xx_hal_rcc.o
                                 0x44 (size before relaxing)
 .comment       0x00000086        0x0 ./Drivers/STM32F4xx_HAL_Driver/Src/stm32f4xx_hal_rcc_ex.o
                                 0x44 (size before relaxing)
 .comment       0x00000086        0x0 ./Drivers/STM32F4xx_HAL_Driver/Src/stm32f4xx_hal_uart.o
                                 0x44 (size before relaxing)
 .comment       0x00000086        0x0 ./X-CUBE-AI/App/app_x-cube-ai.o
                                 0x44 (size before relaxing)
 .comment       0x00000086        0x0 ./X-CUBE-AI/App/network.o
                                 0x44 (size before relaxing)
 .comment       0x00000086        0x0 ./X-CUBE-AI/App/network_data.o
                                 0x44 (size before relaxing)
 .comment       0x00000086        0x0 ../Middlewares/ST/AI/Lib\NetworkRuntime1100_CM4_GCC.a(layers_conv2d_stm32_integer.o)
                                 0x44 (size before relaxing)
 .comment       0x00000086        0x0 ../Middlewares/ST/AI/Lib\NetworkRuntime1100_CM4_GCC.a(layers_pool_stm32_integer.o)
                                 0x44 (size before relaxing)
 .comment       0x00000086        0x0 ../Middlewares/ST/AI/Lib\NetworkRuntime1100_CM4_GCC.a(layers_stm32_integer.o)
                                 0x44 (size before relaxing)
 .comment       0x00000086        0x0 ../Middlewares/ST/AI/Lib\NetworkRuntime1100_CM4_GCC.a(forward_lite_convert.o)
                                 0x44 (size before relaxing)
 .comment       0x00000086        0x0 ../Middlewares/ST/AI/Lib\NetworkRuntime1100_CM4_GCC.a(forward_lite_dense_is8os8ws8_ch.o)
                                 0x44 (size before relaxing)
 .comment       0x00000086        0x0 ../Middlewares/ST/AI/Lib\NetworkRuntime1100_CM4_GCC.a(forward_lite_avepool_is8os8.o)
                                 0x44 (size before relaxing)
 .comment       0x00000086        0x0 ../Middlewares/ST/AI/Lib\NetworkRuntime1100_CM4_GCC.a(forward_lite_pw_sssa8_ch.o)
                                 0x44 (size before relaxing)
 .comment       0x00000086        0x0 ../Middlewares/ST/AI/Lib\NetworkRuntime1100_CM4_GCC.a(forward_lite_conv2d_sssa8_ch.o)
                                 0x44 (size before relaxing)
 .comment       0x00000086        0x0 ../Middlewares/ST/AI/Lib\NetworkRuntime1100_CM4_GCC.a(lite_convert_kernel.o)
                                 0x44 (size before relaxing)
 .comment       0x00000086        0x0 ../Middlewares/ST/AI/Lib\NetworkRuntime1100_CM4_GCC.a(lite_nl_generic_integer.o)
                                 0x44 (size before relaxing)
 .comment       0x00000086        0x0 ../Middlewares/ST/AI/Lib\NetworkRuntime1100_CM4_GCC.a(forward_lite_pad_generic.o)
                                 0x44 (size before relaxing)
 .comment       0x00000086        0x0 ../Middlewares/ST/AI/Lib\NetworkRuntime1100_CM4_GCC.a(st_align_factor.o)
                                 0x44 (size before relaxing)
 .comment       0x00000086        0x0 ../Middlewares/ST/AI/Lib\NetworkRuntime1100_CM4_GCC.a(st_int8_to16_no_shift.o)
                                 0x44 (size before relaxing)
 .comment       0x00000086        0x0 ../Middlewares/ST/AI/Lib\NetworkRuntime1100_CM4_GCC.a(st_padding_opt.o)
                                 0x44 (size before relaxing)
 .comment       0x00000086        0x0 ../Middlewares/ST/AI/Lib\NetworkRuntime1100_CM4_GCC.a(st_int8_pool.o)
                                 0x44 (size before relaxing)
 .comment       0x00000086        0x0 ../Middlewares/ST/AI/Lib\NetworkRuntime1100_CM4_GCC.a(st_int16_fill.o)
                                 0x44 (size before relaxing)
 .comment       0x00000086        0x0 ../Middlewares/ST/AI/Lib\NetworkRuntime1100_CM4_GCC.a(st_sssa8_ch_convolve.o)
                                 0x44 (size before relaxing)
 .comment       0x00000086        0x0 ../Middlewares/ST/AI/Lib\NetworkRuntime1100_CM4_GCC.a(st_sssa8_ch_dense.o)
                                 0x44 (size before relaxing)
 .comment       0x00000086        0x0 ../Middlewares/ST/AI/Lib\NetworkRuntime1100_CM4_GCC.a(st_int8_fill.o)
                                 0x44 (size before relaxing)
 .comment       0x00000086        0x0 ../Middlewares/ST/AI/Lib\NetworkRuntime1100_CM4_GCC.a(st_int8_reordered_no_shift.o)
                                 0x44 (size before relaxing)
 .comment       0x00000086        0x0 ../Middlewares/ST/AI/Lib\NetworkRuntime1100_CM4_GCC.a(st_sssa8_ch_nn_mat_mult_conv2d_nt_t.o)
                                 0x44 (size before relaxing)
 .comment       0x00000086        0x0 ../Middlewares/ST/AI/Lib\NetworkRuntime1100_CM4_GCC.a(st_sssa8_ch_nn_mat_mult_kernel_single_opt.o)
                                 0x44 (size before relaxing)
 .comment       0x00000086        0x0 ../Middlewares/ST/AI/Lib\NetworkRuntime1100_CM4_GCC.a(st_sssa8_ch_nn_mat_mult_nt_t.o)
                                 0x44 (size before relaxing)
 .comment       0x00000086        0x0 ../Middlewares/ST/AI/Lib\NetworkRuntime1100_CM4_GCC.a(ai_math_helpers.o)
                                 0x44 (size before relaxing)
 .comment       0x00000086        0x0 ../Middlewares/ST/AI/Lib\NetworkRuntime1100_CM4_GCC.a(core_utils.o)
                                 0x44 (size before relaxing)
 .comment       0x00000086        0x0 ../Middlewares/ST/AI/Lib\NetworkRuntime1100_CM4_GCC.a(ai_math_elementwise_sum_int8.o)
                                 0x44 (size before relaxing)
 .comment       0x00000086        0x0 ../Middlewares/ST/AI/Lib\NetworkRuntime1100_CM4_GCC.a(lite_nl_softmax_is8os8.o)
                                 0x44 (size before relaxing)

.debug_frame    0x00000000     0x2314
 .debug_frame   0x00000000      0x118 ./Core/Src/main.o
 .debug_frame   0x00000118       0x80 ./Core/Src/stm32f4xx_hal_msp.o
 .debug_frame   0x00000198      0x104 ./Core/Src/stm32f4xx_it.o
 .debug_frame   0x0000029c       0x58 ./Core/Src/system_stm32f4xx.o
 .debug_frame   0x000002f4      0x374 ./Drivers/STM32F4xx_HAL_Driver/Src/stm32f4xx_hal.o
 .debug_frame   0x00000668      0x508 ./Drivers/STM32F4xx_HAL_Driver/Src/stm32f4xx_hal_cortex.o
 .debug_frame   0x00000b70      0x14c ./Drivers/STM32F4xx_HAL_Driver/Src/stm32f4xx_hal_gpio.o
 .debug_frame   0x00000cbc      0x14c ./Drivers/STM32F4xx_HAL_Driver/Src/stm32f4xx_hal_pwr_ex.o
 .debug_frame   0x00000e08      0x1f4 ./Drivers/STM32F4xx_HAL_Driver/Src/stm32f4xx_hal_rcc.o
 .debug_frame   0x00000ffc      0x1e8 ./Drivers/STM32F4xx_HAL_Driver/Src/stm32f4xx_hal_rcc_ex.o
 .debug_frame   0x000011e4      0x954 ./Drivers/STM32F4xx_HAL_Driver/Src/stm32f4xx_hal_uart.o
 .debug_frame   0x00001b38      0x38c ./X-CUBE-AI/App/app_x-cube-ai.o
 .debug_frame   0x00001ec4      0x37c ./X-CUBE-AI/App/network.o
 .debug_frame   0x00002240       0x20 C:/ST/STM32CubeIDE_1.18.1/STM32CubeIDE/plugins/com.st.stm32cube.ide.mcu.externaltools.gnu-tools-for-stm32.13.3.rel1.win32_1.0.100.202509120712/tools/bin/../lib/gcc/arm-none-eabi/13.3.1/../../../../arm-none-eabi/lib/thumb/v7e-m+fp/hard\libc_nano.a(libc_a-memset.o)
 .debug_frame   0x00002260       0x2c C:/ST/STM32CubeIDE_1.18.1/STM32CubeIDE/plugins/com.st.stm32cube.ide.mcu.externaltools.gnu-tools-for-stm32.13.3.rel1.win32_1.0.100.202509120712/tools/bin/../lib/gcc/arm-none-eabi/13.3.1/../../../../arm-none-eabi/lib/thumb/v7e-m+fp/hard\libc_nano.a(libc_a-init.o)
 .debug_frame   0x0000228c       0x28 C:/ST/STM32CubeIDE_1.18.1/STM32CubeIDE/plugins/com.st.stm32cube.ide.mcu.externaltools.gnu-tools-for-stm32.13.3.rel1.win32_1.0.100.202509120712/tools/bin/../lib/gcc/arm-none-eabi/13.3.1/../../../../arm-none-eabi/lib/thumb/v7e-m+fp/hard\libc_nano.a(libc_a-memcpy-stub.o)
 .debug_frame   0x000022b4       0x2c C:/ST/STM32CubeIDE_1.18.1/STM32CubeIDE/plugins/com.st.stm32cube.ide.mcu.externaltools.gnu-tools-for-stm32.13.3.rel1.win32_1.0.100.202509120712/tools/bin/../lib/gcc/arm-none-eabi/13.3.1/thumb/v7e-m+fp/hard\libgcc.a(_aeabi_uldivmod.o)
 .debug_frame   0x000022e0       0x34 C:/ST/STM32CubeIDE_1.18.1/STM32CubeIDE/plugins/com.st.stm32cube.ide.mcu.externaltools.gnu-tools-for-stm32.13.3.rel1.win32_1.0.100.202509120712/tools/bin/../lib/gcc/arm-none-eabi/13.3.1/thumb/v7e-m+fp/hard\libgcc.a(_udivmoddi4.o)
