Archive member included to satisfy reference by file (symbol)

/home/docker/STM32Cube/Repository/Packs/STMicroelectronics/X-CUBE-AI/3.0.0/Middlewares/ST/AI/Lib/GCC/ARMCortexM4/NetworkRuntime1100_CM4_GCC.a(layers_conv2d_stm32_integer.o)
                              network.o (forward_dense_integer_SSSA_ch)
/home/docker/STM32Cube/Repository/Packs/STMicroelectronics/X-CUBE-AI/3.0.0/Middlewares/ST/AI/Lib/GCC/ARMCortexM4/NetworkRuntime1100_CM4_GCC.a(layers_pool_stm32_integer.o)
                              network.o (forward_ap_integer_INT8)
/home/docker/STM32Cube/Repository/Packs/STMicroelectronics/X-CUBE-AI/3.0.0/Middlewares/ST/AI/Lib/GCC/ARMCortexM4/NetworkRuntime1100_CM4_GCC.a(layers_stm32_integer.o)
                              network.o (forward_eltwise_integer_INT8)
/home/docker/STM32Cube/Repository/Packs/STMicroelectronics/X-CUBE-AI/3.0.0/Middlewares/ST/AI/Lib/GCC/ARMCortexM4/NetworkRuntime1100_CM4_GCC.a(forward_lite_convert.o)
                              network.o (forward_lite_node_convert_integer_is8of32)
/home/docker/STM32Cube/Repository/Packs/STMicroelectronics/X-CUBE-AI/3.0.0/Middlewares/ST/AI/Lib/GCC/ARMCortexM4/NetworkRuntime1100_CM4_GCC.a(forward_lite_dense_is8os8ws8_ch.o)
                              /home/docker/STM32Cube/Repository/Packs/STMicroelectronics/X-CUBE-AI/3.0.0/Middlewares/ST/AI/Lib/GCC/ARMCortexM4/NetworkRuntime1100_CM4_GCC.a(layers_conv2d_stm32_integer.o) (forward_lite_dense_is8os8ws8_ch)
/home/docker/STM32Cube/Repository/Packs/STMicroelectronics/X-CUBE-AI/3.0.0/Middlewares/ST/AI/Lib/GCC/ARMCortexM4/NetworkRuntime1100_CM4_GCC.a(forward_lite_dense_is8os8ws8.o)
                              /home/docker/STM32Cube/Repository/Packs/STMicroelectronics/X-CUBE-AI/3.0.0/Middlewares/ST/AI/Lib/GCC/ARMCortexM4/NetworkRuntime1100_CM4_GCC.a(layers_conv2d_stm32_integer.o) (forward_lite_dense_is8os8ws8)
/home/docker/STM32Cube/Repository/Packs/STMicroelectronics/X-CUBE-AI/3.0.0/Middlewares/ST/AI/Lib/GCC/ARMCortexM4/NetworkRuntime1100_CM4_GCC.a(forward_lite_maxpool_is8os8_scalepos.o)
                              /home/docker/STM32Cube/Repository/Packs/STMicroelectronics/X-CUBE-AI/3.0.0/Middlewares/ST/AI/Lib/GCC/ARMCortexM4/NetworkRuntime1100_CM4_GCC.a(layers_pool_stm32_integer.o) (forward_lite_maxpool_is8os8_scalepos)
/home/docker/STM32Cube/Repository/Packs/STMicroelectronics/X-CUBE-AI/3.0.0/Middlewares/ST/AI/Lib/GCC/ARMCortexM4/NetworkRuntime1100_CM4_GCC.a(forward_lite_avepool_is8os8.o)
                              /home/docker/STM32Cube/Repository/Packs/STMicroelectronics/X-CUBE-AI/3.0.0/Middlewares/ST/AI/Lib/GCC/ARMCortexM4/NetworkRuntime1100_CM4_GCC.a(layers_pool_stm32_integer.o) (forward_lite_avepool_is8os8)
/home/docker/STM32Cube/Repository/Packs/STMicroelectronics/X-CUBE-AI/3.0.0/Middlewares/ST/AI/Lib/GCC/ARMCortexM4/NetworkRuntime1100_CM4_GCC.a(forward_lite_pw_sssa8_ch.o)
                              network.o (forward_lite_pw_sssa8_ch)
/home/docker/STM32Cube/Repository/Packs/STMicroelectronics/X-CUBE-AI/3.0.0/Middlewares/ST/AI/Lib/GCC/ARMCortexM4/NetworkRuntime1100_CM4_GCC.a(forward_lite_conv2d_sssa8_ch.o)
                              network.o (forward_lite_conv2d_deep_3x3_sssa8_ch)
/home/docker/STM32Cube/Repository/Packs/STMicroelectronics/X-CUBE-AI/3.0.0/Middlewares/ST/AI/Lib/GCC/ARMCortexM4/NetworkRuntime1100_CM4_GCC.a(lite_convert_kernel.o)
                              /home/docker/STM32Cube/Repository/Packs/STMicroelectronics/X-CUBE-AI/3.0.0/Middlewares/ST/AI/Lib/GCC/ARMCortexM4/NetworkRuntime1100_CM4_GCC.a(forward_lite_convert.o) (lite_convert_is8of32)
/home/docker/STM32Cube/Repository/Packs/STMicroelectronics/X-CUBE-AI/3.0.0/Middlewares/ST/AI/Lib/GCC/ARMCortexM4/NetworkRuntime1100_CM4_GCC.a(forward_lite_maxpool_is16os16.o)
                              /home/docker/STM32Cube/Repository/Packs/STMicroelectronics/X-CUBE-AI/3.0.0/Middlewares/ST/AI/Lib/GCC/ARMCortexM4/NetworkRuntime1100_CM4_GCC.a(layers_pool_stm32_integer.o) (forward_lite_maxpool_is16os16_scalepos)
/home/docker/STM32Cube/Repository/Packs/STMicroelectronics/X-CUBE-AI/3.0.0/Middlewares/ST/AI/Lib/GCC/ARMCortexM4/NetworkRuntime1100_CM4_GCC.a(forward_lite_maxpool_is8os8.o)
                              /home/docker/STM32Cube/Repository/Packs/STMicroelectronics/X-CUBE-AI/3.0.0/Middlewares/ST/AI/Lib/GCC/ARMCortexM4/NetworkRuntime1100_CM4_GCC.a(layers_pool_stm32_integer.o) (forward_lite_maxpool_is8os8_scaleneg)
/home/docker/STM32Cube/Repository/Packs/STMicroelectronics/X-CUBE-AI/3.0.0/Middlewares/ST/AI/Lib/GCC/ARMCortexM4/NetworkRuntime1100_CM4_GCC.a(forward_lite_maxpool_iu16ou16.o)
                              /home/docker/STM32Cube/Repository/Packs/STMicroelectronics/X-CUBE-AI/3.0.0/Middlewares/ST/AI/Lib/GCC/ARMCortexM4/NetworkRuntime1100_CM4_GCC.a(layers_pool_stm32_integer.o) (forward_lite_maxpool_iu16ou16_scalepos)
/home/docker/STM32Cube/Repository/Packs/STMicroelectronics/X-CUBE-AI/3.0.0/Middlewares/ST/AI/Lib/GCC/ARMCortexM4/NetworkRuntime1100_CM4_GCC.a(forward_lite_maxpool_iu8ou8.o)
[...]
Memory Configuration

Name             Origin             Length             Attributes
RAM              0x20000000         0x02000000         xrw
FLASH            0x08000000         0x02000000         xr
*default*        0x00000000         0xffffffff

Linker script and memory map

LOAD /opt/st/stm32cubeide_1.19.0.25.U3-2M-A2/plugins/com.st.stm32cube.ide.mcu.externaltools.gnu-tools-for-stm32.13.3.rel1.linux64_1.0.0.202508111337/tools/bin/../lib/gcc/arm-none-eabi/13.3.1/thumb/v7e-m+fp/hard/crti.o
LOAD /opt/st/stm32cubeide_1.19.0.25.U3-2M-A2/plugins/com.st.stm32cube.ide.mcu.externaltools.gnu-tools-for-stm32.13.3.rel1.linux64_1.0.0.202508111337/tools/bin/../lib/gcc/arm-none-eabi/13.3.1/thumb/v7e-m+fp/hard/crtbegin.o
LOAD /opt/st/stm32cubeide_1.19.0.25.U3-2M-A2/plugins/com.st.stm32cube.ide.mcu.externaltools.gnu-tools-for-stm32.13.3.rel1.linux64_1.0.0.202508111337/tools/bin/../lib/gcc/arm-none-eabi/13.3.1/../../../../arm-none-eabi/lib/thumb/v7e-m+fp/hard/crt0.o
START GROUP
LOAD /opt/st/stm32cubeide_1.19.0.25.U3-2M-A2/plugins/com.st.stm32cube.ide.mcu.externaltools.gnu-tools-for-stm32.13.3.rel1.linux64_1.0.0.202508111337/tools/bin/../lib/gcc/arm-none-eabi/13.3.1/../../../../arm-none-eabi/lib/thumb/v7e-m+fp/hard/libm.a
END GROUP
LOAD sysmem.o
LOAD startup_stm32xx.o
LOAD network.o
LOAD syscalls.o
LOAD network_data.o
LOAD stedgeai_app_main.o
LOAD /home/docker/STM32Cube/Repository/Packs/STMicroelectronics/X-CUBE-AI/3.0.0/Middlewares/ST/AI/Lib/GCC/ARMCortexM4/NetworkRuntime1100_CM4_GCC.a
START GROUP
LOAD /opt/st/stm32cubeide_1.19.0.25.U3-2M-A2/plugins/com.st.stm32cube.ide.mcu.externaltools.gnu-tools-for-stm32.13.3.rel1.linux64_1.0.0.202508111337/tools/bin/../lib/gcc/arm-none-eabi/13.3.1/thumb/v7e-m+fp/hard/libgcc.a
LOAD /opt/st/stm32cubeide_1.19.0.25.U3-2M-A2/plugins/com.st.stm32cube.ide.mcu.externaltools.gnu-tools-for-stm32.13.3.rel1.linux64_1.0.0.202508111337/tools/bin/../lib/gcc/arm-none-eabi/13.3.1/../../../../arm-none-eabi/lib/thumb/v7e-m+fp/hard/libc_nano.a
END GROUP
START GROUP
LOAD /opt/st/stm32cubeide_1.19.0.25.U3-2M-A2/plugins/com.st.stm32cube.ide.mcu.externaltools.gnu-tools-for-stm32.13.3.rel1.linux64_1.0.0.202508111337/tools/bin/../lib/gcc/arm-none-eabi/13.3.1/thumb/v7e-m+fp/hard/libgcc.a
LOAD /opt/st/stm32cubeide_1.19.0.25.U3-2M-A2/plugins/com.st.stm32cube.ide.mcu.externaltools.gnu-tools-for-stm32.13.3.rel1.linux64_1.0.0.202508111337/tools/bin/../lib/gcc/arm-none-eabi/13.3.1/../../../../arm-none-eabi/lib/thumb/v7e-m+fp/hard/libc_nano.a
END GROUP
LOAD /opt/st/stm32cubeide_1.19.0.25.U3-2M-A2/plugins/com.st.stm32cube.ide.mcu.externaltools.gnu-tools-for-stm32.13.3.rel1.linux64_1.0.0.202508111337/tools/bin/../lib/gcc/arm-none-eabi/13.3.1/thumb/v7e-m+fp/hard/crtend.o
LOAD /opt/st/stm32cubeide_1.19.0.25.U3-2M-A2/plugins/com.st.stm32cube.ide.mcu.externaltools.gnu-tools-for-stm32.13.3.rel1.linux64_1.0.0.202508111337/tools/bin/../lib/gcc/arm-none-eabi/13.3.1/thumb/v7e-m+fp/hard/crtn.o
                0x21000000                        _estack = 0x21000000
                0x00002000                        _Min_Heap_Size = 0x2000
                0x00001000                        _Min_Stack_Size = 0x1000

.isr_vector     0x08000000       0x40
                0x08000000                        . = ALIGN (0x4)
 *(.isr_vector)
 .isr_vector    0x08000000       0x40 startup_stm32xx.o
                0x08000000                g_pfnVectors
                0x08000040                        . = ALIGN (0x4)

.text           0x08010000    0x12d2c
                0x08010000                        . = ALIGN (0x4)
 *(.text)
 .text          0x08010000       0x40 /opt/st/stm32cubeide_1.19.0.25.U3-2M-A2/plugins/com.st.stm32cube.ide.mcu.externaltools.gnu-tools-for-stm32.13.3.rel1.linux64_1.0.0.202508111337/tools/bin/../lib/gcc/arm-none-eabi/13.3.1/thumb/v7e-m+fp/hard/crtbegin.o
 *(.text*)
 .text.Reset_Handler
                0x08010040       0x50 startup_stm32xx.o
                0x08010040                Reset_Handler
 .text.Default_Handler
                0x08010090        0x2 startup_stm32xx.o
                0x08010090                DebugMon_Handler
                0x08010090                HardFault_Handler
                0x08010090                SysTick_Handler
                0x08010090                PendSV_Handler
                0x08010090                NMI_Handler
                0x08010090                UsageFault_Handler
                0x08010090                Default_Handler
                0x08010090                MemManage_Handler
                0x08010090                SVC_Handler
                0x08010090                BusFault_Handler
 .text._stai_network_check
                0x08010092       0x4a network.o
 .text.stai_network_init
                0x080100dc       0x2c network.o
                0x080100dc                stai_network_init
 .text.forward_lite_eltwise_4
                0x08010108       0x8c network.o
                0x08010108                forward_lite_eltwise_4
 .text.forward_lite_eltwise_8
                0x08010194       0x98 network.o
                0x08010194                forward_lite_eltwise_8
 .text.forward_lite_eltwise_12
                0x0801022c       0x94 network.o
                0x0801022c                forward_lite_eltwise_12
 .text.forward_lite_pool_13
                0x080102c0       0x74 network.o
                0x080102c0                forward_lite_pool_13
 .text.forward_lite_gemm_18
                0x08010334       0x98 network.o
                0x08010334                forward_lite_gemm_18
 .text.stai_network_run
                0x080103cc      0x8f4 network.o
                0x080103cc                stai_network_run
 .text.stai_network_get_activations
                0x08010cc0       0x50 network.o
                0x08010cc0                stai_network_get_activations
 .text.stai_network_get_inputs
                0x08010d10       0x50 network.o
                0x08010d10                stai_network_get_inputs
 .text.stai_network_get_outputs
                0x08010d60       0x50 network.o
                0x08010d60                stai_network_get_outputs
 .text.stai_network_set_activations
                0x08010db0       0x90 network.o
                0x08010db0                stai_network_set_activations
 .text.aiInit   0x08010e40       0x54 stedgeai_app_main.o
                0x08010e40                aiInit
 .text.aiRun    0x08010e94        0xc stedgeai_app_main.o
                0x08010e94                aiRun
 .text.main_loop
                0x08010ea0        0xc stedgeai_app_main.o
                0x08010ea0                main_loop
 .text.SystemInit
                0x08010eac        0x2 stedgeai_app_main.o
                0x08010eac                SystemInit
 .text.startup.main
                0x08010eae        0x6 stedgeai_app_main.o
                0x08010eae                main
 .text.forward_dense_integer_SSSA_ch
                0x08010eb4      0x190 /home/docker/STM32Cube/Repository/Packs/STMicroelectronics/X-CUBE-AI/3.0.0/Middlewares/ST/AI/Lib/GCC/ARMCortexM4/NetworkRuntime1100_CM4_GCC.a(layers_conv2d_stm32_integer.o)
                0x08010eb4                forward_dense_integer_SSSA_ch
 .text.forward_ap_integer_INT8
                0x08011044      0x1bc /home/docker/STM32Cube/Repository/Packs/STMicroelectronics/X-CUBE-AI/3.0.0/Middlewares/ST/AI/Lib/GCC/ARMCortexM4/NetworkRuntime1100_CM4_GCC.a(layers_pool_stm32_integer.o)
                0x08011044                forward_ap_integer_INT8
 .text.forward_eltwise_integer_INT8
                0x08011200      0x39c /home/docker/STM32Cube/Repository/Packs/STMicroelectronics/X-CUBE-AI/3.0.0/Middlewares/ST/AI/Lib/GCC/ARMCortexM4/NetworkRuntime1100_CM4_GCC.a(layers_stm32_integer.o)
                0x08011200                forward_eltwise_integer_INT8
 .text.forward_lite_node_convert_integer_is8of32
                0x0801159c        0x4 /home/docker/STM32Cube/Repository/Packs/STMicroelectronics/X-CUBE-AI/3.0.0/Middlewares/ST/AI/Lib/GCC/ARMCortexM4/NetworkRuntime1100_CM4_GCC.a(forward_lite_convert.o)
                0x0801159c                forward_lite_node_convert_integer_is8of32
 .text.forward_lite_node_convert_integer_if32os8
                0x080115a0        0x4 /home/docker/STM32Cube/Repository/Packs/STMicroelectronics/X-CUBE-AI/3.0.0/Middlewares/ST/AI/Lib/GCC/ARMCortexM4/NetworkRuntime1100_CM4_GCC.a(forward_lite_convert.o)
                0x080115a0                forward_lite_node_convert_integer_if32os8
 .text.forward_lite_dense_is8os8ws8_ch
                0x080115a4       0x7c /home/docker/STM32Cube/Repository/Packs/STMicroelectronics/X-CUBE-AI/3.0.0/Middlewares/ST/AI/Lib/GCC/ARMCortexM4/NetworkRuntime1100_CM4_GCC.a(forward_lite_dense_is8os8ws8_ch.o)
                0x080115a4                forward_lite_dense_is8os8ws8_ch
 .text.forward_lite_avepool_is8os8
                0x08011620       0x4c /home/docker/STM32Cube/Repository/Packs/STMicroelectronics/X-CUBE-AI/3.0.0/Middlewares/ST/AI/Lib/GCC/ARMCortexM4/NetworkRuntime1100_CM4_GCC.a(forward_lite_avepool_is8os8.o)
                0x08011620                forward_lite_avepool_is8os8
 .text.forward_lite_pw_sssa8_ch
                0x0801166c      0x458 /home/docker/STM32Cube/Repository/Packs/STMicroelectronics/X-CUBE-AI/3.0.0/Middlewares/ST/AI/Lib/GCC/ARMCortexM4/NetworkRuntime1100_CM4_GCC.a(forward_lite_pw_sssa8_ch.o)
                0x0801166c                forward_lite_pw_sssa8_ch
 .text.forward_lite_conv2d_deep_3x3_sssa8_ch
                0x08011ac4      0x144 /home/docker/STM32Cube/Repository/Packs/STMicroelectronics/X-CUBE-AI/3.0.0/Middlewares/ST/AI/Lib/GCC/ARMCortexM4/NetworkRuntime1100_CM4_GCC.a(forward_lite_conv2d_sssa8_ch.o)
                0x08011ac4                forward_lite_conv2d_deep_3x3_sssa8_ch
 .text.forward_lite_conv2d_deep_sssa8_ch
                0x08011c08      0x1d4 /home/docker/STM32Cube/Repository/Packs/STMicroelectronics/X-CUBE-AI/3.0.0/Middlewares/ST/AI/Lib/GCC/ARMCortexM4/NetworkRuntime1100_CM4_GCC.a(forward_lite_conv2d_sssa8_ch.o)
                0x08011c08                forward_lite_conv2d_deep_sssa8_ch
 .text.forward_lite_conv2d_sssa8_ch
                0x08011ddc      0xa54 /home/docker/STM32Cube/Repository/Packs/STMicroelectronics/X-CUBE-AI/3.0.0/Middlewares/ST/AI/Lib/GCC/ARMCortexM4/NetworkRuntime1100_CM4_GCC.a(forward_lite_conv2d_sssa8_ch.o)
                0x08011ddc                forward_lite_conv2d_sssa8_ch
 .text.forward_lite_conv2d_rgb_sssa8_ch
                0x08012830      0x508 /home/docker/STM32Cube/Repository/Packs/STMicroelectronics/X-CUBE-AI/3.0.0/Middlewares/ST/AI/Lib/GCC/ARMCortexM4/NetworkRuntime1100_CM4_GCC.a(forward_lite_conv2d_sssa8_ch.o)
                0x08012830                forward_lite_conv2d_rgb_sssa8_ch
 .text.lite_convert_is8of32
                0x08012d38       0x24 /home/docker/STM32Cube/Repository/Packs/STMicroelectronics/X-CUBE-AI/3.0.0/Middlewares/ST/AI/Lib/GCC/ARMCortexM4/NetworkRuntime1100_CM4_GCC.a(lite_convert_kernel.o)
                0x08012d38                lite_convert_is8of32
 .text.lite_convert_if32os8
                0x08012d5c       0x6c /home/docker/STM32Cube/Repository/Packs/STMicroelectronics/X-CUBE-AI/3.0.0/Middlewares/ST/AI/Lib/GCC/ARMCortexM4/NetworkRuntime1100_CM4_GCC.a(lite_convert_kernel.o)
                0x08012d5c                lite_convert_if32os8
 .text.forward_lite_nl_softmax_is8os8
                0x08012dc8       0x14 /home/docker/STM32Cube/Repository/Packs/STMicroelectronics/X-CUBE-AI/3.0.0/Middlewares/ST/AI/Lib/GCC/ARMCortexM4/NetworkRuntime1100_CM4_GCC.a(lite_nl_generic_integer.o)
                0x08012dc8                forward_lite_nl_softmax_is8os8
 .text.forward_lite_pad_constant
                0x08012ddc      0x138 /home/docker/STM32Cube/Repository/Packs/STMicroelectronics/X-CUBE-AI/3.0.0/Middlewares/ST/AI/Lib/GCC/ARMCortexM4/NetworkRuntime1100_CM4_GCC.a(forward_lite_pad_generic.o)
                0x08012ddc                forward_lite_pad_constant
 .text.align_factor_ch
                0x08012f14       0x60 /home/docker/STM32Cube/Repository/Packs/STMicroelectronics/X-CUBE-AI/3.0.0/Middlewares/ST/AI/Lib/GCC/ARMCortexM4/NetworkRuntime1100_CM4_GCC.a(st_align_factor.o)
                0x08012f14                align_factor_ch
 .text.st_int8_to16_no_shift
                0x08012f74       0xc4 /home/docker/STM32Cube/Repository/Packs/STMicroelectronics/X-CUBE-AI/3.0.0/Middlewares/ST/AI/Lib/GCC/ARMCortexM4/NetworkRuntime1100_CM4_GCC.a(st_int8_to16_no_shift.o)
                0x08012f74                st_int8_to16_no_shift
 .text.st_int8_to16_no_shift_interleaved
                0x08013038       0x84 /home/docker/STM32Cube/Repository/Packs/STMicroelectronics/X-CUBE-AI/3.0.0/Middlewares/ST/AI/Lib/GCC/ARMCortexM4/NetworkRuntime1100_CM4_GCC.a(st_int8_to16_no_shift.o)
                0x08013038                st_int8_to16_no_shift_interleaved
 .text.st_int8_to16_dual
                0x080130bc      0x1d8 /home/docker/STM32Cube/Repository/Packs/STMicroelectronics/X-CUBE-AI/3.0.0/Middlewares/ST/AI/Lib/GCC/ARMCortexM4/NetworkRuntime1100_CM4_GCC.a(st_int8_to16_no_shift.o)
                0x080130bc                st_int8_to16_dual
 .text.st_int8_to16_dual_interleaved
                0x08013294      0x174 /home/docker/STM32Cube/Repository/Packs/STMicroelectronics/X-CUBE-AI/3.0.0/Middlewares/ST/AI/Lib/GCC/ARMCortexM4/NetworkRuntime1100_CM4_GCC.a(st_int8_to16_no_shift.o)
                0x08013294                st_int8_to16_dual_interleaved
 .text.ai_padding_opt_init
                0x08013408       0xb0 /home/docker/STM32Cube/Repository/Packs/STMicroelectronics/X-CUBE-AI/3.0.0/Middlewares/ST/AI/Lib/GCC/ARMCortexM4/NetworkRuntime1100_CM4_GCC.a(st_padding_opt.o)
                0x08013408                ai_padding_opt_init
 .text.ai_padding_opt_phase1
                0x080134b8       0x34 /home/docker/STM32Cube/Repository/Packs/STMicroelectronics/X-CUBE-AI/3.0.0/Middlewares/ST/AI/Lib/GCC/ARMCortexM4/NetworkRuntime1100_CM4_GCC.a(st_padding_opt.o)
                0x080134b8                ai_padding_opt_phase1
 .text.st_int8_avepool
                0x080134ec      0x208 /home/docker/STM32Cube/Repository/Packs/STMicroelectronics/X-CUBE-AI/3.0.0/Middlewares/ST/AI/Lib/GCC/ARMCortexM4/NetworkRuntime1100_CM4_GCC.a(st_int8_pool.o)
                0x080134ec                st_int8_avepool
 .text.st_int16_fill
                0x080136f4       0x40 /home/docker/STM32Cube/Repository/Packs/STMicroelectronics/X-CUBE-AI/3.0.0/Middlewares/ST/AI/Lib/GCC/ARMCortexM4/NetworkRuntime1100_CM4_GCC.a(st_int16_fill.o)
                0x080136f4                st_int16_fill
 .text.st_sssa8_ch_convolve_rank1upd
                0x08013734      0x128 /home/docker/STM32Cube/Repository/Packs/STMicroelectronics/X-CUBE-AI/3.0.0/Middlewares/ST/AI/Lib/GCC/ARMCortexM4/NetworkRuntime1100_CM4_GCC.a(st_sssa8_ch_convolve.o)
                0x08013734                st_sssa8_ch_convolve_rank1upd
 .text.st_sssa8_ch_fully_connected
                0x0801385c      0x514 /home/docker/STM32Cube/Repository/Packs/STMicroelectronics/X-CUBE-AI/3.0.0/Middlewares/ST/AI/Lib/GCC/ARMCortexM4/NetworkRuntime1100_CM4_GCC.a(st_sssa8_ch_dense.o)
                0x0801385c                st_sssa8_ch_fully_connected
 .text.st_int8_copy
                0x08013d70      0x13c /home/docker/STM32Cube/Repository/Packs/STMicroelectronics/X-CUBE-AI/3.0.0/Middlewares/ST/AI/Lib/GCC/ARMCortexM4/NetworkRuntime1100_CM4_GCC.a(st_int8_fill.o)
                0x08013d70                st_int8_copy
 .text.st_int8_fill
                0x08013eac       0x80 /home/docker/STM32Cube/Repository/Packs/STMicroelectronics/X-CUBE-AI/3.0.0/Middlewares/ST/AI/Lib/GCC/ARMCortexM4/NetworkRuntime1100_CM4_GCC.a(st_int8_fill.o)
                0x08013eac                st_int8_fill
 .text.st_int8_reordered_no_shift_zero
                0x08013f2c       0x68 /home/docker/STM32Cube/Repository/Packs/STMicroelectronics/X-CUBE-AI/3.0.0/Middlewares/ST/AI/Lib/GCC/ARMCortexM4/NetworkRuntime1100_CM4_GCC.a(st_int8_reordered_no_shift.o)
                0x08013f2c                st_int8_reordered_no_shift_zero
 .text.st_sssa8_ch_nn_mat_mult_conv2d_nt_t
                0x08013f94      0xc44 /home/docker/STM32Cube/Repository/Packs/STMicroelectronics/X-CUBE-AI/3.0.0/Middlewares/ST/AI/Lib/GCC/ARMCortexM4/NetworkRuntime1100_CM4_GCC.a(st_sssa8_ch_nn_mat_mult_conv2d_nt_t.o)
                0x08013f94                st_sssa8_ch_nn_mat_mult_conv2d_nt_t
 .text.st_sssa8_ch_nn_mat_mult_kernel_single_opt
                0x08014bd8      0x370 /home/docker/STM32Cube/Repository/Packs/STMicroelectronics/X-CUBE-AI/3.0.0/Middlewares/ST/AI/Lib/GCC/ARMCortexM4/NetworkRuntime1100_CM4_GCC.a(st_sssa8_ch_nn_mat_mult_kernel_single_opt.o)
                0x08014bd8                st_sssa8_ch_nn_mat_mult_kernel_single_opt
 .text.st_sssa8_ch_1_output_mgt
                0x08014f48       0x64 /home/docker/STM32Cube/Repository/Packs/STMicroelectronics/X-CUBE-AI/3.0.0/Middlewares/ST/AI/Lib/GCC/ARMCortexM4/NetworkRuntime1100_CM4_GCC.a(st_sssa8_ch_nn_mat_mult_nt_t.o)
                0x08014f48                st_sssa8_ch_1_output_mgt
 .text.st_sssa8_ch_2_output_mgt
                0x08014fac       0xb4 /home/docker/STM32Cube/Repository/Packs/STMicroelectronics/X-CUBE-AI/3.0.0/Middlewares/ST/AI/Lib/GCC/ARMCortexM4/NetworkRuntime1100_CM4_GCC.a(st_sssa8_ch_nn_mat_mult_nt_t.o)
                0x08014fac                st_sssa8_ch_2_output_mgt
 .text.weights_offset_contribution_calc
                0x08015060       0xcc /home/docker/STM32Cube/Repository/Packs/STMicroelectronics/X-CUBE-AI/3.0.0/Middlewares/ST/AI/Lib/GCC/ARMCortexM4/NetworkRuntime1100_CM4_GCC.a(st_sssa8_ch_nn_mat_mult_nt_t.o)
                0x08015060                weights_offset_contribution_calc
 .text.weights_2channels_prefetch
                0x0801512c      0x23c /home/docker/STM32Cube/Repository/Packs/STMicroelectronics/X-CUBE-AI/3.0.0/Middlewares/ST/AI/Lib/GCC/ARMCortexM4/NetworkRuntime1100_CM4_GCC.a(st_sssa8_ch_nn_mat_mult_nt_t.o)
                0x0801512c                weights_2channels_prefetch
 .text.st_sssa8_ch_fullW_prefetch
                0x08015368       0x78 /home/docker/STM32Cube/Repository/Packs/STMicroelectronics/X-CUBE-AI/3.0.0/Middlewares/ST/AI/Lib/GCC/ARMCortexM4/NetworkRuntime1100_CM4_GCC.a(st_sssa8_ch_nn_mat_mult_nt_t.o)
                0x08015368                st_sssa8_ch_fullW_prefetch
 *fill*         0x080153e0     0xac20 
 .text.st_sssa8_ch_nn_mat_mult_deep_conv2d_3x3
                0x08020000      0xb30 /home/docker/STM32Cube/Repository/Packs/STMicroelectronics/X-CUBE-AI/3.0.0/Middlewares/ST/AI/Lib/GCC/ARMCortexM4/NetworkRuntime1100_CM4_GCC.a(st_sssa8_ch_nn_mat_mult_deep_conv2d_3x3.o)
                0x08020000                st_sssa8_ch_nn_mat_mult_deep_conv2d_3x3
 .text.st_sssa8_ch_nn_mat_mult_kernel_opt
                0x08020b30      0x33c /home/docker/STM32Cube/Repository/Packs/STMicroelectronics/X-CUBE-AI/3.0.0/Middlewares/ST/AI/Lib/GCC/ARMCortexM4/NetworkRuntime1100_CM4_GCC.a(st_sssa8_ch_nn_mat_mult_kernel_opt.o)
                0x08020b30                st_sssa8_ch_nn_mat_mult_kernel_opt
 *fill*         0x08020e6c        0x4 
 .text.st_sssa8_ch_nn_mat_mult_pw_nt_t
                0x08020e70      0x760 /home/docker/STM32Cube/Repository/Packs/STMicroelectronics/X-CUBE-AI/3.0.0/Middlewares/ST/AI/Lib/GCC/ARMCortexM4/NetworkRuntime1100_CM4_GCC.a(st_sssa8_ch_nn_mat_mult_pw_nt_t.o)
                0x08020e70                st_sssa8_ch_nn_mat_mult_pw_nt_t
 .text.st_sssa8_ch_nn_mat_mult_pw_nt_t_KWS
                0x080215d0      0x470 /home/docker/STM32Cube/Repository/Packs/STMicroelectronics/X-CUBE-AI/3.0.0/Middlewares/ST/AI/Lib/GCC/ARMCortexM4/NetworkRuntime1100_CM4_GCC.a(st_sssa8_ch_nn_mat_mult_pw_nt_t.o)
                0x080215d0                st_sssa8_ch_nn_mat_mult_pw_nt_t_KWS
 .text.ai_sum_f32
                0x08021a40       0x14 /home/docker/STM32Cube/Repository/Packs/STMicroelectronics/X-CUBE-AI/3.0.0/Middlewares/ST/AI/Lib/GCC/ARMCortexM4/NetworkRuntime1100_CM4_GCC.a(ai_math_helpers.o)
                0x08021a40                ai_sum_f32
 .text.ai_sum_buffer_INT8
                0x08021a54      0x2c4 /home/docker/STM32Cube/Repository/Packs/STMicroelectronics/X-CUBE-AI/3.0.0/Middlewares/ST/AI/Lib/GCC/ARMCortexM4/NetworkRuntime1100_CM4_GCC.a(ai_math_helpers.o)
                0x08021a54                ai_sum_buffer_INT8
 .text.core_get_broadcasted_shape
                0x08021d18       0x54 /home/docker/STM32Cube/Repository/Packs/STMicroelectronics/X-CUBE-AI/3.0.0/Middlewares/ST/AI/Lib/GCC/ARMCortexM4/NetworkRuntime1100_CM4_GCC.a(core_utils.o)
                0x08021d18                core_get_broadcasted_shape
 .text.core_compute_offsets
                0x08021d6c      0x18c /home/docker/STM32Cube/Repository/Packs/STMicroelectronics/X-CUBE-AI/3.0.0/Middlewares/ST/AI/Lib/GCC/ARMCortexM4/NetworkRuntime1100_CM4_GCC.a(core_utils.o)
                0x08021d6c                core_compute_offsets
 .text.ai_math_elementwise_sum_int8
                0x08021ef8      0x1d8 /home/docker/STM32Cube/Repository/Packs/STMicroelectronics/X-CUBE-AI/3.0.0/Middlewares/ST/AI/Lib/GCC/ARMCortexM4/NetworkRuntime1100_CM4_GCC.a(ai_math_elementwise_sum_int8.o)
                0x08021ef8                ai_math_elementwise_sum_int8
 .text._lite_kernel_nl_softmax_is8os8
                0x080220d0      0xbe0 /home/docker/STM32Cube/Repository/Packs/STMicroelectronics/X-CUBE-AI/3.0.0/Middlewares/ST/AI/Lib/GCC/ARMCortexM4/NetworkRuntime1100_CM4_GCC.a(lite_nl_softmax_is8os8.o)
                0x080220d0                _lite_kernel_nl_softmax_is8os8
 .text.__libc_init_array
                0x08022cb0       0x48 /opt/st/stm32cubeide_1.19.0.25.U3-2M-A2/plugins/com.st.stm32cube.ide.mcu.externaltools.gnu-tools-for-stm32.13.3.rel1.linux64_1.0.0.202508111337/tools/bin/../lib/gcc/arm-none-eabi/13.3.1/../../../../arm-none-eabi/lib/thumb/v7e-m+fp/hard/libc_nano.a(libc_a-init.o)
                0x08022cb0                __libc_init_array
 .text.memcpy   0x08022cf8       0x1c /opt/st/stm32cubeide_1.19.0.25.U3-2M-A2/plugins/com.st.stm32cube.ide.mcu.externaltools.gnu-tools-for-stm32.13.3.rel1.linux64_1.0.0.202508111337/tools/bin/../lib/gcc/arm-none-eabi/13.3.1/../../../../arm-none-eabi/lib/thumb/v7e-m+fp/hard/libc_nano.a(libc_a-memcpy-stub.o)
                0x08022cf8                memcpy
 *(.glue_7)
 .glue_7        0x08022d14        0x0 linker stubs
 *(.glue_7t)
 .glue_7t       0x08022d14        0x0 linker stubs
 *(.eh_frame)
 .eh_frame      0x08022d14        0x0 /opt/st/stm32cubeide_1.19.0.25.U3-2M-A2/plugins/com.st.stm32cube.ide.mcu.externaltools.gnu-tools-for-stm32.13.3.rel1.linux64_1.0.0.202508111337/tools/bin/../lib/gcc/arm-none-eabi/13.3.1/thumb/v7e-m+fp/hard/crtbegin.o
 *(.init)
 .init          0x08022d14        0x4 /opt/st/stm32cubeide_1.19.0.25.U3-2M-A2/plugins/com.st.stm32cube.ide.mcu.externaltools.gnu-tools-for-stm32.13.3.rel1.linux64_1.0.0.202508111337/tools/bin/../lib/gcc/arm-none-eabi/13.3.1/thumb/v7e-m+fp/hard/crti.o
                0x08022d14                _init
 .init          0x08022d18        0x8 /opt/st/stm32cubeide_1.19.0.25.U3-2M-A2/plugins/com.st.stm32cube.ide.mcu.externaltools.gnu-tools-for-stm32.13.3.rel1.linux64_1.0.0.202508111337/tools/bin/../lib/gcc/arm-none-eabi/13.3.1/thumb/v7e-m+fp/hard/crtn.o
 *(.fini)
 .fini          0x08022d20        0x4 /opt/st/stm32cubeide_1.19.0.25.U3-2M-A2/plugins/com.st.stm32cube.ide.mcu.externaltools.gnu-tools-for-stm32.13.3.rel1.linux64_1.0.0.202508111337/tools/bin/../lib/gcc/arm-none-eabi/13.3.1/thumb/v7e-m+fp/hard/crti.o
                0x08022d20                _fini
 .fini          0x08022d24        0x8 /opt/st/stm32cubeide_1.19.0.25.U3-2M-A2/plugins/com.st.stm32cube.ide.mcu.externaltools.gnu-tools-for-stm32.13.3.rel1.linux64_1.0.0.202508111337/tools/bin/../lib/gcc/arm-none-eabi/13.3.1/thumb/v7e-m+fp/hard/crtn.o
                0x08022d2c                        . = ALIGN (0x4)
                0x08022d2c                        _etext = .

.vfp11_veneer   0x08022d2c        0x0
 .vfp11_veneer  0x08022d2c        0x0 linker stubs

.v4_bx          0x08022d2c        0x0
 .v4_bx         0x08022d2c        0x0 linker stubs

.iplt           0x08022d2c        0x0
 .iplt          0x08022d2c        0x0 /opt/st/stm32cubeide_1.19.0.25.U3-2M-A2/plugins/com.st.stm32cube.ide.mcu.externaltools.gnu-tools-for-stm32.13.3.rel1.linux64_1.0.0.202508111337/tools/bin/../lib/gcc/arm-none-eabi/13.3.1/thumb/v7e-m+fp/hard/crtbegin.o

.rodata         0x08022d30    0x13a80
                0x08022d30                        . = ALIGN (0x4)
 *(.rodata)
 *(.rodata*)
 .rodata._network_context.0
                0x08022d30       0x80 network.o
 .rodata.conv2d_11_t_weight_0_fmt_scale_const_f32
                0x08022db0      0x100 network.o
 .rodata.conv2d_10_t_weight_0_fmt_scale_const_f32
                0x08022eb0      0x100 network.o
 .rodata.conv2d_10_pad_before_v_pad_constant_value_const_s8
                0x08022fb0        0x1 network.o
 *fill*         0x08022fb1        0x3 
 .rodata.conv2d_9_t_weight_0_fmt_scale_const_f32
                0x08022fb4      0x100 network.o
 .rodata.conv2d_9_pad_before_v_pad_constant_value_const_s8
                0x080230b4        0x1 network.o
 *fill*         0x080230b5        0x3 
 .rodata.conv2d_6_t_weight_0_fmt_scale_const_f32
                0x080230b8       0x80 network.o
 .rodata.conv2d_6_pad_before_v_pad_constant_value_const_s8
                0x08023138        0x1 network.o
 *fill*         0x08023139        0x3 
 .rodata.conv2d_5_t_weight_0_fmt_scale_const_f32
                0x0802313c       0x80 network.o
 .rodata.conv2d_7_t_weight_0_fmt_scale_const_f32
                0x080231bc       0x80 network.o
 .rodata.conv2d_3_t_weight_0_fmt_scale_const_f32
                0x0802323c       0x40 network.o
 .rodata.conv2d_3_pad_before_v_pad_constant_value_const_s8
                0x0802327c        0x1 network.o
 *fill*         0x0802327d        0x3 
 .rodata.conv2d_2_t_weight_0_fmt_scale_const_f32
                0x08023280       0x40 network.o
 .rodata.conv2d_2_pad_before_v_pad_constant_value_const_s8
                0x080232c0        0x1 network.o
 *fill*         0x080232c1        0x3 
 .rodata.conv2d_1_t_weight_0_fmt_scale_const_f32
                0x080232c4       0x40 network.o
 .rodata.gemm_18_chain
                0x08023304        0x8 network.o
 .rodata.pool_13_chain
                0x0802330c        0x8 network.o
 .rodata.eltwise_12_chain
                0x08023314        0x8 network.o
 .rodata.eltwise_8_chain
                0x0802331c        0x8 network.o
 .rodata.eltwise_4_chain
                0x08023324        0x8 network.o
 .rodata.__compound_literal.146
                0x0802332c        0x8 network.o
 .rodata.__compound_literal.145
                0x08023334        0xa network.o
 *fill*         0x0802333e        0x2 
 .rodata.__compound_literal.144
                0x08023340       0x28 network.o
 .rodata.__compound_literal.143
                0x08023368        0x8 network.o
 .rodata.__compound_literal.142
                0x08023370        0x1 network.o
 *fill*         0x08023371        0x3 
 .rodata.__compound_literal.141
                0x08023374        0x4 network.o
 .rodata.__compound_literal.140
                0x08023378        0x8 network.o
 .rodata.__compound_literal.139
                0x08023380        0x1 network.o
 *fill*         0x08023381        0x3 
 .rodata.__compound_literal.138
                0x08023384        0x4 network.o
 .rodata.__compound_literal.137
                0x08023388        0x8 network.o
 .rodata.__compound_literal.136
                0x08023390        0x1 network.o
 *fill*         0x08023391        0x3 
 .rodata.__compound_literal.135
                0x08023394        0x4 network.o
 .rodata.__compound_literal.134
                0x08023398        0x8 network.o
 .rodata.__compound_literal.133
                0x080233a0        0x1 network.o
 *fill*         0x080233a1        0x3 
 .rodata.__compound_literal.132
                0x080233a4        0x4 network.o
 .rodata.__compound_literal.131
                0x080233a8        0x8 network.o
 .rodata.__compound_literal.130
                0x080233b0        0x1 network.o
 *fill*         0x080233b1        0x3 
 .rodata.__compound_literal.129
                0x080233b4        0x4 network.o
 .rodata.__compound_literal.128
                0x080233b8        0x8 network.o
 .rodata.__compound_literal.127
                0x080233c0        0x1 network.o
 *fill*         0x080233c1        0x3 
 .rodata.__compound_literal.126
                0x080233c4        0x4 network.o
 .rodata.__compound_literal.125
                0x080233c8        0x8 network.o
 .rodata.__compound_literal.124
                0x080233d0        0x1 network.o
 *fill*         0x080233d1        0x3 
 .rodata.__compound_literal.123
                0x080233d4        0x4 network.o
 .rodata.__compound_literal.122
                0x080233d8        0x8 network.o
 .rodata.__compound_literal.121
                0x080233e0        0x1 network.o
 *fill*         0x080233e1        0x3 
 .rodata.__compound_literal.120
                0x080233e4        0x4 network.o
 .rodata.__compound_literal.119
                0x080233e8        0x8 network.o
 .rodata.__compound_literal.118
                0x080233f0        0x1 network.o
 *fill*         0x080233f1        0x3 
 .rodata.__compound_literal.117
                0x080233f4        0x4 network.o
 .rodata.__compound_literal.116
                0x080233f8        0x8 network.o
 .rodata.__compound_literal.115
                0x08023400        0x1 network.o
 *fill*         0x08023401        0x3 
 .rodata.__compound_literal.114
                0x08023404        0x4 network.o
 .rodata.__compound_literal.113
                0x08023408        0x8 network.o
 .rodata.__compound_literal.112
                0x08023410        0x1 network.o
 *fill*         0x08023411        0x3 
 .rodata.__compound_literal.111
                0x08023414        0x4 network.o
 .rodata.g_network_gemm_18_bias_array
                0x08023418       0x28 network_data.o
                0x08023418                g_network_gemm_18_bias_array
 .rodata.g_network_gemm_18_weights_array
                0x08023440      0x280 network_data.o
                0x08023440                g_network_gemm_18_weights_array
 .rodata.g_network_conv2d_11_bias_array
                0x080236c0      0x100 network_data.o
                0x080236c0                g_network_conv2d_11_bias_array
 .rodata.g_network_conv2d_11_weights_array
                0x080237c0      0x800 network_data.o
                0x080237c0                g_network_conv2d_11_weights_array
 .rodata.g_network_conv2d_10_bias_array
                0x08023fc0      0x100 network_data.o
                0x08023fc0                g_network_conv2d_10_bias_array
 .rodata.g_network_conv2d_10_weights_array
                0x080240c0     0x9000 network_data.o
                0x080240c0                g_network_conv2d_10_weights_array
 .rodata.g_network_conv2d_9_bias_array
                0x0802d0c0      0x100 network_data.o
                0x0802d0c0                g_network_conv2d_9_bias_array
 .rodata.g_network_conv2d_9_weights_array
                0x0802d1c0     0x4800 network_data.o
                0x0802d1c0                g_network_conv2d_9_weights_array
 .rodata.g_network_conv2d_6_bias_array
                0x080319c0       0x80 network_data.o
                0x080319c0                g_network_conv2d_6_bias_array
 .rodata.g_network_conv2d_6_weights_array
                0x08031a40     0x2400 network_data.o
                0x08031a40                g_network_conv2d_6_weights_array
 .rodata.g_network_conv2d_5_bias_array
                0x08033e40       0x80 network_data.o
                0x08033e40                g_network_conv2d_5_bias_array
 .rodata.g_network_conv2d_5_weights_array
                0x08033ec0     0x1200 network_data.o
                0x08033ec0                g_network_conv2d_5_weights_array
 .rodata.g_network_conv2d_7_bias_array
                0x080350c0       0x80 network_data.o
                0x080350c0                g_network_conv2d_7_bias_array
 .rodata.g_network_conv2d_7_weights_array
                0x08035140      0x200 network_data.o
                0x08035140                g_network_conv2d_7_weights_array
 .rodata.g_network_conv2d_3_bias_array
                0x08035340       0x40 network_data.o
                0x08035340                g_network_conv2d_3_bias_array
 .rodata.g_network_conv2d_3_weights_array
                0x08035380      0x900 network_data.o
                0x08035380                g_network_conv2d_3_weights_array
 .rodata.g_network_conv2d_2_bias_array
                0x08035c80       0x40 network_data.o
                0x08035c80                g_network_conv2d_2_bias_array
 .rodata.g_network_conv2d_2_weights_array
                0x08035cc0      0x900 network_data.o
                0x08035cc0                g_network_conv2d_2_weights_array
 .rodata.g_network_conv2d_1_bias_array
                0x080365c0       0x40 network_data.o
                0x080365c0                g_network_conv2d_1_bias_array
 .rodata.g_network_conv2d_1_weights_array
                0x08036600      0x1b0 network_data.o
                0x08036600                g_network_conv2d_1_weights_array
                0x080367b0                        . = ALIGN (0x4)

.rel.dyn        0x080367b0        0x0
 .rel.iplt      0x080367b0        0x0 /opt/st/stm32cubeide_1.19.0.25.U3-2M-A2/plugins/com.st.stm32cube.ide.mcu.externaltools.gnu-tools-for-stm32.13.3.rel1.linux64_1.0.0.202508111337/tools/bin/../lib/gcc/arm-none-eabi/13.3.1/thumb/v7e-m+fp/hard/crtbegin.o

.ARM.extab      0x080367b0        0x0
                0x080367b0                        . = ALIGN (0x4)
 *(.ARM.extab* .gnu.linkonce.armextab.*)
                0x080367b0                        . = ALIGN (0x4)

.ARM            0x080367b0        0x0
                0x080367b0                        . = ALIGN (0x4)
                0x080367b0                        __exidx_start = .
 *(.ARM.exidx*)
                0x080367b0                        __exidx_end = .
                0x080367b0                        . = ALIGN (0x4)

.preinit_array  0x080367b0        0x0
                0x080367b0                        . = ALIGN (0x4)
                0x080367b0                        PROVIDE (__preinit_array_start = .)
 *(.preinit_array*)
                0x080367b0                        PROVIDE (__preinit_array_end = .)
                0x080367b0                        . = ALIGN (0x4)

.init_array     0x080367b0        0x4
                0x080367b0                        . = ALIGN (0x4)
                0x080367b0                        PROVIDE (__init_array_start = .)
 *(SORT_BY_NAME(.init_array.*))
 *(.init_array*)
 .init_array    0x080367b0        0x4 /opt/st/stm32cubeide_1.19.0.25.U3-2M-A2/plugins/com.st.stm32cube.ide.mcu.externaltools.gnu-tools-for-stm32.13.3.rel1.linux64_1.0.0.202508111337/tools/bin/../lib/gcc/arm-none-eabi/13.3.1/thumb/v7e-m+fp/hard/crtbegin.o
                0x080367b4                        PROVIDE (__init_array_end = .)
                0x080367b4                        . = ALIGN (0x4)

.fini_array     0x080367b4        0x4
                0x080367b4                        . = ALIGN (0x4)
                [!provide]                        PROVIDE (__fini_array_start = .)
 *(SORT_BY_NAME(.fini_array.*))
 *(.fini_array*)
 .fini_array    0x080367b4        0x4 /opt/st/stm32cubeide_1.19.0.25.U3-2M-A2/plugins/com.st.stm32cube.ide.mcu.externaltools.gnu-tools-for-stm32.13.3.rel1.linux64_1.0.0.202508111337/tools/bin/../lib/gcc/arm-none-eabi/13.3.1/thumb/v7e-m+fp/hard/crtbegin.o
                [!provide]                        PROVIDE (__fini_array_end = .)
                0x080367b8                        . = ALIGN (0x4)
                0x080367b8                        _sidata = LOADADDR (.data)

.data           0x20000000      0x678 load address 0x080367b8
                0x20000000                        . = ALIGN (0x4)
                0x20000000                        _sdata = .
 *(.data)
 *(.data*)
 .data.gemm_18_layer
                0x20000000       0x1c network.o
 .data.__compound_literal.200
                0x2000001c       0x30 network.o
 .data.__compound_literal.199
                0x2000004c        0x4 network.o
 .data.__compound_literal.198
                0x20000050        0x8 network.o
 .data.__compound_literal.197
                0x20000058        0x4 network.o
 .data.__compound_literal.196
                0x2000005c        0x4 network.o
 .data.pool_13_layer
                0x20000060       0x38 network.o
 .data.__compound_literal.194
                0x20000098       0x30 network.o
 .data.__compound_literal.191
                0x200000c8        0x4 network.o
 .data.__compound_literal.190
                0x200000cc        0x4 network.o
 .data.eltwise_12_layer
                0x200000d0       0x24 network.o
 .data.__compound_literal.189
                0x200000f4       0x30 network.o
 .data.__compound_literal.186
                0x20000124        0x4 network.o
 .data.__compound_literal.185
                0x20000128        0x8 network.o
 .data.eltwise_8_layer
                0x20000130       0x24 network.o
 .data.__compound_literal.184
                0x20000154       0x30 network.o
 .data.__compound_literal.181
                0x20000184        0x4 network.o
 .data.__compound_literal.180
                0x20000188        0x8 network.o
 .data.eltwise_4_layer
                0x20000190       0x24 network.o
 .data.__compound_literal.179
                0x200001b4       0x30 network.o
 .data.__compound_literal.176
                0x200001e4        0x4 network.o
 .data.__compound_literal.175
                0x200001e8        0x8 network.o
 .data.gemm_18_weights
                0x200001f0       0x1c network.o
 .data.__compound_literal.174
                0x2000020c       0x10 network.o
 .data.__compound_literal.173
                0x2000021c       0x10 network.o
 .data.gemm_18_scratch0
                0x2000022c       0x1c network.o
 .data.__compound_literal.172
                0x20000248       0x10 network.o
 .data.__compound_literal.171
                0x20000258       0x10 network.o
 .data.gemm_18_output
                0x20000268       0x1c network.o
 .data.__compound_literal.170
                0x20000284       0x10 network.o
 .data.__compound_literal.169
                0x20000294       0x10 network.o
 .data.gemm_18_bias
                0x200002a4       0x1c network.o
 .data.__compound_literal.168
                0x200002c0       0x10 network.o
 .data.__compound_literal.167
                0x200002d0       0x10 network.o
 .data.pool_13_output
                0x200002e0       0x1c network.o
 .data.__compound_literal.166
                0x200002fc       0x10 network.o
 .data.__compound_literal.165
                0x2000030c       0x10 network.o
 .data.eltwise_12_output
                0x2000031c       0x1c network.o
 .data.__compound_literal.164
                0x20000338       0x10 network.o
 .data.__compound_literal.163
                0x20000348       0x10 network.o
 .data.conv2d_11_output
                0x20000358       0x1c network.o
 .data.__compound_literal.162
                0x20000374       0x10 network.o
 .data.__compound_literal.161
                0x20000384       0x10 network.o
 .data.conv2d_10_output
                0x20000394       0x1c network.o
 .data.__compound_literal.160
                0x200003b0       0x10 network.o
 .data.__compound_literal.159
                0x200003c0       0x10 network.o
 .data.eltwise_8_output
                0x200003d0       0x1c network.o
 .data.__compound_literal.158
                0x200003ec       0x10 network.o
 .data.__compound_literal.157
                0x200003fc       0x10 network.o
 .data.conv2d_7_output
                0x2000040c       0x1c network.o
 .data.__compound_literal.156
                0x20000428       0x10 network.o
 .data.__compound_literal.155
                0x20000438       0x10 network.o
 .data.conv2d_6_output
                0x20000448       0x1c network.o
 .data.__compound_literal.154
                0x20000464       0x10 network.o
 .data.__compound_literal.153
                0x20000474       0x10 network.o
 .data.eltwise_4_output
                0x20000484       0x1c network.o
 .data.__compound_literal.152
                0x200004a0       0x10 network.o
 .data.__compound_literal.151
                0x200004b0       0x10 network.o
 .data.conv2d_3_output
                0x200004c0       0x1c network.o
 .data.__compound_literal.150
                0x200004dc       0x10 network.o
 .data.__compound_literal.149
                0x200004ec       0x10 network.o
 .data.conv2d_1_output
                0x200004fc       0x1c network.o
 .data.__compound_literal.148
                0x20000518       0x10 network.o
 .data.__compound_literal.147
                0x20000528       0x10 network.o
 .data.gemm_18_scratch0_array
                0x20000538       0x10 network.o
 .data.gemm_18_bias_array
                0x20000548       0x10 network.o
 .data.gemm_18_weights_array
                0x20000558       0x10 network.o
 .data.gemm_18_output_array
                0x20000568       0x10 network.o
 .data.pool_13_output_array
                0x20000578       0x10 network.o
 .data.eltwise_12_output_array
                0x20000588       0x10 network.o
 .data.conv2d_11_output_array
                0x20000598       0x10 network.o
 .data.conv2d_10_output_array
                0x200005a8       0x10 network.o
 .data.eltwise_8_output_array
                0x200005b8       0x10 network.o
 .data.conv2d_6_output_array
                0x200005c8       0x10 network.o
 .data.conv2d_7_output_array
                0x200005d8       0x10 network.o
 .data.eltwise_4_output_array
                0x200005e8       0x10 network.o
 .data.conv2d_3_output_array
                0x200005f8       0x10 network.o
 .data.conv2d_1_output_array
                0x20000608       0x10 network.o
 .data.gemm_18_weights_array_intq
                0x20000618        0x8 network.o
 .data.gemm_18_output_array_intq
                0x20000620        0x8 network.o
 .data.pool_13_output_array_intq
                0x20000628        0x8 network.o
 .data.eltwise_12_output_array_intq
                0x20000630        0x8 network.o
 .data.conv2d_11_output_array_intq
                0x20000638        0x8 network.o
 .data.conv2d_10_output_array_intq
                0x20000640        0x8 network.o
 .data.eltwise_8_output_array_intq
                0x20000648        0x8 network.o
 .data.conv2d_6_output_array_intq
                0x20000650        0x8 network.o
 .data.conv2d_7_output_array_intq
                0x20000658        0x8 network.o
 .data.eltwise_4_output_array_intq
                0x20000660        0x8 network.o
 .data.conv2d_3_output_array_intq
                0x20000668        0x8 network.o
 .data.conv2d_1_output_array_intq
                0x20000670        0x8 network.o
                0x20000678                        . = ALIGN (0x4)
                0x20000678                        _edata = .

.igot.plt       0x20000678        0x0 load address 0x08036e30
 .igot.plt      0x20000678        0x0 /opt/st/stm32cubeide_1.19.0.25.U3-2M-A2/plugins/com.st.stm32cube.ide.mcu.externaltools.gnu-tools-for-stm32.13.3.rel1.linux64_1.0.0.202508111337/tools/bin/../lib/gcc/arm-none-eabi/13.3.1/thumb/v7e-m+fp/hard/crtbegin.o
                0x20000678                        . = ALIGN (0x4)

.bss            0x20000678     0xaa78 load address 0x08036e30
                0x20000678                        _sbss = .
                0x20000678                        __bss_start__ = _sbss
 *(.bss)
 .bss           0x20000678       0x1c /opt/st/stm32cubeide_1.19.0.25.U3-2M-A2/plugins/com.st.stm32cube.ide.mcu.externaltools.gnu-tools-for-stm32.13.3.rel1.linux64_1.0.0.202508111337/tools/bin/../lib/gcc/arm-none-eabi/13.3.1/thumb/v7e-m+fp/hard/crtbegin.o
 *(.bss*)
 .bss.__compound_literal.195
                0x20000694       0x10 network.o
 .bss.__compound_literal.193
                0x200006a4        0x4 network.o
 .bss.__compound_literal.192
                0x200006a8        0x4 network.o
 .bss.__compound_literal.188
                0x200006ac        0x4 network.o
 .bss.__compound_literal.187
                0x200006b0        0x4 network.o
 .bss.__compound_literal.183
                0x200006b4        0x4 network.o
 .bss.__compound_literal.182
                0x200006b8        0x4 network.o
 .bss.__compound_literal.178
                0x200006bc        0x4 network.o
 .bss.__compound_literal.177
                0x200006c0        0x4 network.o
 .bss.m_acts    0x200006c4        0x4 stedgeai_app_main.o
 .bss.m_outputs
                0x200006c8        0x4 stedgeai_app_main.o
 .bss.m_inputs  0x200006cc        0x4 stedgeai_app_main.o
 .bss.activations_1
                0x200006d0     0xa9a0 stedgeai_app_main.o
 .bss.m_network
                0x2000b070       0x80 stedgeai_app_main.o
                0x2000b070                m_network
 *(COMMON)
                0x2000b0f0                        . = ALIGN (0x4)
                0x2000b0f0                        _ebss = .
                0x2000b0f0                        __bss_end__ = _ebss

._user_heap_stack
                0x2000b0f0     0x3000 load address 0x08036e30
                0x2000b0f0                        . = ALIGN (0x8)
                [!provide]                        PROVIDE (end = .)
                0x2000b0f0                        PROVIDE (_end = .)
                0x2000d0f0                        . = (. + _Min_Heap_Size)
 *fill*         0x2000b0f0     0x2000 
                0x2000e0f0                        . = (. + _Min_Stack_Size)
 *fill*         0x2000d0f0     0x1000 
                0x2000e0f0                        . = ALIGN (0x8)

/DISCARD/
 libc.a(*)
 libm.a(*)
 libgcc.a(*)

.ARM.attributes
                0x00000000       0x30
 *(.ARM.attributes)
 .ARM.attributes
                0x00000000       0x22 /opt/st/stm32cubeide_1.19.0.25.U3-2M-A2/plugins/com.st.stm32cube.ide.mcu.externaltools.gnu-tools-for-stm32.13.3.rel1.linux64_1.0.0.202508111337/tools/bin/../lib/gcc/arm-none-eabi/13.3.1/thumb/v7e-m+fp/hard/crti.o
 .ARM.attributes
                0x00000022       0x34 /opt/st/stm32cubeide_1.19.0.25.U3-2M-A2/plugins/com.st.stm32cube.ide.mcu.externaltools.gnu-tools-for-stm32.13.3.rel1.linux64_1.0.0.202508111337/tools/bin/../lib/gcc/arm-none-eabi/13.3.1/thumb/v7e-m+fp/hard/crtbegin.o
 .ARM.attributes
                0x00000056       0x21 startup_stm32xx.o
 .ARM.attributes
                0x00000077       0x34 network.o
 .ARM.attributes
                0x000000ab       0x34 network_data.o
 .ARM.attributes
                0x000000df       0x34 stedgeai_app_main.o
 .ARM.attributes
                0x00000113       0x30 /home/docker/STM32Cube/Repository/Packs/STMicroelectronics/X-CUBE-AI/3.0.0/Middlewares/ST/AI/Lib/GCC/ARMCortexM4/NetworkRuntime1100_CM4_GCC.a(layers_conv2d_stm32_integer.o)
 .ARM.attributes
                0x00000143       0x30 /home/docker/STM32Cube/Repository/Packs/STMicroelectronics/X-CUBE-AI/3.0.0/Middlewares/ST/AI/Lib/GCC/ARMCortexM4/NetworkRuntime1100_CM4_GCC.a(layers_pool_stm32_integer.o)
 .ARM.attributes
                0x00000173       0x30 /home/docker/STM32Cube/Repository/Packs/STMicroelectronics/X-CUBE-AI/3.0.0/Middlewares/ST/AI/Lib/GCC/ARMCortexM4/NetworkRuntime1100_CM4_GCC.a(layers_stm32_integer.o)
 .ARM.attributes
                0x000001a3       0x30 /home/docker/STM32Cube/Repository/Packs/STMicroelectronics/X-CUBE-AI/3.0.0/Middlewares/ST/AI/Lib/GCC/ARMCortexM4/NetworkRuntime1100_CM4_GCC.a(forward_lite_convert.o)
 .ARM.attributes
                0x000001d3       0x30 /home/docker/STM32Cube/Repository/Packs/STMicroelectronics/X-CUBE-AI/3.0.0/Middlewares/ST/AI/Lib/GCC/ARMCortexM4/NetworkRuntime1100_CM4_GCC.a(forward_lite_dense_is8os8ws8_ch.o)
 .ARM.attributes
                0x00000203       0x30 /home/docker/STM32Cube/Repository/Packs/STMicroelectronics/X-CUBE-AI/3.0.0/Middlewares/ST/AI/Lib/GCC/ARMCortexM4/NetworkRuntime1100_CM4_GCC.a(forward_lite_avepool_is8os8.o)
 .ARM.attributes
                0x00000233       0x30 /home/docker/STM32Cube/Repository/Packs/STMicroelectronics/X-CUBE-AI/3.0.0/Middlewares/ST/AI/Lib/GCC/ARMCortexM4/NetworkRuntime1100_CM4_GCC.a(forward_lite_pw_sssa8_ch.o)
 .ARM.attributes
                0x00000263       0x30 /home/docker/STM32Cube/Repository/Packs/STMicroelectronics/X-CUBE-AI/3.0.0/Middlewares/ST/AI/Lib/GCC/ARMCortexM4/NetworkRuntime1100_CM4_GCC.a(forward_lite_conv2d_sssa8_ch.o)
 .ARM.attributes
                0x00000293       0x30 /home/docker/STM32Cube/Repository/Packs/STMicroelectronics/X-CUBE-AI/3.0.0/Middlewares/ST/AI/Lib/GCC/ARMCortexM4/NetworkRuntime1100_CM4_GCC.a(lite_convert_kernel.o)
 .ARM.attributes
                0x000002c3       0x30 /home/docker/STM32Cube/Repository/Packs/STMicroelectronics/X-CUBE-AI/3.0.0/Middlewares/ST/AI/Lib/GCC/ARMCortexM4/NetworkRuntime1100_CM4_GCC.a(lite_nl_generic_integer.o)
 .ARM.attributes
                0x000002f3       0x30 /home/docker/STM32Cube/Repository/Packs/STMicroelectronics/X-CUBE-AI/3.0.0/Middlewares/ST/AI/Lib/GCC/ARMCortexM4/NetworkRuntime1100_CM4_GCC.a(forward_lite_pad_generic.o)
 .ARM.attributes
                0x00000323       0x30 /home/docker/STM32Cube/Repository/Packs/STMicroelectronics/X-CUBE-AI/3.0.0/Middlewares/ST/AI/Lib/GCC/ARMCortexM4/NetworkRuntime1100_CM4_GCC.a(st_align_factor.o)
 .ARM.attributes
                0x00000353       0x30 /home/docker/STM32Cube/Repository/Packs/STMicroelectronics/X-CUBE-AI/3.0.0/Middlewares/ST/AI/Lib/GCC/ARMCortexM4/NetworkRuntime1100_CM4_GCC.a(st_int8_to16_no_shift.o)
 .ARM.attributes
                0x00000383       0x30 /home/docker/STM32Cube/Repository/Packs/STMicroelectronics/X-CUBE-AI/3.0.0/Middlewares/ST/AI/Lib/GCC/ARMCortexM4/NetworkRuntime1100_CM4_GCC.a(st_padding_opt.o)
 .ARM.attributes
                0x000003b3       0x30 /home/docker/STM32Cube/Repository/Packs/STMicroelectronics/X-CUBE-AI/3.0.0/Middlewares/ST/AI/Lib/GCC/ARMCortexM4/NetworkRuntime1100_CM4_GCC.a(st_int8_pool.o)
 .ARM.attributes
                0x000003e3       0x30 /home/docker/STM32Cube/Repository/Packs/STMicroelectronics/X-CUBE-AI/3.0.0/Middlewares/ST/AI/Lib/GCC/ARMCortexM4/NetworkRuntime1100_CM4_GCC.a(st_int16_fill.o)
 .ARM.attributes
                0x00000413       0x30 /home/docker/STM32Cube/Repository/Packs/STMicroelectronics/X-CUBE-AI/3.0.0/Middlewares/ST/AI/Lib/GCC/ARMCortexM4/NetworkRuntime1100_CM4_GCC.a(st_sssa8_ch_convolve.o)
 .ARM.attributes
                0x00000443       0x30 /home/docker/STM32Cube/Repository/Packs/STMicroelectronics/X-CUBE-AI/3.0.0/Middlewares/ST/AI/Lib/GCC/ARMCortexM4/NetworkRuntime1100_CM4_GCC.a(st_sssa8_ch_dense.o)
 .ARM.attributes
                0x00000473       0x30 /home/docker/STM32Cube/Repository/Packs/STMicroelectronics/X-CUBE-AI/3.0.0/Middlewares/ST/AI/Lib/GCC/ARMCortexM4/NetworkRuntime1100_CM4_GCC.a(st_int8_fill.o)
 .ARM.attributes
                0x000004a3       0x30 /home/docker/STM32Cube/Repository/Packs/STMicroelectronics/X-CUBE-AI/3.0.0/Middlewares/ST/AI/Lib/GCC/ARMCortexM4/NetworkRuntime1100_CM4_GCC.a(st_int8_reordered_no_shift.o)
 .ARM.attributes
                0x000004d3       0x30 /home/docker/STM32Cube/Repository/Packs/STMicroelectronics/X-CUBE-AI/3.0.0/Middlewares/ST/AI/Lib/GCC/ARMCortexM4/NetworkRuntime1100_CM4_GCC.a(st_sssa8_ch_nn_mat_mult_conv2d_nt_t.o)
 .ARM.attributes
                0x00000503       0x30 /home/docker/STM32Cube/Repository/Packs/STMicroelectronics/X-CUBE-AI/3.0.0/Middlewares/ST/AI/Lib/GCC/ARMCortexM4/NetworkRuntime1100_CM4_GCC.a(st_sssa8_ch_nn_mat_mult_kernel_single_opt.o)
 .ARM.attributes
                0x00000533       0x30 /home/docker/STM32Cube/Repository/Packs/STMicroelectronics/X-CUBE-AI/3.0.0/Middlewares/ST/AI/Lib/GCC/ARMCortexM4/NetworkRuntime1100_CM4_GCC.a(st_sssa8_ch_nn_mat_mult_nt_t.o)
 .ARM.attributes
                0x00000563       0x1c /home/docker/STM32Cube/Repository/Packs/STMicroelectronics/X-CUBE-AI/3.0.0/Middlewares/ST/AI/Lib/GCC/ARMCortexM4/NetworkRuntime1100_CM4_GCC.a(st_sssa8_ch_nn_mat_mult_deep_conv2d_3x3.o)
 .ARM.attributes
                0x0000057f       0x1c /home/docker/STM32Cube/Repository/Packs/STMicroelectronics/X-CUBE-AI/3.0.0/Middlewares/ST/AI/Lib/GCC/ARMCortexM4/NetworkRuntime1100_CM4_GCC.a(st_sssa8_ch_nn_mat_mult_kernel_opt.o)
 .ARM.attributes
                0x0000059b       0x1c /home/docker/STM32Cube/Repository/Packs/STMicroelectronics/X-CUBE-AI/3.0.0/Middlewares/ST/AI/Lib/GCC/ARMCortexM4/NetworkRuntime1100_CM4_GCC.a(st_sssa8_ch_nn_mat_mult_pw_nt_t.o)
 .ARM.attributes
                0x000005b7       0x30 /home/docker/STM32Cube/Repository/Packs/STMicroelectronics/X-CUBE-AI/3.0.0/Middlewares/ST/AI/Lib/GCC/ARMCortexM4/NetworkRuntime1100_CM4_GCC.a(ai_math_helpers.o)
 .ARM.attributes
                0x000005e7       0x30 /home/docker/STM32Cube/Repository/Packs/STMicroelectronics/X-CUBE-AI/3.0.0/Middlewares/ST/AI/Lib/GCC/ARMCortexM4/NetworkRuntime1100_CM4_GCC.a(core_utils.o)
 .ARM.attributes
                0x00000617       0x30 /home/docker/STM32Cube/Repository/Packs/STMicroelectronics/X-CUBE-AI/3.0.0/Middlewares/ST/AI/Lib/GCC/ARMCortexM4/NetworkRuntime1100_CM4_GCC.a(ai_math_elementwise_sum_int8.o)
 .ARM.attributes
                0x00000647       0x30 /home/docker/STM32Cube/Repository/Packs/STMicroelectronics/X-CUBE-AI/3.0.0/Middlewares/ST/AI/Lib/GCC/ARMCortexM4/NetworkRuntime1100_CM4_GCC.a(lite_nl_softmax_is8os8.o)
 .ARM.attributes
                0x00000677       0x34 /opt/st/stm32cubeide_1.19.0.25.U3-2M-A2/plugins/com.st.stm32cube.ide.mcu.externaltools.gnu-tools-for-stm32.13.3.rel1.linux64_1.0.0.202508111337/tools/bin/../lib/gcc/arm-none-eabi/13.3.1/../../../../arm-none-eabi/lib/thumb/v7e-m+fp/hard/libc_nano.a(libc_a-init.o)
 .ARM.attributes
                0x000006ab       0x34 /opt/st/stm32cubeide_1.19.0.25.U3-2M-A2/plugins/com.st.stm32cube.ide.mcu.externaltools.gnu-tools-for-stm32.13.3.rel1.linux64_1.0.0.202508111337/tools/bin/../lib/gcc/arm-none-eabi/13.3.1/../../../../arm-none-eabi/lib/thumb/v7e-m+fp/hard/libc_nano.a(libc_a-memcpy-stub.o)
 .ARM.attributes
                0x000006df       0x22 /opt/st/stm32cubeide_1.19.0.25.U3-2M-A2/plugins/com.st.stm32cube.ide.mcu.externaltools.gnu-tools-for-stm32.13.3.rel1.linux64_1.0.0.202508111337/tools/bin/../lib/gcc/arm-none-eabi/13.3.1/thumb/v7e-m+fp/hard/crtn.o
OUTPUT(network.elf elf32-littlearm)
LOAD linker stubs
LOAD /opt/st/stm32cubeide_1.19.0.25.U3-2M-A2/plugins/com.st.stm32cube.ide.mcu.externaltools.gnu-tools-for-stm32.13.3.rel1.linux64_1.0.0.202508111337/tools/bin/../lib/gcc/arm-none-eabi/13.3.1/../../../../arm-none-eabi/lib/thumb/v7e-m+fp/hard/libc.a
LOAD /opt/st/stm32cubeide_1.19.0.25.U3-2M-A2/plugins/com.st.stm32cube.ide.mcu.externaltools.gnu-tools-for-stm32.13.3.rel1.linux64_1.0.0.202508111337/tools/bin/../lib/gcc/arm-none-eabi/13.3.1/../../../../arm-none-eabi/lib/thumb/v7e-m+fp/hard/libm.a
LOAD /opt/st/stm32cubeide_1.19.0.25.U3-2M-A2/plugins/com.st.stm32cube.ide.mcu.externaltools.gnu-tools-for-stm32.13.3.rel1.linux64_1.0.0.202508111337/tools/bin/../lib/gcc/arm-none-eabi/13.3.1/thumb/v7e-m+fp/hard/libgcc.a

.debug_line     0x00000000     0x2afa
 .debug_line    0x00000000       0xed startup_stm32xx.o
 .debug_line    0x000000ed     0x1f85 network.o
 .debug_line    0x00002072      0x444 network_data.o
 .debug_line    0x000024b6      0x644 stedgeai_app_main.o

.debug_info     0x00000000     0x536b
 .debug_info    0x00000000       0x32 startup_stm32xx.o
 .debug_info    0x00000032     0x4a35 network.o
 .debug_info    0x00004a67      0x3ff network_data.o
 .debug_info    0x00004e66      0x505 stedgeai_app_main.o

.debug_abbrev   0x00000000      0x66d
 .debug_abbrev  0x00000000       0x24 startup_stm32xx.o
 .debug_abbrev  0x00000024      0x414 network.o
 .debug_abbrev  0x00000438       0x8e network_data.o
 .debug_abbrev  0x000004c6      0x1a7 stedgeai_app_main.o

.debug_aranges  0x00000000      0x148
 .debug_aranges
                0x00000000       0x28 startup_stm32xx.o
 .debug_aranges
                0x00000028       0xc8 network.o
 .debug_aranges
                0x000000f0       0x18 network_data.o
 .debug_aranges
                0x00000108       0x40 stedgeai_app_main.o

.debug_str      0x00000000    0x18862
 .debug_str     0x00000000    0x18862 startup_stm32xx.o
                                0x100 (size before relaxing)
 .debug_str     0x00018862    0x1840d network.o
 .debug_str     0x00018862     0x491b network_data.o
 .debug_str     0x00018862     0x945b stedgeai_app_main.o

.debug_ranges   0x00000000      0x180
 .debug_ranges  0x00000000       0x20 startup_stm32xx.o
 .debug_ranges  0x00000020      0x130 network.o
 .debug_ranges  0x00000150       0x30 stedgeai_app_main.o

.debug_loc      0x00000000     0x1bc3
 .debug_loc     0x00000000     0x1bc3 network.o

.debug_macro    0x00000000     0x2875
 .debug_macro   0x00000000      0x66c network.o
 .debug_macro   0x0000066c       0x8e network.o
 .debug_macro   0x000006fa       0x51 network.o
 .debug_macro   0x0000074b       0x74 network.o
 .debug_macro   0x000007bf       0x3a network.o
 .debug_macro   0x000007f9       0x3c network.o
 .debug_macro   0x00000835      0x4cc network.o
 .debug_macro   0x00000d01       0x46 network.o
 .debug_macro   0x00000d47       0x22 network.o
 .debug_macro   0x00000d69      0x342 network.o
 .debug_macro   0x000010ab       0x16 network.o
 .debug_macro   0x000010c1       0x10 network.o
 .debug_macro   0x000010d1       0x20 network.o
 .debug_macro   0x000010f1       0x22 network.o
 .debug_macro   0x00001113       0x10 network.o
 .debug_macro   0x00001123       0xc0 network.o
 .debug_macro   0x000011e3      0x229 network.o
 .debug_macro   0x0000140c       0x2e network.o
 .debug_macro   0x0000143a       0xcf network.o
 .debug_macro   0x00001509      0x1ed network.o
 .debug_macro   0x000016f6       0x16 network.o
 .debug_macro   0x0000170c       0x2e network.o
 .debug_macro   0x0000173a       0xdc network.o
 .debug_macro   0x00001816       0x4d network.o
 .debug_macro   0x00001863       0x25 network.o
 .debug_macro   0x00001888       0x6d network.o
 .debug_macro   0x000018f5       0x16 network.o
 .debug_macro   0x0000190b       0x7c network.o
 .debug_macro   0x00001987       0x22 network.o
 .debug_macro   0x000019a9       0x10 network.o
 .debug_macro   0x000019b9       0x11 network.o
 .debug_macro   0x000019ca       0x2e network.o
 .debug_macro   0x000019f8       0x2e network.o
 .debug_macro   0x00001a26      0x19b network.o
 .debug_macro   0x00001bc1       0x7c network.o
 .debug_macro   0x00001c3d       0x17 network.o
 .debug_macro   0x00001c54      0x118 network.o
 .debug_macro   0x00001d6c      0x202 network.o
 .debug_macro   0x00001f6e       0x3a network.o
 .debug_macro   0x00001fa8       0x16 network.o
 .debug_macro   0x00001fbe      0x34d network.o
 .debug_macro   0x0000230b       0x16 network.o
 .debug_macro   0x00002321       0x10 network.o
 .debug_macro   0x00002331       0x93 network_data.o
 .debug_macro   0x000023c4       0x28 network_data.o
 .debug_macro   0x000023ec       0xab network_data.o
 .debug_macro   0x00002497      0x1dc stedgeai_app_main.o
 .debug_macro   0x00002673       0x16 stedgeai_app_main.o
 .debug_macro   0x00002689       0x9e stedgeai_app_main.o
 .debug_macro   0x00002727      0x112 stedgeai_app_main.o
 .debug_macro   0x00002839       0x16 stedgeai_app_main.o
 .debug_macro   0x0000284f       0x16 stedgeai_app_main.o
 .debug_macro   0x00002865       0x10 stedgeai_app_main.o

.comment        0x00000000       0x43
 .comment       0x00000000       0x43 network.o
                                 0x44 (size before relaxing)
 .comment       0x00000043       0x44 network_data.o
 .comment       0x00000043       0x44 stedgeai_app_main.o
 .comment       0x00000043       0x44 /home/docker/STM32Cube/Repository/Packs/STMicroelectronics/X-CUBE-AI/3.0.0/Middlewares/ST/AI/Lib/GCC/ARMCortexM4/NetworkRuntime1100_CM4_GCC.a(layers_conv2d_stm32_integer.o)
 .comment       0x00000043       0x44 /home/docker/STM32Cube/Repository/Packs/STMicroelectronics/X-CUBE-AI/3.0.0/Middlewares/ST/AI/Lib/GCC/ARMCortexM4/NetworkRuntime1100_CM4_GCC.a(layers_pool_stm32_integer.o)
 .comment       0x00000043       0x44 /home/docker/STM32Cube/Repository/Packs/STMicroelectronics/X-CUBE-AI/3.0.0/Middlewares/ST/AI/Lib/GCC/ARMCortexM4/NetworkRuntime1100_CM4_GCC.a(layers_stm32_integer.o)
 .comment       0x00000043       0x44 /home/docker/STM32Cube/Repository/Packs/STMicroelectronics/X-CUBE-AI/3.0.0/Middlewares/ST/AI/Lib/GCC/ARMCortexM4/NetworkRuntime1100_CM4_GCC.a(forward_lite_convert.o)
 .comment       0x00000043       0x44 /home/docker/STM32Cube/Repository/Packs/STMicroelectronics/X-CUBE-AI/3.0.0/Middlewares/ST/AI/Lib/GCC/ARMCortexM4/NetworkRuntime1100_CM4_GCC.a(forward_lite_dense_is8os8ws8_ch.o)
 .comment       0x00000043       0x44 /home/docker/STM32Cube/Repository/Packs/STMicroelectronics/X-CUBE-AI/3.0.0/Middlewares/ST/AI/Lib/GCC/ARMCortexM4/NetworkRuntime1100_CM4_GCC.a(forward_lite_avepool_is8os8.o)
 .comment       0x00000043       0x44 /home/docker/STM32Cube/Repository/Packs/STMicroelectronics/X-CUBE-AI/3.0.0/Middlewares/ST/AI/Lib/GCC/ARMCortexM4/NetworkRuntime1100_CM4_GCC.a(forward_lite_pw_sssa8_ch.o)
 .comment       0x00000043       0x44 /home/docker/STM32Cube/Repository/Packs/STMicroelectronics/X-CUBE-AI/3.0.0/Middlewares/ST/AI/Lib/GCC/ARMCortexM4/NetworkRuntime1100_CM4_GCC.a(forward_lite_conv2d_sssa8_ch.o)
 .comment       0x00000043       0x44 /home/docker/STM32Cube/Repository/Packs/STMicroelectronics/X-CUBE-AI/3.0.0/Middlewares/ST/AI/Lib/GCC/ARMCortexM4/NetworkRuntime1100_CM4_GCC.a(lite_convert_kernel.o)
 .comment       0x00000043       0x44 /home/docker/STM32Cube/Repository/Packs/STMicroelectronics/X-CUBE-AI/3.0.0/Middlewares/ST/AI/Lib/GCC/ARMCortexM4/NetworkRuntime1100_CM4_GCC.a(lite_nl_generic_integer.o)
 .comment       0x00000043       0x44 /home/docker/STM32Cube/Repository/Packs/STMicroelectronics/X-CUBE-AI/3.0.0/Middlewares/ST/AI/Lib/GCC/ARMCortexM4/NetworkRuntime1100_CM4_GCC.a(forward_lite_pad_generic.o)
 .comment       0x00000043       0x44 /home/docker/STM32Cube/Repository/Packs/STMicroelectronics/X-CUBE-AI/3.0.0/Middlewares/ST/AI/Lib/GCC/ARMCortexM4/NetworkRuntime1100_CM4_GCC.a(st_align_factor.o)
 .comment       0x00000043       0x44 /home/docker/STM32Cube/Repository/Packs/STMicroelectronics/X-CUBE-AI/3.0.0/Middlewares/ST/AI/Lib/GCC/ARMCortexM4/NetworkRuntime1100_CM4_GCC.a(st_int8_to16_no_shift.o)
 .comment       0x00000043       0x44 /home/docker/STM32Cube/Repository/Packs/STMicroelectronics/X-CUBE-AI/3.0.0/Middlewares/ST/AI/Lib/GCC/ARMCortexM4/NetworkRuntime1100_CM4_GCC.a(st_padding_opt.o)
 .comment       0x00000043       0x44 /home/docker/STM32Cube/Repository/Packs/STMicroelectronics/X-CUBE-AI/3.0.0/Middlewares/ST/AI/Lib/GCC/ARMCortexM4/NetworkRuntime1100_CM4_GCC.a(st_int8_pool.o)
 .comment       0x00000043       0x44 /home/docker/STM32Cube/Repository/Packs/STMicroelectronics/X-CUBE-AI/3.0.0/Middlewares/ST/AI/Lib/GCC/ARMCortexM4/NetworkRuntime1100_CM4_GCC.a(st_int16_fill.o)
 .comment       0x00000043       0x44 /home/docker/STM32Cube/Repository/Packs/STMicroelectronics/X-CUBE-AI/3.0.0/Middlewares/ST/AI/Lib/GCC/ARMCortexM4/NetworkRuntime1100_CM4_GCC.a(st_sssa8_ch_convolve.o)
 .comment       0x00000043       0x44 /home/docker/STM32Cube/Repository/Packs/STMicroelectronics/X-CUBE-AI/3.0.0/Middlewares/ST/AI/Lib/GCC/ARMCortexM4/NetworkRuntime1100_CM4_GCC.a(st_sssa8_ch_dense.o)
 .comment       0x00000043       0x44 /home/docker/STM32Cube/Repository/Packs/STMicroelectronics/X-CUBE-AI/3.0.0/Middlewares/ST/AI/Lib/GCC/ARMCortexM4/NetworkRuntime1100_CM4_GCC.a(st_int8_fill.o)
 .comment       0x00000043       0x44 /home/docker/STM32Cube/Repository/Packs/STMicroelectronics/X-CUBE-AI/3.0.0/Middlewares/ST/AI/Lib/GCC/ARMCortexM4/NetworkRuntime1100_CM4_GCC.a(st_int8_reordered_no_shift.o)
 .comment       0x00000043       0x44 /home/docker/STM32Cube/Repository/Packs/STMicroelectronics/X-CUBE-AI/3.0.0/Middlewares/ST/AI/Lib/GCC/ARMCortexM4/NetworkRuntime1100_CM4_GCC.a(st_sssa8_ch_nn_mat_mult_conv2d_nt_t.o)
 .comment       0x00000043       0x44 /home/docker/STM32Cube/Repository/Packs/STMicroelectronics/X-CUBE-AI/3.0.0/Middlewares/ST/AI/Lib/GCC/ARMCortexM4/NetworkRuntime1100_CM4_GCC.a(st_sssa8_ch_nn_mat_mult_kernel_single_opt.o)
 .comment       0x00000043       0x44 /home/docker/STM32Cube/Repository/Packs/STMicroelectronics/X-CUBE-AI/3.0.0/Middlewares/ST/AI/Lib/GCC/ARMCortexM4/NetworkRuntime1100_CM4_GCC.a(st_sssa8_ch_nn_mat_mult_nt_t.o)
 .comment       0x00000043       0x44 /home/docker/STM32Cube/Repository/Packs/STMicroelectronics/X-CUBE-AI/3.0.0/Middlewares/ST/AI/Lib/GCC/ARMCortexM4/NetworkRuntime1100_CM4_GCC.a(ai_math_helpers.o)
 .comment       0x00000043       0x44 /home/docker/STM32Cube/Repository/Packs/STMicroelectronics/X-CUBE-AI/3.0.0/Middlewares/ST/AI/Lib/GCC/ARMCortexM4/NetworkRuntime1100_CM4_GCC.a(core_utils.o)
 .comment       0x00000043       0x44 /home/docker/STM32Cube/Repository/Packs/STMicroelectronics/X-CUBE-AI/3.0.0/Middlewares/ST/AI/Lib/GCC/ARMCortexM4/NetworkRuntime1100_CM4_GCC.a(ai_math_elementwise_sum_int8.o)
 .comment       0x00000043       0x44 /home/docker/STM32Cube/Repository/Packs/STMicroelectronics/X-CUBE-AI/3.0.0/Middlewares/ST/AI/Lib/GCC/ARMCortexM4/NetworkRuntime1100_CM4_GCC.a(lite_nl_softmax_is8os8.o)

.debug_frame    0x00000000      0x344
 .debug_frame   0x00000000      0x274 network.o
 .debug_frame   0x00000274       0x7c stedgeai_app_main.o
 .debug_frame   0x000002f0       0x2c /opt/st/stm32cubeide_1.19.0.25.U3-2M-A2/plugins/com.st.stm32cube.ide.mcu.externaltools.gnu-tools-for-stm32.13.3.rel1.linux64_1.0.0.202508111337/tools/bin/../lib/gcc/arm-none-eabi/13.3.1/../../../../arm-none-eabi/lib/thumb/v7e-m+fp/hard/libc_nano.a(libc_a-init.o)
 .debug_frame   0x0000031c       0x28 /opt/st/stm32cubeide_1.19.0.25.U3-2M-A2/plugins/com.st.stm32cube.ide.mcu.externaltools.gnu-tools-for-stm32.13.3.rel1.linux64_1.0.0.202508111337/tools/bin/../lib/gcc/arm-none-eabi/13.3.1/../../../../arm-none-eabi/lib/thumb/v7e-m+fp/hard/libc_nano.a(libc_a-memcpy-stub.o)

Cross Reference Table

Symbol                                            File
BusFault_Handler                                  startup_stm32xx.o
DebugMon_Handler                                  startup_stm32xx.o
Default_Handler                                   startup_stm32xx.o
HardFault_Handler                                 startup_stm32xx.o
MemManage_Handler                                 startup_stm32xx.o
NMI_Handler                                       startup_stm32xx.o
PendSV_Handler                                    startup_stm32xx.o
Reset_Handler                                     startup_stm32xx.o
SVC_Handler                                       startup_stm32xx.o
SysTick_Handler                                   startup_stm32xx.o
SystemInit                                        stedgeai_app_main.o
                                                  startup_stm32xx.o
UsageFault_Handler                                startup_stm32xx.o
_Min_Stack_Size                                   sysmem.o
__adddf3                                          /opt/st/stm32cubeide_1.19.0.25.U3-2M-A2/plugins/com.st.stm32cube.ide.mcu.externaltools.gnu-tools-for-stm32.13.3.rel1.linux64_1.0.0.202508111337/tools/bin/../lib/gcc/arm-none-eabi/13.3.1/thumb/v7e-m+fp/hard/libgcc.a(_arm_addsubdf3.o)
__aeabi_cdcmpeq                                   /opt/st/stm32cubeide_1.19.0.25.U3-2M-A2/plugins/com.st.stm32cube.ide.mcu.externaltools.gnu-tools-for-stm32.13.3.rel1.linux64_1.0.0.202508111337/tools/bin/../lib/gcc/arm-none-eabi/13.3.1/thumb/v7e-m+fp/hard/libgcc.a(_arm_cmpdf2.o)
__aeabi_cdcmple                                   /opt/st/stm32cubeide_1.19.0.25.U3-2M-A2/plugins/com.st.stm32cube.ide.mcu.externaltools.gnu-tools-for-stm32.13.3.rel1.linux64_1.0.0.202508111337/tools/bin/../lib/gcc/arm-none-eabi/13.3.1/thumb/v7e-m+fp/hard/libgcc.a(_arm_cmpdf2.o)
__aeabi_cdrcmple                                  /opt/st/stm32cubeide_1.19.0.25.U3-2M-A2/plugins/com.st.stm32cube.ide.mcu.externaltools.gnu-tools-for-stm32.13.3.rel1.linux64_1.0.0.202508111337/tools/bin/../lib/gcc/arm-none-eabi/13.3.1/thumb/v7e-m+fp/hard/libgcc.a(_arm_cmpdf2.o)
__aeabi_d2f                                       /opt/st/stm32cubeide_1.19.0.25.U3-2M-A2/plugins/com.st.stm32cube.ide.mcu.externaltools.gnu-tools-for-stm32.13.3.rel1.linux64_1.0.0.202508111337/tools/bin/../lib/gcc/arm-none-eabi/13.3.1/thumb/v7e-m+fp/hard/libgcc.a(_arm_truncdfsf2.o)
                                                  /opt/st/stm32cubeide_1.19.0.25.U3-2M-A2/plugins/com.st.stm32cube.ide.mcu.externaltools.gnu-tools-for-stm32.13.3.rel1.linux64_1.0.0.202508111337/tools/bin/../lib/gcc/arm-none-eabi/13.3.1/../../../../arm-none-eabi/lib/thumb/v7e-m+fp/hard/libm.a(libm_a-sf_erf.o)
__aeabi_d2uiz                                     /opt/st/stm32cubeide_1.19.0.25.U3-2M-A2/plugins/com.st.stm32cube.ide.mcu.externaltools.gnu-tools-for-stm32.13.3.rel1.linux64_1.0.0.202508111337/tools/bin/../lib/gcc/arm-none-eabi/13.3.1/thumb/v7e-m+fp/hard/libgcc.a(_arm_fixunsdfsi.o)
                                                  /opt/st/stm32cubeide_1.19.0.25.U3-2M-A2/plugins/com.st.stm32cube.ide.mcu.externaltools.gnu-tools-for-stm32.13.3.rel1.linux64_1.0.0.202508111337/tools/bin/../lib/gcc/arm-none-eabi/13.3.1/thumb/v7e-m+fp/hard/libgcc.a(_fixunssfdi.o)
__aeabi_dadd                                      /opt/st/stm32cubeide_1.19.0.25.U3-2M-A2/plugins/com.st.stm32cube.ide.mcu.externaltools.gnu-tools-for-stm32.13.3.rel1.linux64_1.0.0.202508111337/tools/bin/../lib/gcc/arm-none-eabi/13.3.1/thumb/v7e-m+fp/hard/libgcc.a(_arm_addsubdf3.o)
__aeabi_dcmpeq                                    /opt/st/stm32cubeide_1.19.0.25.U3-2M-A2/plugins/com.st.stm32cube.ide.mcu.externaltools.gnu-tools-for-stm32.13.3.rel1.linux64_1.0.0.202508111337/tools/bin/../lib/gcc/arm-none-eabi/13.3.1/thumb/v7e-m+fp/hard/libgcc.a(_arm_cmpdf2.o)
                                                  /opt/st/stm32cubeide_1.19.0.25.U3-2M-A2/plugins/com.st.stm32cube.ide.mcu.externaltools.gnu-tools-for-stm32.13.3.rel1.linux64_1.0.0.202508111337/tools/bin/../lib/gcc/arm-none-eabi/13.3.1/../../../../arm-none-eabi/lib/thumb/v7e-m+fp/hard/libm.a(libm_a-math_err.o)
__aeabi_dcmpge                                    /opt/st/stm32cubeide_1.19.0.25.U3-2M-A2/plugins/com.st.stm32cube.ide.mcu.externaltools.gnu-tools-for-stm32.13.3.rel1.linux64_1.0.0.202508111337/tools/bin/../lib/gcc/arm-none-eabi/13.3.1/thumb/v7e-m+fp/hard/libgcc.a(_arm_cmpdf2.o)
__aeabi_dcmpgt                                    /opt/st/stm32cubeide_1.19.0.25.U3-2M-A2/plugins/com.st.stm32cube.ide.mcu.externaltools.gnu-tools-for-stm32.13.3.rel1.linux64_1.0.0.202508111337/tools/bin/../lib/gcc/arm-none-eabi/13.3.1/thumb/v7e-m+fp/hard/libgcc.a(_arm_cmpdf2.o)
__aeabi_dcmple                                    /opt/st/stm32cubeide_1.19.0.25.U3-2M-A2/plugins/com.st.stm32cube.ide.mcu.externaltools.gnu-tools-for-stm32.13.3.rel1.linux64_1.0.0.202508111337/tools/bin/../lib/gcc/arm-none-eabi/13.3.1/thumb/v7e-m+fp/hard/libgcc.a(_arm_cmpdf2.o)
                                                  /opt/st/stm32cubeide_1.19.0.25.U3-2M-A2/plugins/com.st.stm32cube.ide.mcu.externaltools.gnu-tools-for-stm32.13.3.rel1.linux64_1.0.0.202508111337/tools/bin/../lib/gcc/arm-none-eabi/13.3.1/../../../../arm-none-eabi/lib/thumb/v7e-m+fp/hard/libm.a(libm_a-math_err.o)
__aeabi_dcmplt                                    /opt/st/stm32cubeide_1.19.0.25.U3-2M-A2/plugins/com.st.stm32cube.ide.mcu.externaltools.gnu-tools-for-stm32.13.3.rel1.linux64_1.0.0.202508111337/tools/bin/../lib/gcc/arm-none-eabi/13.3.1/thumb/v7e-m+fp/hard/libgcc.a(_arm_cmpdf2.o)
__aeabi_dcmpun                                    /opt/st/stm32cubeide_1.19.0.25.U3-2M-A2/plugins/com.st.stm32cube.ide.mcu.externaltools.gnu-tools-for-stm32.13.3.rel1.linux64_1.0.0.202508111337/tools/bin/../lib/gcc/arm-none-eabi/13.3.1/thumb/v7e-m+fp/hard/libgcc.a(_arm_unorddf2.o)
                                                  /opt/st/stm32cubeide_1.19.0.25.U3-2M-A2/plugins/com.st.stm32cube.ide.mcu.externaltools.gnu-tools-for-stm32.13.3.rel1.linux64_1.0.0.202508111337/tools/bin/../lib/gcc/arm-none-eabi/13.3.1/../../../../arm-none-eabi/lib/thumb/v7e-m+fp/hard/libm.a(libm_a-math_err.o)
__aeabi_ddiv                                      /opt/st/stm32cubeide_1.19.0.25.U3-2M-A2/plugins/com.st.stm32cube.ide.mcu.externaltools.gnu-tools-for-stm32.13.3.rel1.linux64_1.0.0.202508111337/tools/bin/../lib/gcc/arm-none-eabi/13.3.1/thumb/v7e-m+fp/hard/libgcc.a(_arm_muldivdf3.o)
                                                  /opt/st/stm32cubeide_1.19.0.25.U3-2M-A2/plugins/com.st.stm32cube.ide.mcu.externaltools.gnu-tools-for-stm32.13.3.rel1.linux64_1.0.0.202508111337/tools/bin/../lib/gcc/arm-none-eabi/13.3.1/../../../../arm-none-eabi/lib/thumb/v7e-m+fp/hard/libm.a(libm_a-math_err.o)
__aeabi_dmul                                      /opt/st/stm32cubeide_1.19.0.25.U3-2M-A2/plugins/com.st.stm32cube.ide.mcu.externaltools.gnu-tools-for-stm32.13.3.rel1.linux64_1.0.0.202508111337/tools/bin/../lib/gcc/arm-none-eabi/13.3.1/thumb/v7e-m+fp/hard/libgcc.a(_arm_muldivdf3.o)
                                                  /opt/st/stm32cubeide_1.19.0.25.U3-2M-A2/plugins/com.st.stm32cube.ide.mcu.externaltools.gnu-tools-for-stm32.13.3.rel1.linux64_1.0.0.202508111337/tools/bin/../lib/gcc/arm-none-eabi/13.3.1/thumb/v7e-m+fp/hard/libgcc.a(_arm_muldf3.o)
                                                  /opt/st/stm32cubeide_1.19.0.25.U3-2M-A2/plugins/com.st.stm32cube.ide.mcu.externaltools.gnu-tools-for-stm32.13.3.rel1.linux64_1.0.0.202508111337/tools/bin/../lib/gcc/arm-none-eabi/13.3.1/../../../../arm-none-eabi/lib/thumb/v7e-m+fp/hard/libm.a(libm_a-math_err.o)
                                                  /opt/st/stm32cubeide_1.19.0.25.U3-2M-A2/plugins/com.st.stm32cube.ide.mcu.externaltools.gnu-tools-for-stm32.13.3.rel1.linux64_1.0.0.202508111337/tools/bin/../lib/gcc/arm-none-eabi/13.3.1/thumb/v7e-m+fp/hard/libgcc.a(_fixunssfdi.o)
__aeabi_drsub                                     /opt/st/stm32cubeide_1.19.0.25.U3-2M-A2/plugins/com.st.stm32cube.ide.mcu.externaltools.gnu-tools-for-stm32.13.3.rel1.linux64_1.0.0.202508111337/tools/bin/../lib/gcc/arm-none-eabi/13.3.1/thumb/v7e-m+fp/hard/libgcc.a(_arm_addsubdf3.o)
__aeabi_dsub                                      /opt/st/stm32cubeide_1.19.0.25.U3-2M-A2/plugins/com.st.stm32cube.ide.mcu.externaltools.gnu-tools-for-stm32.13.3.rel1.linux64_1.0.0.202508111337/tools/bin/../lib/gcc/arm-none-eabi/13.3.1/thumb/v7e-m+fp/hard/libgcc.a(_arm_addsubdf3.o)
                                                  /opt/st/stm32cubeide_1.19.0.25.U3-2M-A2/plugins/com.st.stm32cube.ide.mcu.externaltools.gnu-tools-for-stm32.13.3.rel1.linux64_1.0.0.202508111337/tools/bin/../lib/gcc/arm-none-eabi/13.3.1/../../../../arm-none-eabi/lib/thumb/v7e-m+fp/hard/libm.a(libm_a-math_err.o)
                                                  /opt/st/stm32cubeide_1.19.0.25.U3-2M-A2/plugins/com.st.stm32cube.ide.mcu.externaltools.gnu-tools-for-stm32.13.3.rel1.linux64_1.0.0.202508111337/tools/bin/../lib/gcc/arm-none-eabi/13.3.1/thumb/v7e-m+fp/hard/libgcc.a(_fixunssfdi.o)
__aeabi_f2d                                       /opt/st/stm32cubeide_1.19.0.25.U3-2M-A2/plugins/com.st.stm32cube.ide.mcu.externaltools.gnu-tools-for-stm32.13.3.rel1.linux64_1.0.0.202508111337/tools/bin/../lib/gcc/arm-none-eabi/13.3.1/thumb/v7e-m+fp/hard/libgcc.a(_arm_addsubdf3.o)
                                                  /opt/st/stm32cubeide_1.19.0.25.U3-2M-A2/plugins/com.st.stm32cube.ide.mcu.externaltools.gnu-tools-for-stm32.13.3.rel1.linux64_1.0.0.202508111337/tools/bin/../lib/gcc/arm-none-eabi/13.3.1/thumb/v7e-m+fp/hard/libgcc.a(_fixunssfdi.o)
__aeabi_f2lz                                      /opt/st/stm32cubeide_1.19.0.25.U3-2M-A2/plugins/com.st.stm32cube.ide.mcu.externaltools.gnu-tools-for-stm32.13.3.rel1.linux64_1.0.0.202508111337/tools/bin/../lib/gcc/arm-none-eabi/13.3.1/thumb/v7e-m+fp/hard/libgcc.a(_fixsfdi.o)
                                                  /home/docker/STM32Cube/Repository/Packs/STMicroelectronics/X-CUBE-AI/3.0.0/Middlewares/ST/AI/Lib/GCC/ARMCortexM4/NetworkRuntime1100_CM4_GCC.a(st_align_factor.o)
__aeabi_f2ulz                                     /opt/st/stm32cubeide_1.19.0.25.U3-2M-A2/plugins/com.st.stm32cube.ide.mcu.externaltools.gnu-tools-for-stm32.13.3.rel1.linux64_1.0.0.202508111337/tools/bin/../lib/gcc/arm-none-eabi/13.3.1/thumb/v7e-m+fp/hard/libgcc.a(_fixunssfdi.o)
                                                  /opt/st/stm32cubeide_1.19.0.25.U3-2M-A2/plugins/com.st.stm32cube.ide.mcu.externaltools.gnu-tools-for-stm32.13.3.rel1.linux64_1.0.0.202508111337/tools/bin/../lib/gcc/arm-none-eabi/13.3.1/thumb/v7e-m+fp/hard/libgcc.a(_fixsfdi.o)
__aeabi_i2d                                       /opt/st/stm32cubeide_1.19.0.25.U3-2M-A2/plugins/com.st.stm32cube.ide.mcu.externaltools.gnu-tools-for-stm32.13.3.rel1.linux64_1.0.0.202508111337/tools/bin/../lib/gcc/arm-none-eabi/13.3.1/thumb/v7e-m+fp/hard/libgcc.a(_arm_addsubdf3.o)
__aeabi_l2d                                       /opt/st/stm32cubeide_1.19.0.25.U3-2M-A2/plugins/com.st.stm32cube.ide.mcu.externaltools.gnu-tools-for-stm32.13.3.rel1.linux64_1.0.0.202508111337/tools/bin/../lib/gcc/arm-none-eabi/13.3.1/thumb/v7e-m+fp/hard/libgcc.a(_arm_addsubdf3.o)
__aeabi_ui2d                                      /opt/st/stm32cubeide_1.19.0.25.U3-2M-A2/plugins/com.st.stm32cube.ide.mcu.externaltools.gnu-tools-for-stm32.13.3.rel1.linux64_1.0.0.202508111337/tools/bin/../lib/gcc/arm-none-eabi/13.3.1/thumb/v7e-m+fp/hard/libgcc.a(_arm_addsubdf3.o)
                                                  /opt/st/stm32cubeide_1.19.0.25.U3-2M-A2/plugins/com.st.stm32cube.ide.mcu.externaltools.gnu-tools-for-stm32.13.3.rel1.linux64_1.0.0.202508111337/tools/bin/../lib/gcc/arm-none-eabi/13.3.1/thumb/v7e-m+fp/hard/libgcc.a(_fixunssfdi.o)
__aeabi_ul2d                                      /opt/st/stm32cubeide_1.19.0.25.U3-2M-A2/plugins/com.st.stm32cube.ide.mcu.externaltools.gnu-tools-for-stm32.13.3.rel1.linux64_1.0.0.202508111337/tools/bin/../lib/gcc/arm-none-eabi/13.3.1/thumb/v7e-m+fp/hard/libgcc.a(_arm_addsubdf3.o)
__bss_end__                                       /opt/st/stm32cubeide_1.19.0.25.U3-2M-A2/plugins/com.st.stm32cube.ide.mcu.externaltools.gnu-tools-for-stm32.13.3.rel1.linux64_1.0.0.202508111337/tools/bin/../lib/gcc/arm-none-eabi/13.3.1/../../../../arm-none-eabi/lib/thumb/v7e-m+fp/hard/crt0.o
__bss_start__                                     /opt/st/stm32cubeide_1.19.0.25.U3-2M-A2/plugins/com.st.stm32cube.ide.mcu.externaltools.gnu-tools-for-stm32.13.3.rel1.linux64_1.0.0.202508111337/tools/bin/../lib/gcc/arm-none-eabi/13.3.1/../../../../arm-none-eabi/lib/thumb/v7e-m+fp/hard/crt0.o
__call_exitprocs                                  /opt/st/stm32cubeide_1.19.0.25.U3-2M-A2/plugins/com.st.stm32cube.ide.mcu.externaltools.gnu-tools-for-stm32.13.3.rel1.linux64_1.0.0.202508111337/tools/bin/../lib/gcc/arm-none-eabi/13.3.1/../../../../arm-none-eabi/lib/thumb/v7e-m+fp/hard/libc_nano.a(libc_a-exit.o)
__cmpdf2                                          /opt/st/stm32cubeide_1.19.0.25.U3-2M-A2/plugins/com.st.stm32cube.ide.mcu.externaltools.gnu-tools-for-stm32.13.3.rel1.linux64_1.0.0.202508111337/tools/bin/../lib/gcc/arm-none-eabi/13.3.1/thumb/v7e-m+fp/hard/libgcc.a(_arm_cmpdf2.o)
__deregister_frame_info                           /opt/st/stm32cubeide_1.19.0.25.U3-2M-A2/plugins/com.st.stm32cube.ide.mcu.externaltools.gnu-tools-for-stm32.13.3.rel1.linux64_1.0.0.202508111337/tools/bin/../lib/gcc/arm-none-eabi/13.3.1/thumb/v7e-m+fp/hard/crtbegin.o
__divdf3                                          /opt/st/stm32cubeide_1.19.0.25.U3-2M-A2/plugins/com.st.stm32cube.ide.mcu.externaltools.gnu-tools-for-stm32.13.3.rel1.linux64_1.0.0.202508111337/tools/bin/../lib/gcc/arm-none-eabi/13.3.1/thumb/v7e-m+fp/hard/libgcc.a(_arm_muldivdf3.o)
__dso_handle                                      /opt/st/stm32cubeide_1.19.0.25.U3-2M-A2/plugins/com.st.stm32cube.ide.mcu.externaltools.gnu-tools-for-stm32.13.3.rel1.linux64_1.0.0.202508111337/tools/bin/../lib/gcc/arm-none-eabi/13.3.1/thumb/v7e-m+fp/hard/crtbegin.o
__env                                             syscalls.o
__eqdf2                                           /opt/st/stm32cubeide_1.19.0.25.U3-2M-A2/plugins/com.st.stm32cube.ide.mcu.externaltools.gnu-tools-for-stm32.13.3.rel1.linux64_1.0.0.202508111337/tools/bin/../lib/gcc/arm-none-eabi/13.3.1/thumb/v7e-m+fp/hard/libgcc.a(_arm_cmpdf2.o)
__errno                                           /opt/st/stm32cubeide_1.19.0.25.U3-2M-A2/plugins/com.st.stm32cube.ide.mcu.externaltools.gnu-tools-for-stm32.13.3.rel1.linux64_1.0.0.202508111337/tools/bin/../lib/gcc/arm-none-eabi/13.3.1/../../../../arm-none-eabi/lib/thumb/v7e-m+fp/hard/libc_nano.a(libc_a-errno.o)
                                                  /opt/st/stm32cubeide_1.19.0.25.U3-2M-A2/plugins/com.st.stm32cube.ide.mcu.externaltools.gnu-tools-for-stm32.13.3.rel1.linux64_1.0.0.202508111337/tools/bin/../lib/gcc/arm-none-eabi/13.3.1/../../../../arm-none-eabi/lib/thumb/v7e-m+fp/hard/libm.a(libm_a-math_errf.o)
                                                  /opt/st/stm32cubeide_1.19.0.25.U3-2M-A2/plugins/com.st.stm32cube.ide.mcu.externaltools.gnu-tools-for-stm32.13.3.rel1.linux64_1.0.0.202508111337/tools/bin/../lib/gcc/arm-none-eabi/13.3.1/../../../../arm-none-eabi/lib/thumb/v7e-m+fp/hard/libm.a(libm_a-math_err.o)
                                                  /opt/st/stm32cubeide_1.19.0.25.U3-2M-A2/plugins/com.st.stm32cube.ide.mcu.externaltools.gnu-tools-for-stm32.13.3.rel1.linux64_1.0.0.202508111337/tools/bin/../lib/gcc/arm-none-eabi/13.3.1/../../../../arm-none-eabi/lib/thumb/v7e-m+fp/hard/libm.a(libm_a-wf_pow.o)
                                                  /opt/st/stm32cubeide_1.19.0.25.U3-2M-A2/plugins/com.st.stm32cube.ide.mcu.externaltools.gnu-tools-for-stm32.13.3.rel1.linux64_1.0.0.202508111337/tools/bin/../lib/gcc/arm-none-eabi/13.3.1/../../../../arm-none-eabi/lib/thumb/v7e-m+fp/hard/libm.a(libm_a-wf_log.o)
                                                  /opt/st/stm32cubeide_1.19.0.25.U3-2M-A2/plugins/com.st.stm32cube.ide.mcu.externaltools.gnu-tools-for-stm32.13.3.rel1.linux64_1.0.0.202508111337/tools/bin/../lib/gcc/arm-none-eabi/13.3.1/../../../../arm-none-eabi/lib/thumb/v7e-m+fp/hard/libm.a(libm_a-wf_fmod.o)
                                                  /opt/st/stm32cubeide_1.19.0.25.U3-2M-A2/plugins/com.st.stm32cube.ide.mcu.externaltools.gnu-tools-for-stm32.13.3.rel1.linux64_1.0.0.202508111337/tools/bin/../lib/gcc/arm-none-eabi/13.3.1/../../../../arm-none-eabi/lib/thumb/v7e-m+fp/hard/libm.a(libm_a-wf_exp.o)
                                                  /opt/st/stm32cubeide_1.19.0.25.U3-2M-A2/plugins/com.st.stm32cube.ide.mcu.externaltools.gnu-tools-for-stm32.13.3.rel1.linux64_1.0.0.202508111337/tools/bin/../lib/gcc/arm-none-eabi/13.3.1/../../../../arm-none-eabi/lib/thumb/v7e-m+fp/hard/libm.a(libm_a-wf_cosh.o)
                                                  syscalls.o
                                                  sysmem.o
__extendsfdf2                                     /opt/st/stm32cubeide_1.19.0.25.U3-2M-A2/plugins/com.st.stm32cube.ide.mcu.externaltools.gnu-tools-for-stm32.13.3.rel1.linux64_1.0.0.202508111337/tools/bin/../lib/gcc/arm-none-eabi/13.3.1/thumb/v7e-m+fp/hard/libgcc.a(_arm_addsubdf3.o)
__fixsfdi                                         /opt/st/stm32cubeide_1.19.0.25.U3-2M-A2/plugins/com.st.stm32cube.ide.mcu.externaltools.gnu-tools-for-stm32.13.3.rel1.linux64_1.0.0.202508111337/tools/bin/../lib/gcc/arm-none-eabi/13.3.1/thumb/v7e-m+fp/hard/libgcc.a(_fixsfdi.o)
__fixunsdfsi                                      /opt/st/stm32cubeide_1.19.0.25.U3-2M-A2/plugins/com.st.stm32cube.ide.mcu.externaltools.gnu-tools-for-stm32.13.3.rel1.linux64_1.0.0.202508111337/tools/bin/../lib/gcc/arm-none-eabi/13.3.1/thumb/v7e-m+fp/hard/libgcc.a(_arm_fixunsdfsi.o)
__fixunssfdi                                      /opt/st/stm32cubeide_1.19.0.25.U3-2M-A2/plugins/com.st.stm32cube.ide.mcu.externaltools.gnu-tools-for-stm32.13.3.rel1.linux64_1.0.0.202508111337/tools/bin/../lib/gcc/arm-none-eabi/13.3.1/thumb/v7e-m+fp/hard/libgcc.a(_fixunssfdi.o)
__floatdidf                                       /opt/st/stm32cubeide_1.19.0.25.U3-2M-A2/plugins/com.st.stm32cube.ide.mcu.externaltools.gnu-tools-for-stm32.13.3.rel1.linux64_1.0.0.202508111337/tools/bin/../lib/gcc/arm-none-eabi/13.3.1/thumb/v7e-m+fp/hard/libgcc.a(_arm_addsubdf3.o)
__floatsidf                                       /opt/st/stm32cubeide_1.19.0.25.U3-2M-A2/plugins/com.st.stm32cube.ide.mcu.externaltools.gnu-tools-for-stm32.13.3.rel1.linux64_1.0.0.202508111337/tools/bin/../lib/gcc/arm-none-eabi/13.3.1/thumb/v7e-m+fp/hard/libgcc.a(_arm_addsubdf3.o)
__floatundidf                                     /opt/st/stm32cubeide_1.19.0.25.U3-2M-A2/plugins/com.st.stm32cube.ide.mcu.externaltools.gnu-tools-for-stm32.13.3.rel1.linux64_1.0.0.202508111337/tools/bin/../lib/gcc/arm-none-eabi/13.3.1/thumb/v7e-m+fp/hard/libgcc.a(_arm_addsubdf3.o)
__floatunsidf                                     /opt/st/stm32cubeide_1.19.0.25.U3-2M-A2/plugins/com.st.stm32cube.ide.mcu.externaltools.gnu-tools-for-stm32.13.3.rel1.linux64_1.0.0.202508111337/tools/bin/../lib/gcc/arm-none-eabi/13.3.1/thumb/v7e-m+fp/hard/libgcc.a(_arm_addsubdf3.o)
__fp_lock_all                                     /opt/st/stm32cubeide_1.19.0.25.U3-2M-A2/plugins/com.st.stm32cube.ide.mcu.externaltools.gnu-tools-for-stm32.13.3.rel1.linux64_1.0.0.202508111337/tools/bin/../lib/gcc/arm-none-eabi/13.3.1/../../../../arm-none-eabi/lib/thumb/v7e-m+fp/hard/libc_nano.a(libc_a-findfp.o)
__fp_unlock_all                                   /opt/st/stm32cubeide_1.19.0.25.U3-2M-A2/plugins/com.st.stm32cube.ide.mcu.externaltools.gnu-tools-for-stm32.13.3.rel1.linux64_1.0.0.202508111337/tools/bin/../lib/gcc/arm-none-eabi/13.3.1/../../../../arm-none-eabi/lib/thumb/v7e-m+fp/hard/libc_nano.a(libc_a-findfp.o)
__gedf2                                           /opt/st/stm32cubeide_1.19.0.25.U3-2M-A2/plugins/com.st.stm32cube.ide.mcu.externaltools.gnu-tools-for-stm32.13.3.rel1.linux64_1.0.0.202508111337/tools/bin/../lib/gcc/arm-none-eabi/13.3.1/thumb/v7e-m+fp/hard/libgcc.a(_arm_cmpdf2.o)
__gtdf2                                           /opt/st/stm32cubeide_1.19.0.25.U3-2M-A2/plugins/com.st.stm32cube.ide.mcu.externaltools.gnu-tools-for-stm32.13.3.rel1.linux64_1.0.0.202508111337/tools/bin/../lib/gcc/arm-none-eabi/13.3.1/thumb/v7e-m+fp/hard/libgcc.a(_arm_cmpdf2.o)
__ieee754_coshf                                   /opt/st/stm32cubeide_1.19.0.25.U3-2M-A2/plugins/com.st.stm32cube.ide.mcu.externaltools.gnu-tools-for-stm32.13.3.rel1.linux64_1.0.0.202508111337/tools/bin/../lib/gcc/arm-none-eabi/13.3.1/../../../../arm-none-eabi/lib/thumb/v7e-m+fp/hard/libm.a(libm_a-ef_cosh.o)
                                                  /opt/st/stm32cubeide_1.19.0.25.U3-2M-A2/plugins/com.st.stm32cube.ide.mcu.externaltools.gnu-tools-for-stm32.13.3.rel1.linux64_1.0.0.202508111337/tools/bin/../lib/gcc/arm-none-eabi/13.3.1/../../../../arm-none-eabi/lib/thumb/v7e-m+fp/hard/libm.a(libm_a-wf_cosh.o)
__ieee754_expf                                    /opt/st/stm32cubeide_1.19.0.25.U3-2M-A2/plugins/com.st.stm32cube.ide.mcu.externaltools.gnu-tools-for-stm32.13.3.rel1.linux64_1.0.0.202508111337/tools/bin/../lib/gcc/arm-none-eabi/13.3.1/../../../../arm-none-eabi/lib/thumb/v7e-m+fp/hard/libm.a(libm_a-ef_exp.o)
                                                  /opt/st/stm32cubeide_1.19.0.25.U3-2M-A2/plugins/com.st.stm32cube.ide.mcu.externaltools.gnu-tools-for-stm32.13.3.rel1.linux64_1.0.0.202508111337/tools/bin/../lib/gcc/arm-none-eabi/13.3.1/../../../../arm-none-eabi/lib/thumb/v7e-m+fp/hard/libm.a(libm_a-ef_cosh.o)
                                                  /opt/st/stm32cubeide_1.19.0.25.U3-2M-A2/plugins/com.st.stm32cube.ide.mcu.externaltools.gnu-tools-for-stm32.13.3.rel1.linux64_1.0.0.202508111337/tools/bin/../lib/gcc/arm-none-eabi/13.3.1/../../../../arm-none-eabi/lib/thumb/v7e-m+fp/hard/libm.a(libm_a-sf_erf.o)
                                                  /opt/st/stm32cubeide_1.19.0.25.U3-2M-A2/plugins/com.st.stm32cube.ide.mcu.externaltools.gnu-tools-for-stm32.13.3.rel1.linux64_1.0.0.202508111337/tools/bin/../lib/gcc/arm-none-eabi/13.3.1/../../../../arm-none-eabi/lib/thumb/v7e-m+fp/hard/libm.a(libm_a-wf_exp.o)
__ieee754_fmodf                                   /opt/st/stm32cubeide_1.19.0.25.U3-2M-A2/plugins/com.st.stm32cube.ide.mcu.externaltools.gnu-tools-for-stm32.13.3.rel1.linux64_1.0.0.202508111337/tools/bin/../lib/gcc/arm-none-eabi/13.3.1/../../../../arm-none-eabi/lib/thumb/v7e-m+fp/hard/libm.a(libm_a-ef_fmod.o)
                                                  /opt/st/stm32cubeide_1.19.0.25.U3-2M-A2/plugins/com.st.stm32cube.ide.mcu.externaltools.gnu-tools-for-stm32.13.3.rel1.linux64_1.0.0.202508111337/tools/bin/../lib/gcc/arm-none-eabi/13.3.1/../../../../arm-none-eabi/lib/thumb/v7e-m+fp/hard/libm.a(libm_a-wf_fmod.o)
__ieee754_logf                                    /opt/st/stm32cubeide_1.19.0.25.U3-2M-A2/plugins/com.st.stm32cube.ide.mcu.externaltools.gnu-tools-for-stm32.13.3.rel1.linux64_1.0.0.202508111337/tools/bin/../lib/gcc/arm-none-eabi/13.3.1/../../../../arm-none-eabi/lib/thumb/v7e-m+fp/hard/libm.a(libm_a-ef_log.o)
                                                  /opt/st/stm32cubeide_1.19.0.25.U3-2M-A2/plugins/com.st.stm32cube.ide.mcu.externaltools.gnu-tools-for-stm32.13.3.rel1.linux64_1.0.0.202508111337/tools/bin/../lib/gcc/arm-none-eabi/13.3.1/../../../../arm-none-eabi/lib/thumb/v7e-m+fp/hard/libm.a(libm_a-wf_log.o)
__ieee754_powf                                    /opt/st/stm32cubeide_1.19.0.25.U3-2M-A2/plugins/com.st.stm32cube.ide.mcu.externaltools.gnu-tools-for-stm32.13.3.rel1.linux64_1.0.0.202508111337/tools/bin/../lib/gcc/arm-none-eabi/13.3.1/../../../../arm-none-eabi/lib/thumb/v7e-m+fp/hard/libm.a(libm_a-ef_pow.o)
                                                  /opt/st/stm32cubeide_1.19.0.25.U3-2M-A2/plugins/com.st.stm32cube.ide.mcu.externaltools.gnu-tools-for-stm32.13.3.rel1.linux64_1.0.0.202508111337/tools/bin/../lib/gcc/arm-none-eabi/13.3.1/../../../../arm-none-eabi/lib/thumb/v7e-m+fp/hard/libm.a(libm_a-wf_pow.o)
__ieee754_sqrtf                                   /opt/st/stm32cubeide_1.19.0.25.U3-2M-A2/plugins/com.st.stm32cube.ide.mcu.externaltools.gnu-tools-for-stm32.13.3.rel1.linux64_1.0.0.202508111337/tools/bin/../lib/gcc/arm-none-eabi/13.3.1/../../../../arm-none-eabi/lib/thumb/v7e-m+fp/hard/libm.a(libm_a-ef_sqrt.o)
                                                  /opt/st/stm32cubeide_1.19.0.25.U3-2M-A2/plugins/com.st.stm32cube.ide.mcu.externaltools.gnu-tools-for-stm32.13.3.rel1.linux64_1.0.0.202508111337/tools/bin/../lib/gcc/arm-none-eabi/13.3.1/../../../../arm-none-eabi/lib/thumb/v7e-m+fp/hard/libm.a(libm_a-ef_pow.o)
__init_array_end                                  /opt/st/stm32cubeide_1.19.0.25.U3-2M-A2/plugins/com.st.stm32cube.ide.mcu.externaltools.gnu-tools-for-stm32.13.3.rel1.linux64_1.0.0.202508111337/tools/bin/../lib/gcc/arm-none-eabi/13.3.1/../../../../arm-none-eabi/lib/thumb/v7e-m+fp/hard/libc_nano.a(libc_a-init.o)
__init_array_start                                /opt/st/stm32cubeide_1.19.0.25.U3-2M-A2/plugins/com.st.stm32cube.ide.mcu.externaltools.gnu-tools-for-stm32.13.3.rel1.linux64_1.0.0.202508111337/tools/bin/../lib/gcc/arm-none-eabi/13.3.1/../../../../arm-none-eabi/lib/thumb/v7e-m+fp/hard/libc_nano.a(libc_a-init.o)
__io_getchar                                      syscalls.o
__io_putchar                                      syscalls.o
__ledf2                                           /opt/st/stm32cubeide_1.19.0.25.U3-2M-A2/plugins/com.st.stm32cube.ide.mcu.externaltools.gnu-tools-for-stm32.13.3.rel1.linux64_1.0.0.202508111337/tools/bin/../lib/gcc/arm-none-eabi/13.3.1/thumb/v7e-m+fp/hard/libgcc.a(_arm_cmpdf2.o)
__libc_fini_array                                 /opt/st/stm32cubeide_1.19.0.25.U3-2M-A2/plugins/com.st.stm32cube.ide.mcu.externaltools.gnu-tools-for-stm32.13.3.rel1.linux64_1.0.0.202508111337/tools/bin/../lib/gcc/arm-none-eabi/13.3.1/../../../../arm-none-eabi/lib/thumb/v7e-m+fp/hard/crt0.o
__libc_init_array                                 /opt/st/stm32cubeide_1.19.0.25.U3-2M-A2/plugins/com.st.stm32cube.ide.mcu.externaltools.gnu-tools-for-stm32.13.3.rel1.linux64_1.0.0.202508111337/tools/bin/../lib/gcc/arm-none-eabi/13.3.1/../../../../arm-none-eabi/lib/thumb/v7e-m+fp/hard/libc_nano.a(libc_a-init.o)
                                                  startup_stm32xx.o
                                                  /opt/st/stm32cubeide_1.19.0.25.U3-2M-A2/plugins/com.st.stm32cube.ide.mcu.externaltools.gnu-tools-for-stm32.13.3.rel1.linux64_1.0.0.202508111337/tools/bin/../lib/gcc/arm-none-eabi/13.3.1/../../../../arm-none-eabi/lib/thumb/v7e-m+fp/hard/crt0.o
__lock___arc4random_mutex                         /opt/st/stm32cubeide_1.19.0.25.U3-2M-A2/plugins/com.st.stm32cube.ide.mcu.externaltools.gnu-tools-for-stm32.13.3.rel1.linux64_1.0.0.202508111337/tools/bin/../lib/gcc/arm-none-eabi/13.3.1/../../../../arm-none-eabi/lib/thumb/v7e-m+fp/hard/libc_nano.a(libc_a-lock.o)
__lock___at_quick_exit_mutex                      /opt/st/stm32cubeide_1.19.0.25.U3-2M-A2/plugins/com.st.stm32cube.ide.mcu.externaltools.gnu-tools-for-stm32.13.3.rel1.linux64_1.0.0.202508111337/tools/bin/../lib/gcc/arm-none-eabi/13.3.1/../../../../arm-none-eabi/lib/thumb/v7e-m+fp/hard/libc_nano.a(libc_a-lock.o)
__lock___atexit_recursive_mutex                   /opt/st/stm32cubeide_1.19.0.25.U3-2M-A2/plugins/com.st.stm32cube.ide.mcu.externaltools.gnu-tools-for-stm32.13.3.rel1.linux64_1.0.0.202508111337/tools/bin/../lib/gcc/arm-none-eabi/13.3.1/../../../../arm-none-eabi/lib/thumb/v7e-m+fp/hard/libc_nano.a(libc_a-lock.o)
__lock___dd_hash_mutex                            /opt/st/stm32cubeide_1.19.0.25.U3-2M-A2/plugins/com.st.stm32cube.ide.mcu.externaltools.gnu-tools-for-stm32.13.3.rel1.linux64_1.0.0.202508111337/tools/bin/../lib/gcc/arm-none-eabi/13.3.1/../../../../arm-none-eabi/lib/thumb/v7e-m+fp/hard/libc_nano.a(libc_a-lock.o)
__lock___env_recursive_mutex                      /opt/st/stm32cubeide_1.19.0.25.U3-2M-A2/plugins/com.st.stm32cube.ide.mcu.externaltools.gnu-tools-for-stm32.13.3.rel1.linux64_1.0.0.202508111337/tools/bin/../lib/gcc/arm-none-eabi/13.3.1/../../../../arm-none-eabi/lib/thumb/v7e-m+fp/hard/libc_nano.a(libc_a-lock.o)
__lock___malloc_recursive_mutex                   /opt/st/stm32cubeide_1.19.0.25.U3-2M-A2/plugins/com.st.stm32cube.ide.mcu.externaltools.gnu-tools-for-stm32.13.3.rel1.linux64_1.0.0.202508111337/tools/bin/../lib/gcc/arm-none-eabi/13.3.1/../../../../arm-none-eabi/lib/thumb/v7e-m+fp/hard/libc_nano.a(libc_a-lock.o)